Archive member included to satisfy reference by file (symbol)

D:/App_Windows/STM32Cube/Base_File/STM32CubeIDE_1.17.0/STM32CubeIDE/plugins/com.st.stm32cube.ide.mcu.externaltools.gnu-tools-for-stm32.12.3.rel1.win32_1.1.0.202410251130/tools/bin/../lib/gcc/arm-none-eabi/12.3.1/../../../../arm-none-eabi/lib/thumb/v7e-m+dp/hard\libc_nano.a(libc_a-exit.o)
                              D:/App_Windows/STM32Cube/Base_File/STM32CubeIDE_1.17.0/STM32CubeIDE/plugins/com.st.stm32cube.ide.mcu.externaltools.gnu-tools-for-stm32.12.3.rel1.win32_1.1.0.202410251130/tools/bin/../lib/gcc/arm-none-eabi/12.3.1/../../../../arm-none-eabi/lib/thumb/v7e-m+dp/hard/crt0.o (exit)
D:/App_Windows/STM32Cube/Base_File/STM32CubeIDE_1.17.0/STM32CubeIDE/plugins/com.st.stm32cube.ide.mcu.externaltools.gnu-tools-for-stm32.12.3.rel1.win32_1.1.0.202410251130/tools/bin/../lib/gcc/arm-none-eabi/12.3.1/../../../../arm-none-eabi/lib/thumb/v7e-m+dp/hard\libc_nano.a(libc_a-malloc.o)
                              ./Core/ThreadSafe/newlib_lock_glue.o (malloc)
D:/App_Windows/STM32Cube/Base_File/STM32CubeIDE_1.17.0/STM32CubeIDE/plugins/com.st.stm32cube.ide.mcu.externaltools.gnu-tools-for-stm32.12.3.rel1.win32_1.1.0.202410251130/tools/bin/../lib/gcc/arm-none-eabi/12.3.1/../../../../arm-none-eabi/lib/thumb/v7e-m+dp/hard\libc_nano.a(libc_a-mallocr.o)
                              D:/App_Windows/STM32Cube/Base_File/STM32CubeIDE_1.17.0/STM32CubeIDE/plugins/com.st.stm32cube.ide.mcu.externaltools.gnu-tools-for-stm32.12.3.rel1.win32_1.1.0.202410251130/tools/bin/../lib/gcc/arm-none-eabi/12.3.1/../../../../arm-none-eabi/lib/thumb/v7e-m+dp/hard\libc_nano.a(libc_a-malloc.o) (_malloc_r)
D:/App_Windows/STM32Cube/Base_File/STM32CubeIDE_1.17.0/STM32CubeIDE/plugins/com.st.stm32cube.ide.mcu.externaltools.gnu-tools-for-stm32.12.3.rel1.win32_1.1.0.202410251130/tools/bin/../lib/gcc/arm-none-eabi/12.3.1/../../../../arm-none-eabi/lib/thumb/v7e-m+dp/hard\libc_nano.a(libc_a-mlock.o)
                              D:/App_Windows/STM32Cube/Base_File/STM32CubeIDE_1.17.0/STM32CubeIDE/plugins/com.st.stm32cube.ide.mcu.externaltools.gnu-tools-for-stm32.12.3.rel1.win32_1.1.0.202410251130/tools/bin/../lib/gcc/arm-none-eabi/12.3.1/../../../../arm-none-eabi/lib/thumb/v7e-m+dp/hard\libc_nano.a(libc_a-mallocr.o) (__malloc_lock)
D:/App_Windows/STM32Cube/Base_File/STM32CubeIDE_1.17.0/STM32CubeIDE/plugins/com.st.stm32cube.ide.mcu.externaltools.gnu-tools-for-stm32.12.3.rel1.win32_1.1.0.202410251130/tools/bin/../lib/gcc/arm-none-eabi/12.3.1/../../../../arm-none-eabi/lib/thumb/v7e-m+dp/hard\libc_nano.a(libc_a-findfp.o)
                              ./Middlewares/Third_Party/FreeRTOS/Source/tasks.o (__sf)
D:/App_Windows/STM32Cube/Base_File/STM32CubeIDE_1.17.0/STM32CubeIDE/plugins/com.st.stm32cube.ide.mcu.externaltools.gnu-tools-for-stm32.12.3.rel1.win32_1.1.0.202410251130/tools/bin/../lib/gcc/arm-none-eabi/12.3.1/../../../../arm-none-eabi/lib/thumb/v7e-m+dp/hard\libc_nano.a(libc_a-fwalk.o)
                              D:/App_Windows/STM32Cube/Base_File/STM32CubeIDE_1.17.0/STM32CubeIDE/plugins/com.st.stm32cube.ide.mcu.externaltools.gnu-tools-for-stm32.12.3.rel1.win32_1.1.0.202410251130/tools/bin/../lib/gcc/arm-none-eabi/12.3.1/../../../../arm-none-eabi/lib/thumb/v7e-m+dp/hard\libc_nano.a(libc_a-findfp.o) (_fwalk_sglue)
D:/App_Windows/STM32Cube/Base_File/STM32CubeIDE_1.17.0/STM32CubeIDE/plugins/com.st.stm32cube.ide.mcu.externaltools.gnu-tools-for-stm32.12.3.rel1.win32_1.1.0.202410251130/tools/bin/../lib/gcc/arm-none-eabi/12.3.1/../../../../arm-none-eabi/lib/thumb/v7e-m+dp/hard\libc_nano.a(libc_a-stdio.o)
                              D:/App_Windows/STM32Cube/Base_File/STM32CubeIDE_1.17.0/STM32CubeIDE/plugins/com.st.stm32cube.ide.mcu.externaltools.gnu-tools-for-stm32.12.3.rel1.win32_1.1.0.202410251130/tools/bin/../lib/gcc/arm-none-eabi/12.3.1/../../../../arm-none-eabi/lib/thumb/v7e-m+dp/hard\libc_nano.a(libc_a-findfp.o) (__sread)
D:/App_Windows/STM32Cube/Base_File/STM32CubeIDE_1.17.0/STM32CubeIDE/plugins/com.st.stm32cube.ide.mcu.externaltools.gnu-tools-for-stm32.12.3.rel1.win32_1.1.0.202410251130/tools/bin/../lib/gcc/arm-none-eabi/12.3.1/../../../../arm-none-eabi/lib/thumb/v7e-m+dp/hard\libc_nano.a(libc_a-memset.o)
                              D:/App_Windows/STM32Cube/Base_File/STM32CubeIDE_1.17.0/STM32CubeIDE/plugins/com.st.stm32cube.ide.mcu.externaltools.gnu-tools-for-stm32.12.3.rel1.win32_1.1.0.202410251130/tools/bin/../lib/gcc/arm-none-eabi/12.3.1/../../../../arm-none-eabi/lib/thumb/v7e-m+dp/hard/crt0.o (memset)
D:/App_Windows/STM32Cube/Base_File/STM32CubeIDE_1.17.0/STM32CubeIDE/plugins/com.st.stm32cube.ide.mcu.externaltools.gnu-tools-for-stm32.12.3.rel1.win32_1.1.0.202410251130/tools/bin/../lib/gcc/arm-none-eabi/12.3.1/../../../../arm-none-eabi/lib/thumb/v7e-m+dp/hard\libc_nano.a(libc_a-closer.o)
[...]
Memory Configuration

Name             Origin             Length             Attributes
ITCMRAM          0x00000000         0x00010000         xrw
DTCMRAM          0x20000000         0x00020000         xrw
FLASH            0x08000000         0x00100000         xr
RAM_D1           0x24000000         0x00050000         xrw
RAM_D2           0x30000000         0x00008000         xrw
RAM_D3           0x38000000         0x00004000         xrw
*default*        0x00000000         0xffffffff

Linker script and memory map

LOAD D:/App_Windows/STM32Cube/Base_File/STM32CubeIDE_1.17.0/STM32CubeIDE/plugins/com.st.stm32cube.ide.mcu.externaltools.gnu-tools-for-stm32.12.3.rel1.win32_1.1.0.202410251130/tools/bin/../lib/gcc/arm-none-eabi/12.3.1/thumb/v7e-m+dp/hard/crti.o
LOAD D:/App_Windows/STM32Cube/Base_File/STM32CubeIDE_1.17.0/STM32CubeIDE/plugins/com.st.stm32cube.ide.mcu.externaltools.gnu-tools-for-stm32.12.3.rel1.win32_1.1.0.202410251130/tools/bin/../lib/gcc/arm-none-eabi/12.3.1/thumb/v7e-m+dp/hard/crtbegin.o
LOAD D:/App_Windows/STM32Cube/Base_File/STM32CubeIDE_1.17.0/STM32CubeIDE/plugins/com.st.stm32cube.ide.mcu.externaltools.gnu-tools-for-stm32.12.3.rel1.win32_1.1.0.202410251130/tools/bin/../lib/gcc/arm-none-eabi/12.3.1/../../../../arm-none-eabi/lib/thumb/v7e-m+dp/hard/crt0.o
LOAD ./Core/Src/freertos.o
LOAD ./Core/Src/gpio.o
LOAD ./Core/Src/main.o
LOAD ./Core/Src/memorymap.o
LOAD ./Core/Src/stm32h7xx_hal_msp.o
LOAD ./Core/Src/stm32h7xx_hal_timebase_tim.o
LOAD ./Core/Src/stm32h7xx_it.o
LOAD ./Core/Src/syscalls.o
LOAD ./Core/Src/sysmem.o
LOAD ./Core/Src/system_stm32h7xx.o
LOAD ./Core/Src/usart.o
LOAD ./Core/Startup/startup_stm32h723zgtx.o
LOAD ./Core/ThreadSafe/newlib_lock_glue.o
LOAD ./Drivers/STM32H7xx_HAL_Driver/Src/stm32h7xx_hal.o
LOAD ./Drivers/STM32H7xx_HAL_Driver/Src/stm32h7xx_hal_cortex.o
LOAD ./Drivers/STM32H7xx_HAL_Driver/Src/stm32h7xx_hal_dma.o
LOAD ./Drivers/STM32H7xx_HAL_Driver/Src/stm32h7xx_hal_dma_ex.o
LOAD ./Drivers/STM32H7xx_HAL_Driver/Src/stm32h7xx_hal_exti.o
LOAD ./Drivers/STM32H7xx_HAL_Driver/Src/stm32h7xx_hal_flash.o
LOAD ./Drivers/STM32H7xx_HAL_Driver/Src/stm32h7xx_hal_flash_ex.o
LOAD ./Drivers/STM32H7xx_HAL_Driver/Src/stm32h7xx_hal_gpio.o
LOAD ./Drivers/STM32H7xx_HAL_Driver/Src/stm32h7xx_hal_hsem.o
LOAD ./Drivers/STM32H7xx_HAL_Driver/Src/stm32h7xx_hal_i2c.o
LOAD ./Drivers/STM32H7xx_HAL_Driver/Src/stm32h7xx_hal_i2c_ex.o
LOAD ./Drivers/STM32H7xx_HAL_Driver/Src/stm32h7xx_hal_mdma.o
LOAD ./Drivers/STM32H7xx_HAL_Driver/Src/stm32h7xx_hal_pwr.o
LOAD ./Drivers/STM32H7xx_HAL_Driver/Src/stm32h7xx_hal_pwr_ex.o
LOAD ./Drivers/STM32H7xx_HAL_Driver/Src/stm32h7xx_hal_rcc.o
LOAD ./Drivers/STM32H7xx_HAL_Driver/Src/stm32h7xx_hal_rcc_ex.o
LOAD ./Drivers/STM32H7xx_HAL_Driver/Src/stm32h7xx_hal_tim.o
LOAD ./Drivers/STM32H7xx_HAL_Driver/Src/stm32h7xx_hal_tim_ex.o
LOAD ./Drivers/STM32H7xx_HAL_Driver/Src/stm32h7xx_hal_uart.o
LOAD ./Drivers/STM32H7xx_HAL_Driver/Src/stm32h7xx_hal_uart_ex.o
LOAD ./Middlewares/Third_Party/FreeRTOS/Source/CMSIS_RTOS_V2/cmsis_os2.o
LOAD ./Middlewares/Third_Party/FreeRTOS/Source/croutine.o
LOAD ./Middlewares/Third_Party/FreeRTOS/Source/event_groups.o
LOAD ./Middlewares/Third_Party/FreeRTOS/Source/list.o
LOAD ./Middlewares/Third_Party/FreeRTOS/Source/queue.o
LOAD ./Middlewares/Third_Party/FreeRTOS/Source/stream_buffer.o
LOAD ./Middlewares/Third_Party/FreeRTOS/Source/tasks.o
LOAD ./Middlewares/Third_Party/FreeRTOS/Source/timers.o
LOAD ./Middlewares/Third_Party/FreeRTOS/Source/portable/GCC/ARM_CM4F/port.o
LOAD ./Middlewares/Third_Party/FreeRTOS/Source/portable/MemMang/heap_4.o
START GROUP
LOAD D:/App_Windows/STM32Cube/Base_File/STM32CubeIDE_1.17.0/STM32CubeIDE/plugins/com.st.stm32cube.ide.mcu.externaltools.gnu-tools-for-stm32.12.3.rel1.win32_1.1.0.202410251130/tools/bin/../lib/gcc/arm-none-eabi/12.3.1/../../../../arm-none-eabi/lib/thumb/v7e-m+dp/hard\libstdc++_nano.a
LOAD D:/App_Windows/STM32Cube/Base_File/STM32CubeIDE_1.17.0/STM32CubeIDE/plugins/com.st.stm32cube.ide.mcu.externaltools.gnu-tools-for-stm32.12.3.rel1.win32_1.1.0.202410251130/tools/bin/../lib/gcc/arm-none-eabi/12.3.1/../../../../arm-none-eabi/lib/thumb/v7e-m+dp/hard\libsupc++_nano.a
END GROUP
LOAD D:/App_Windows/STM32Cube/Base_File/STM32CubeIDE_1.17.0/STM32CubeIDE/plugins/com.st.stm32cube.ide.mcu.externaltools.gnu-tools-for-stm32.12.3.rel1.win32_1.1.0.202410251130/tools/bin/../lib/gcc/arm-none-eabi/12.3.1/../../../../arm-none-eabi/lib/thumb/v7e-m+dp/hard\libstdc++_nano.a
LOAD D:/App_Windows/STM32Cube/Base_File/STM32CubeIDE_1.17.0/STM32CubeIDE/plugins/com.st.stm32cube.ide.mcu.externaltools.gnu-tools-for-stm32.12.3.rel1.win32_1.1.0.202410251130/tools/bin/../lib/gcc/arm-none-eabi/12.3.1/../../../../arm-none-eabi/lib/thumb/v7e-m+dp/hard\libm.a
LOAD D:/App_Windows/STM32Cube/Base_File/STM32CubeIDE_1.17.0/STM32CubeIDE/plugins/com.st.stm32cube.ide.mcu.externaltools.gnu-tools-for-stm32.12.3.rel1.win32_1.1.0.202410251130/tools/bin/../lib/gcc/arm-none-eabi/12.3.1/../../../../arm-none-eabi/lib/thumb/v7e-m+dp/hard\libc_nano.a
START GROUP
LOAD D:/App_Windows/STM32Cube/Base_File/STM32CubeIDE_1.17.0/STM32CubeIDE/plugins/com.st.stm32cube.ide.mcu.externaltools.gnu-tools-for-stm32.12.3.rel1.win32_1.1.0.202410251130/tools/bin/../lib/gcc/arm-none-eabi/12.3.1/thumb/v7e-m+dp/hard\libgcc.a
LOAD D:/App_Windows/STM32Cube/Base_File/STM32CubeIDE_1.17.0/STM32CubeIDE/plugins/com.st.stm32cube.ide.mcu.externaltools.gnu-tools-for-stm32.12.3.rel1.win32_1.1.0.202410251130/tools/bin/../lib/gcc/arm-none-eabi/12.3.1/../../../../arm-none-eabi/lib/thumb/v7e-m+dp/hard\libc_nano.a
END GROUP
START GROUP
LOAD D:/App_Windows/STM32Cube/Base_File/STM32CubeIDE_1.17.0/STM32CubeIDE/plugins/com.st.stm32cube.ide.mcu.externaltools.gnu-tools-for-stm32.12.3.rel1.win32_1.1.0.202410251130/tools/bin/../lib/gcc/arm-none-eabi/12.3.1/thumb/v7e-m+dp/hard\libgcc.a
LOAD D:/App_Windows/STM32Cube/Base_File/STM32CubeIDE_1.17.0/STM32CubeIDE/plugins/com.st.stm32cube.ide.mcu.externaltools.gnu-tools-for-stm32.12.3.rel1.win32_1.1.0.202410251130/tools/bin/../lib/gcc/arm-none-eabi/12.3.1/../../../../arm-none-eabi/lib/thumb/v7e-m+dp/hard\libc_nano.a
LOAD D:/App_Windows/STM32Cube/Base_File/STM32CubeIDE_1.17.0/STM32CubeIDE/plugins/com.st.stm32cube.ide.mcu.externaltools.gnu-tools-for-stm32.12.3.rel1.win32_1.1.0.202410251130/tools/bin/../lib/gcc/arm-none-eabi/12.3.1/../../../../arm-none-eabi/lib/thumb/v7e-m+dp/hard\libnosys.a
END GROUP
START GROUP
LOAD D:/App_Windows/STM32Cube/Base_File/STM32CubeIDE_1.17.0/STM32CubeIDE/plugins/com.st.stm32cube.ide.mcu.externaltools.gnu-tools-for-stm32.12.3.rel1.win32_1.1.0.202410251130/tools/bin/../lib/gcc/arm-none-eabi/12.3.1/thumb/v7e-m+dp/hard\libgcc.a
LOAD D:/App_Windows/STM32Cube/Base_File/STM32CubeIDE_1.17.0/STM32CubeIDE/plugins/com.st.stm32cube.ide.mcu.externaltools.gnu-tools-for-stm32.12.3.rel1.win32_1.1.0.202410251130/tools/bin/../lib/gcc/arm-none-eabi/12.3.1/../../../../arm-none-eabi/lib/thumb/v7e-m+dp/hard\libc_nano.a
LOAD D:/App_Windows/STM32Cube/Base_File/STM32CubeIDE_1.17.0/STM32CubeIDE/plugins/com.st.stm32cube.ide.mcu.externaltools.gnu-tools-for-stm32.12.3.rel1.win32_1.1.0.202410251130/tools/bin/../lib/gcc/arm-none-eabi/12.3.1/../../../../arm-none-eabi/lib/thumb/v7e-m+dp/hard\libnosys.a
END GROUP
LOAD D:/App_Windows/STM32Cube/Base_File/STM32CubeIDE_1.17.0/STM32CubeIDE/plugins/com.st.stm32cube.ide.mcu.externaltools.gnu-tools-for-stm32.12.3.rel1.win32_1.1.0.202410251130/tools/bin/../lib/gcc/arm-none-eabi/12.3.1/thumb/v7e-m+dp/hard/crtend.o
LOAD D:/App_Windows/STM32Cube/Base_File/STM32CubeIDE_1.17.0/STM32CubeIDE/plugins/com.st.stm32cube.ide.mcu.externaltools.gnu-tools-for-stm32.12.3.rel1.win32_1.1.0.202410251130/tools/bin/../lib/gcc/arm-none-eabi/12.3.1/thumb/v7e-m+dp/hard/crtn.o
                0x24050000                        _estack = (ORIGIN (RAM_D1) + LENGTH (RAM_D1))
                0x00000200                        _Min_Heap_Size = 0x200
                0x00000400                        _Min_Stack_Size = 0x400

.isr_vector     0x08000000      0x2cc
                0x08000000                        . = ALIGN (0x4)
 *(.isr_vector)
 .isr_vector    0x08000000      0x2cc ./Core/Startup/startup_stm32h723zgtx.o
                0x08000000                g_pfnVectors
                0x080002cc                        . = ALIGN (0x4)

.text           0x080002d0     0x841c
                0x080002d0                        . = ALIGN (0x4)
 *(.text)
 .text          0x080002d0       0x40 D:/App_Windows/STM32Cube/Base_File/STM32CubeIDE_1.17.0/STM32CubeIDE/plugins/com.st.stm32cube.ide.mcu.externaltools.gnu-tools-for-stm32.12.3.rel1.win32_1.1.0.202410251130/tools/bin/../lib/gcc/arm-none-eabi/12.3.1/thumb/v7e-m+dp/hard/crtbegin.o
 .text          0x08000310       0x30 D:/App_Windows/STM32Cube/Base_File/STM32CubeIDE_1.17.0/STM32CubeIDE/plugins/com.st.stm32cube.ide.mcu.externaltools.gnu-tools-for-stm32.12.3.rel1.win32_1.1.0.202410251130/tools/bin/../lib/gcc/arm-none-eabi/12.3.1/thumb/v7e-m+dp/hard\libgcc.a(_aeabi_uldivmod.o)
                0x08000310                __aeabi_uldivmod
 .text          0x08000340      0x2bc D:/App_Windows/STM32Cube/Base_File/STM32CubeIDE_1.17.0/STM32CubeIDE/plugins/com.st.stm32cube.ide.mcu.externaltools.gnu-tools-for-stm32.12.3.rel1.win32_1.1.0.202410251130/tools/bin/../lib/gcc/arm-none-eabi/12.3.1/thumb/v7e-m+dp/hard\libgcc.a(_udivmoddi4.o)
                0x08000340                __udivmoddi4
 .text          0x080005fc        0x4 D:/App_Windows/STM32Cube/Base_File/STM32CubeIDE_1.17.0/STM32CubeIDE/plugins/com.st.stm32cube.ide.mcu.externaltools.gnu-tools-for-stm32.12.3.rel1.win32_1.1.0.202410251130/tools/bin/../lib/gcc/arm-none-eabi/12.3.1/thumb/v7e-m+dp/hard\libgcc.a(_dvmd_tls.o)
                0x080005fc                __aeabi_idiv0
                0x080005fc                __aeabi_ldiv0
 *(.text*)
 .text.MX_FREERTOS_Init
                0x08000600       0x24 ./Core/Src/freertos.o
                0x08000600                MX_FREERTOS_Init
 .text.StartLED_Task
                0x08000624       0x34 ./Core/Src/freertos.o
                0x08000624                StartLED_Task
 .text.MX_GPIO_Init
                0x08000658       0xc4 ./Core/Src/gpio.o
                0x08000658                MX_GPIO_Init
 .text.main     0x0800071c       0x28 ./Core/Src/main.o
                0x0800071c                main
 .text.SystemClock_Config
                0x08000744       0xdc ./Core/Src/main.o
                0x08000744                SystemClock_Config
 .text.MPU_Config
                0x08000820       0x12 ./Core/Src/main.o
 *fill*         0x08000832        0x2 
 .text.HAL_TIM_PeriodElapsedCallback
                0x08000834       0x24 ./Core/Src/main.o
                0x08000834                HAL_TIM_PeriodElapsedCallback
 .text.Error_Handler
                0x08000858        0xc ./Core/Src/main.o
                0x08000858                Error_Handler
 .text.HAL_MspInit
                0x08000864       0x3c ./Core/Src/stm32h7xx_hal_msp.o
                0x08000864                HAL_MspInit
 .text.HAL_InitTick
                0x080008a0       0xd8 ./Core/Src/stm32h7xx_hal_timebase_tim.o
                0x080008a0                HAL_InitTick
 .text.NMI_Handler
                0x08000978        0x8 ./Core/Src/stm32h7xx_it.o
                0x08000978                NMI_Handler
 .text.HardFault_Handler
                0x08000980        0x8 ./Core/Src/stm32h7xx_it.o
                0x08000980                HardFault_Handler
 .text.MemManage_Handler
                0x08000988        0x8 ./Core/Src/stm32h7xx_it.o
                0x08000988                MemManage_Handler
 .text.BusFault_Handler
                0x08000990        0x8 ./Core/Src/stm32h7xx_it.o
                0x08000990                BusFault_Handler
 .text.UsageFault_Handler
                0x08000998        0x8 ./Core/Src/stm32h7xx_it.o
                0x08000998                UsageFault_Handler
 .text.DebugMon_Handler
                0x080009a0        0xe ./Core/Src/stm32h7xx_it.o
                0x080009a0                DebugMon_Handler
 *fill*         0x080009ae        0x2 
 .text.TIM6_DAC_IRQHandler
                0x080009b0       0x14 ./Core/Src/stm32h7xx_it.o
                0x080009b0                TIM6_DAC_IRQHandler
 .text.SystemInit
                0x080009c4      0x120 ./Core/Src/system_stm32h7xx.o
                0x080009c4                SystemInit
 .text.ExitRun0Mode
                0x08000ae4       0x30 ./Core/Src/system_stm32h7xx.o
                0x08000ae4                ExitRun0Mode
 .text.MX_USART1_UART_Init
                0x08000b14       0x98 ./Core/Src/usart.o
                0x08000b14                MX_USART1_UART_Init
 .text.HAL_UART_MspInit
                0x08000bac       0xd4 ./Core/Src/usart.o
                0x08000bac                HAL_UART_MspInit
 .text.Reset_Handler
                0x08000c80       0x54 ./Core/Startup/startup_stm32h723zgtx.o
                0x08000c80                Reset_Handler
 .text.Default_Handler
                0x08000cd4        0x2 ./Core/Startup/startup_stm32h723zgtx.o
                0x08000cd4                RTC_Alarm_IRQHandler
                0x08000cd4                EXTI2_IRQHandler
                0x08000cd4                TIM8_CC_IRQHandler
                0x08000cd4                UART8_IRQHandler
                0x08000cd4                SPI4_IRQHandler
                0x08000cd4                FDCAN3_IT0_IRQHandler
                0x08000cd4                TIM1_CC_IRQHandler
                0x08000cd4                BDMA_Channel6_IRQHandler
                0x08000cd4                DMA2_Stream5_IRQHandler
                0x08000cd4                DMA1_Stream5_IRQHandler
                0x08000cd4                CORDIC_IRQHandler
                0x08000cd4                BDMA_Channel1_IRQHandler
                0x08000cd4                TAMP_STAMP_IRQHandler
                0x08000cd4                EXTI3_IRQHandler
                0x08000cd4                LPTIM4_IRQHandler
                0x08000cd4                TIM8_TRG_COM_TIM14_IRQHandler
                0x08000cd4                LPTIM2_IRQHandler
                0x08000cd4                DFSDM1_FLT1_IRQHandler
                0x08000cd4                DMAMUX2_OVR_IRQHandler
                0x08000cd4                TIM8_UP_TIM13_IRQHandler
                0x08000cd4                I2C3_ER_IRQHandler
                0x08000cd4                DFSDM1_FLT2_IRQHandler
                0x08000cd4                I2C5_EV_IRQHandler
                0x08000cd4                USART10_IRQHandler
                0x08000cd4                MDMA_IRQHandler
                0x08000cd4                LPTIM3_IRQHandler
                0x08000cd4                HSEM1_IRQHandler
                0x08000cd4                EXTI0_IRQHandler
                0x08000cd4                I2C2_EV_IRQHandler
                0x08000cd4                DMA1_Stream2_IRQHandler
                0x08000cd4                FPU_IRQHandler
                0x08000cd4                OTG_HS_WKUP_IRQHandler
                0x08000cd4                FDCAN1_IT1_IRQHandler
                0x08000cd4                LTDC_ER_IRQHandler
                0x08000cd4                DMA2_Stream2_IRQHandler
                0x08000cd4                SPI1_IRQHandler
                0x08000cd4                OCTOSPI1_IRQHandler
                0x08000cd4                DMA2_Stream3_IRQHandler
                0x08000cd4                OCTOSPI2_IRQHandler
                0x08000cd4                DFSDM1_FLT3_IRQHandler
                0x08000cd4                TIM23_IRQHandler
                0x08000cd4                USART6_IRQHandler
                0x08000cd4                TIM17_IRQHandler
                0x08000cd4                USART3_IRQHandler
                0x08000cd4                BDMA_Channel7_IRQHandler
                0x08000cd4                LPTIM5_IRQHandler
                0x08000cd4                UART5_IRQHandler
                0x08000cd4                ADC3_IRQHandler
                0x08000cd4                DMA2_Stream0_IRQHandler
                0x08000cd4                TIM4_IRQHandler
                0x08000cd4                BDMA_Channel2_IRQHandler
                0x08000cd4                I2C1_EV_IRQHandler
                0x08000cd4                DMA1_Stream6_IRQHandler
                0x08000cd4                DMAMUX1_OVR_IRQHandler
                0x08000cd4                DMA1_Stream1_IRQHandler
                0x08000cd4                TIM16_IRQHandler
                0x08000cd4                UART4_IRQHandler
                0x08000cd4                BDMA_Channel5_IRQHandler
                0x08000cd4                TIM3_IRQHandler
                0x08000cd4                RCC_IRQHandler
                0x08000cd4                UART9_IRQHandler
                0x08000cd4                TIM8_BRK_TIM12_IRQHandler
                0x08000cd4                TIM1_TRG_COM_IRQHandler
                0x08000cd4                Default_Handler
                0x08000cd4                ECC_IRQHandler
                0x08000cd4                FMAC_IRQHandler
                0x08000cd4                CEC_IRQHandler
                0x08000cd4                EXTI15_10_IRQHandler
                0x08000cd4                BDMA_Channel0_IRQHandler
                0x08000cd4                ADC_IRQHandler
                0x08000cd4                I2C5_ER_IRQHandler
                0x08000cd4                DMA1_Stream7_IRQHandler
                0x08000cd4                SPI5_IRQHandler
                0x08000cd4                TIM7_IRQHandler
                0x08000cd4                FDCAN3_IT1_IRQHandler
                0x08000cd4                SDMMC1_IRQHandler
                0x08000cd4                TIM5_IRQHandler
                0x08000cd4                DMA2_Stream7_IRQHandler
                0x08000cd4                TIM15_IRQHandler
                0x08000cd4                PVD_AVD_IRQHandler
                0x08000cd4                I2C3_EV_IRQHandler
                0x08000cd4                EXTI9_5_IRQHandler
                0x08000cd4                RTC_WKUP_IRQHandler
                0x08000cd4                LTDC_IRQHandler
                0x08000cd4                ETH_WKUP_IRQHandler
                0x08000cd4                SPDIF_RX_IRQHandler
                0x08000cd4                SPI2_IRQHandler
                0x08000cd4                OTG_HS_EP1_IN_IRQHandler
                0x08000cd4                DMA1_Stream0_IRQHandler
                0x08000cd4                TIM24_IRQHandler
                0x08000cd4                CRS_IRQHandler
                0x08000cd4                EXTI4_IRQHandler
                0x08000cd4                RNG_IRQHandler
                0x08000cd4                FDCAN2_IT1_IRQHandler
                0x08000cd4                ETH_IRQHandler
                0x08000cd4                TIM1_UP_IRQHandler
                0x08000cd4                BDMA_Channel4_IRQHandler
                0x08000cd4                OTG_HS_EP1_OUT_IRQHandler
                0x08000cd4                WWDG_IRQHandler
                0x08000cd4                SPI6_IRQHandler
                0x08000cd4                MDIOS_IRQHandler
                0x08000cd4                I2C4_EV_IRQHandler
                0x08000cd4                FDCAN2_IT0_IRQHandler
                0x08000cd4                LPUART1_IRQHandler
                0x08000cd4                FDCAN1_IT0_IRQHandler
                0x08000cd4                TIM2_IRQHandler
                0x08000cd4                OTG_HS_IRQHandler
                0x08000cd4                DMA2D_IRQHandler
                0x08000cd4                TIM1_BRK_IRQHandler
                0x08000cd4                EXTI1_IRQHandler
                0x08000cd4                SDMMC2_IRQHandler
                0x08000cd4                BDMA_Channel3_IRQHandler
                0x08000cd4                DTS_IRQHandler
                0x08000cd4                UART7_IRQHandler
                0x08000cd4                MDIOS_WKUP_IRQHandler
                0x08000cd4                USART2_IRQHandler
                0x08000cd4                DFSDM1_FLT0_IRQHandler
                0x08000cd4                SAI4_IRQHandler
                0x08000cd4                I2C2_ER_IRQHandler
                0x08000cd4                DMA2_Stream1_IRQHandler
                0x08000cd4                FLASH_IRQHandler
                0x08000cd4                DMA2_Stream4_IRQHandler
                0x08000cd4                USART1_IRQHandler
                0x08000cd4                SPI3_IRQHandler
                0x08000cd4                WAKEUP_PIN_IRQHandler
                0x08000cd4                DMA1_Stream4_IRQHandler
                0x08000cd4                I2C1_ER_IRQHandler
                0x08000cd4                FMC_IRQHandler
                0x08000cd4                FDCAN_CAL_IRQHandler
                0x08000cd4                SWPMI1_IRQHandler
                0x08000cd4                COMP1_IRQHandler
                0x08000cd4                LPTIM1_IRQHandler
                0x08000cd4                DCMI_PSSI_IRQHandler
                0x08000cd4                I2C4_ER_IRQHandler
                0x08000cd4                DMA2_Stream6_IRQHandler
                0x08000cd4                SAI1_IRQHandler
                0x08000cd4                DMA1_Stream3_IRQHandler
 .text.stm32_lock_acquire
                0x08000cd6       0x64 ./Core/ThreadSafe/newlib_lock_glue.o
 .text.stm32_lock_release
                0x08000d3a       0x58 ./Core/ThreadSafe/newlib_lock_glue.o
 .text.__retarget_lock_acquire_recursive
                0x08000d92       0x2a ./Core/ThreadSafe/newlib_lock_glue.o
                0x08000d92                __retarget_lock_acquire_recursive
 .text.__retarget_lock_release_recursive
                0x08000dbc       0x2a ./Core/ThreadSafe/newlib_lock_glue.o
                0x08000dbc                __retarget_lock_release_recursive
 *fill*         0x08000de6        0x2 
 .text.HAL_Init
                0x08000de8       0x78 ./Drivers/STM32H7xx_HAL_Driver/Src/stm32h7xx_hal.o
                0x08000de8                HAL_Init
 .text.HAL_IncTick
                0x08000e60       0x28 ./Drivers/STM32H7xx_HAL_Driver/Src/stm32h7xx_hal.o
                0x08000e60                HAL_IncTick
 .text.HAL_GetTick
                0x08000e88       0x18 ./Drivers/STM32H7xx_HAL_Driver/Src/stm32h7xx_hal.o
                0x08000e88                HAL_GetTick
 .text.__NVIC_SetPriorityGrouping
                0x08000ea0       0x48 ./Drivers/STM32H7xx_HAL_Driver/Src/stm32h7xx_hal_cortex.o
 .text.__NVIC_GetPriorityGrouping
                0x08000ee8       0x1c ./Drivers/STM32H7xx_HAL_Driver/Src/stm32h7xx_hal_cortex.o
 .text.__NVIC_EnableIRQ
                0x08000f04       0x3c ./Drivers/STM32H7xx_HAL_Driver/Src/stm32h7xx_hal_cortex.o
 .text.__NVIC_SetPriority
                0x08000f40       0x54 ./Drivers/STM32H7xx_HAL_Driver/Src/stm32h7xx_hal_cortex.o
 .text.NVIC_EncodePriority
                0x08000f94       0x66 ./Drivers/STM32H7xx_HAL_Driver/Src/stm32h7xx_hal_cortex.o
 .text.HAL_NVIC_SetPriorityGrouping
                0x08000ffa       0x16 ./Drivers/STM32H7xx_HAL_Driver/Src/stm32h7xx_hal_cortex.o
                0x08000ffa                HAL_NVIC_SetPriorityGrouping
 .text.HAL_NVIC_SetPriority
                0x08001010       0x34 ./Drivers/STM32H7xx_HAL_Driver/Src/stm32h7xx_hal_cortex.o
                0x08001010                HAL_NVIC_SetPriority
 .text.HAL_NVIC_EnableIRQ
                0x08001044       0x1c ./Drivers/STM32H7xx_HAL_Driver/Src/stm32h7xx_hal_cortex.o
                0x08001044                HAL_NVIC_EnableIRQ
 .text.HAL_MPU_Disable
                0x08001060       0x30 ./Drivers/STM32H7xx_HAL_Driver/Src/stm32h7xx_hal_cortex.o
                0x08001060                HAL_MPU_Disable
 .text.HAL_MPU_Enable
                0x08001090       0x40 ./Drivers/STM32H7xx_HAL_Driver/Src/stm32h7xx_hal_cortex.o
                0x08001090                HAL_MPU_Enable
 .text.HAL_GPIO_Init
                0x080010d0      0x350 ./Drivers/STM32H7xx_HAL_Driver/Src/stm32h7xx_hal_gpio.o
                0x080010d0                HAL_GPIO_Init
 .text.HAL_GPIO_WritePin
                0x08001420       0x32 ./Drivers/STM32H7xx_HAL_Driver/Src/stm32h7xx_hal_gpio.o
                0x08001420                HAL_GPIO_WritePin
 *fill*         0x08001452        0x2 
 .text.HAL_PWREx_ConfigSupply
                0x08001454       0x74 ./Drivers/STM32H7xx_HAL_Driver/Src/stm32h7xx_hal_pwr_ex.o
                0x08001454                HAL_PWREx_ConfigSupply
 .text.HAL_RCC_OscConfig
                0x080014c8      0x7b4 ./Drivers/STM32H7xx_HAL_Driver/Src/stm32h7xx_hal_rcc.o
                0x080014c8                HAL_RCC_OscConfig
 .text.HAL_RCC_ClockConfig
                0x08001c7c      0x36c ./Drivers/STM32H7xx_HAL_Driver/Src/stm32h7xx_hal_rcc.o
                0x08001c7c                HAL_RCC_ClockConfig
 .text.HAL_RCC_GetSysClockFreq
                0x08001fe8      0x2f4 ./Drivers/STM32H7xx_HAL_Driver/Src/stm32h7xx_hal_rcc.o
                0x08001fe8                HAL_RCC_GetSysClockFreq
 .text.HAL_RCC_GetHCLKFreq
                0x080022dc       0x60 ./Drivers/STM32H7xx_HAL_Driver/Src/stm32h7xx_hal_rcc.o
                0x080022dc                HAL_RCC_GetHCLKFreq
 .text.HAL_RCC_GetPCLK1Freq
                0x0800233c       0x2c ./Drivers/STM32H7xx_HAL_Driver/Src/stm32h7xx_hal_rcc.o
                0x0800233c                HAL_RCC_GetPCLK1Freq
 .text.HAL_RCC_GetPCLK2Freq
                0x08002368       0x2c ./Drivers/STM32H7xx_HAL_Driver/Src/stm32h7xx_hal_rcc.o
                0x08002368                HAL_RCC_GetPCLK2Freq
 .text.HAL_RCC_GetClockConfig
                0x08002394       0x84 ./Drivers/STM32H7xx_HAL_Driver/Src/stm32h7xx_hal_rcc.o
                0x08002394                HAL_RCC_GetClockConfig
 .text.HAL_RCCEx_PeriphCLKConfig
                0x08002418     0x1340 ./Drivers/STM32H7xx_HAL_Driver/Src/stm32h7xx_hal_rcc_ex.o
                0x08002418                HAL_RCCEx_PeriphCLKConfig
 .text.HAL_RCCEx_GetD3PCLK1Freq
                0x08003758       0x2c ./Drivers/STM32H7xx_HAL_Driver/Src/stm32h7xx_hal_rcc_ex.o
                0x08003758                HAL_RCCEx_GetD3PCLK1Freq
 .text.HAL_RCCEx_GetPLL2ClockFreq
                0x08003784      0x2a8 ./Drivers/STM32H7xx_HAL_Driver/Src/stm32h7xx_hal_rcc_ex.o
                0x08003784                HAL_RCCEx_GetPLL2ClockFreq
 .text.HAL_RCCEx_GetPLL3ClockFreq
                0x08003a2c      0x2a8 ./Drivers/STM32H7xx_HAL_Driver/Src/stm32h7xx_hal_rcc_ex.o
                0x08003a2c                HAL_RCCEx_GetPLL3ClockFreq
 .text.RCCEx_PLL2_Config
                0x08003cd4      0x164 ./Drivers/STM32H7xx_HAL_Driver/Src/stm32h7xx_hal_rcc_ex.o
 .text.RCCEx_PLL3_Config
                0x08003e38      0x164 ./Drivers/STM32H7xx_HAL_Driver/Src/stm32h7xx_hal_rcc_ex.o
 .text.HAL_TIM_Base_Init
                0x08003f9c       0xae ./Drivers/STM32H7xx_HAL_Driver/Src/stm32h7xx_hal_tim.o
                0x08003f9c                HAL_TIM_Base_Init
 .text.HAL_TIM_Base_MspInit
                0x0800404a       0x14 ./Drivers/STM32H7xx_HAL_Driver/Src/stm32h7xx_hal_tim.o
                0x0800404a                HAL_TIM_Base_MspInit
 *fill*         0x0800405e        0x2 
 .text.HAL_TIM_Base_Start_IT
                0x08004060      0x10c ./Drivers/STM32H7xx_HAL_Driver/Src/stm32h7xx_hal_tim.o
                0x08004060                HAL_TIM_Base_Start_IT
 .text.HAL_TIM_IRQHandler
                0x0800416c      0x20e ./Drivers/STM32H7xx_HAL_Driver/Src/stm32h7xx_hal_tim.o
                0x0800416c                HAL_TIM_IRQHandler
 .text.HAL_TIM_OC_DelayElapsedCallback
                0x0800437a       0x14 ./Drivers/STM32H7xx_HAL_Driver/Src/stm32h7xx_hal_tim.o
                0x0800437a                HAL_TIM_OC_DelayElapsedCallback
 .text.HAL_TIM_IC_CaptureCallback
                0x0800438e       0x14 ./Drivers/STM32H7xx_HAL_Driver/Src/stm32h7xx_hal_tim.o
                0x0800438e                HAL_TIM_IC_CaptureCallback
 .text.HAL_TIM_PWM_PulseFinishedCallback
                0x080043a2       0x14 ./Drivers/STM32H7xx_HAL_Driver/Src/stm32h7xx_hal_tim.o
                0x080043a2                HAL_TIM_PWM_PulseFinishedCallback
 .text.HAL_TIM_TriggerCallback
                0x080043b6       0x14 ./Drivers/STM32H7xx_HAL_Driver/Src/stm32h7xx_hal_tim.o
                0x080043b6                HAL_TIM_TriggerCallback
 *fill*         0x080043ca        0x2 
 .text.TIM_Base_SetConfig
                0x080043cc      0x158 ./Drivers/STM32H7xx_HAL_Driver/Src/stm32h7xx_hal_tim.o
                0x080043cc                TIM_Base_SetConfig
 .text.HAL_TIMEx_CommutCallback
                0x08004524       0x14 ./Drivers/STM32H7xx_HAL_Driver/Src/stm32h7xx_hal_tim_ex.o
                0x08004524                HAL_TIMEx_CommutCallback
 .text.HAL_TIMEx_BreakCallback
                0x08004538       0x14 ./Drivers/STM32H7xx_HAL_Driver/Src/stm32h7xx_hal_tim_ex.o
                0x08004538                HAL_TIMEx_BreakCallback
 .text.HAL_TIMEx_Break2Callback
                0x0800454c       0x14 ./Drivers/STM32H7xx_HAL_Driver/Src/stm32h7xx_hal_tim_ex.o
                0x0800454c                HAL_TIMEx_Break2Callback
 .text.HAL_UART_Init
                0x08004560       0xa0 ./Drivers/STM32H7xx_HAL_Driver/Src/stm32h7xx_hal_uart.o
                0x08004560                HAL_UART_Init
 .text.UART_SetConfig
                0x08004600      0xcd8 ./Drivers/STM32H7xx_HAL_Driver/Src/stm32h7xx_hal_uart.o
                0x08004600                UART_SetConfig
 .text.UART_AdvFeatureConfig
                0x080052d8      0x144 ./Drivers/STM32H7xx_HAL_Driver/Src/stm32h7xx_hal_uart.o
                0x080052d8                UART_AdvFeatureConfig
 .text.UART_CheckIdleState
                0x0800541c      0x154 ./Drivers/STM32H7xx_HAL_Driver/Src/stm32h7xx_hal_uart.o
                0x0800541c                UART_CheckIdleState
 .text.UART_WaitOnFlagUntilTimeout
                0x08005570       0xda ./Drivers/STM32H7xx_HAL_Driver/Src/stm32h7xx_hal_uart.o
                0x08005570                UART_WaitOnFlagUntilTimeout
 *fill*         0x0800564a        0x2 
 .text.UART_EndRxTransfer
                0x0800564c       0xcc ./Drivers/STM32H7xx_HAL_Driver/Src/stm32h7xx_hal_uart.o
 .text.HAL_UARTEx_DisableFifoMode
                0x08005718       0x72 ./Drivers/STM32H7xx_HAL_Driver/Src/stm32h7xx_hal_uart_ex.o
                0x08005718                HAL_UARTEx_DisableFifoMode
 .text.HAL_UARTEx_SetTxFifoThreshold
                0x0800578a       0x7c ./Drivers/STM32H7xx_HAL_Driver/Src/stm32h7xx_hal_uart_ex.o
                0x0800578a                HAL_UARTEx_SetTxFifoThreshold
 .text.HAL_UARTEx_SetRxFifoThreshold
                0x08005806       0x7c ./Drivers/STM32H7xx_HAL_Driver/Src/stm32h7xx_hal_uart_ex.o
                0x08005806                HAL_UARTEx_SetRxFifoThreshold
 *fill*         0x08005882        0x2 
 .text.UARTEx_SetNbDataToProcess
                0x08005884       0x9c ./Drivers/STM32H7xx_HAL_Driver/Src/stm32h7xx_hal_uart_ex.o
 .text.__NVIC_SetPriority
                0x08005920       0x54 ./Middlewares/Third_Party/FreeRTOS/Source/CMSIS_RTOS_V2/cmsis_os2.o
 .text.SysTick_Handler
                0x08005974       0x20 ./Middlewares/Third_Party/FreeRTOS/Source/CMSIS_RTOS_V2/cmsis_os2.o
                0x08005974                SysTick_Handler
 .text.SVC_Setup
                0x08005994       0x12 ./Middlewares/Third_Party/FreeRTOS/Source/CMSIS_RTOS_V2/cmsis_os2.o
 *fill*         0x080059a6        0x2 
 .text.osKernelInitialize
                0x080059a8       0x48 ./Middlewares/Third_Party/FreeRTOS/Source/CMSIS_RTOS_V2/cmsis_os2.o
                0x080059a8                osKernelInitialize
 .text.osKernelStart
                0x080059f0       0x4c ./Middlewares/Third_Party/FreeRTOS/Source/CMSIS_RTOS_V2/cmsis_os2.o
                0x080059f0                osKernelStart
 .text.osThreadNew
                0x08005a3c      0x124 ./Middlewares/Third_Party/FreeRTOS/Source/CMSIS_RTOS_V2/cmsis_os2.o
                0x08005a3c                osThreadNew
 .text.osDelay  0x08005b60       0x36 ./Middlewares/Third_Party/FreeRTOS/Source/CMSIS_RTOS_V2/cmsis_os2.o
                0x08005b60                osDelay
 *fill*         0x08005b96        0x2 
 .text.vApplicationGetIdleTaskMemory
                0x08005b98       0x34 ./Middlewares/Third_Party/FreeRTOS/Source/CMSIS_RTOS_V2/cmsis_os2.o
                0x08005b98                vApplicationGetIdleTaskMemory
 .text.vApplicationGetTimerTaskMemory
                0x08005bcc       0x34 ./Middlewares/Third_Party/FreeRTOS/Source/CMSIS_RTOS_V2/cmsis_os2.o
                0x08005bcc                vApplicationGetTimerTaskMemory
 .text.vListInitialise
                0x08005c00       0x40 ./Middlewares/Third_Party/FreeRTOS/Source/list.o
                0x08005c00                vListInitialise
 .text.vListInitialiseItem
                0x08005c40       0x1a ./Middlewares/Third_Party/FreeRTOS/Source/list.o
                0x08005c40                vListInitialiseItem
 .text.vListInsertEnd
                0x08005c5a       0x48 ./Middlewares/Third_Party/FreeRTOS/Source/list.o
                0x08005c5a                vListInsertEnd
 .text.vListInsert
                0x08005ca2       0x72 ./Middlewares/Third_Party/FreeRTOS/Source/list.o
                0x08005ca2                vListInsert
 .text.uxListRemove
                0x08005d14       0x54 ./Middlewares/Third_Party/FreeRTOS/Source/list.o
                0x08005d14                uxListRemove
 .text.xQueueGenericReset
                0x08005d68       0xd4 ./Middlewares/Third_Party/FreeRTOS/Source/queue.o
                0x08005d68                xQueueGenericReset
 .text.xQueueGenericCreateStatic
                0x08005e3c       0xfa ./Middlewares/Third_Party/FreeRTOS/Source/queue.o
                0x08005e3c                xQueueGenericCreateStatic
 .text.prvInitialiseNewQueue
                0x08005f36       0x46 ./Middlewares/Third_Party/FreeRTOS/Source/queue.o
 .text.xQueueGenericSend
                0x08005f7c      0x204 ./Middlewares/Third_Party/FreeRTOS/Source/queue.o
                0x08005f7c                xQueueGenericSend
 .text.xQueueGenericSendFromISR
                0x08006180      0x13c ./Middlewares/Third_Party/FreeRTOS/Source/queue.o
                0x08006180                xQueueGenericSendFromISR
 .text.xQueueReceive
                0x080062bc      0x1c4 ./Middlewares/Third_Party/FreeRTOS/Source/queue.o
                0x080062bc                xQueueReceive
 .text.prvCopyDataToQueue
                0x08006480       0xd4 ./Middlewares/Third_Party/FreeRTOS/Source/queue.o
 .text.prvCopyDataFromQueue
                0x08006554       0x4c ./Middlewares/Third_Party/FreeRTOS/Source/queue.o
 .text.prvUnlockQueue
                0x080065a0       0xa4 ./Middlewares/Third_Party/FreeRTOS/Source/queue.o
 .text.prvIsQueueEmpty
                0x08006644       0x2c ./Middlewares/Third_Party/FreeRTOS/Source/queue.o
 .text.prvIsQueueFull
                0x08006670       0x30 ./Middlewares/Third_Party/FreeRTOS/Source/queue.o
 .text.vQueueAddToRegistry
                0x080066a0       0x54 ./Middlewares/Third_Party/FreeRTOS/Source/queue.o
                0x080066a0                vQueueAddToRegistry
 .text.vQueueWaitForMessageRestricted
                0x080066f4       0x68 ./Middlewares/Third_Party/FreeRTOS/Source/queue.o
                0x080066f4                vQueueWaitForMessageRestricted
 .text.xTaskCreateStatic
                0x0800675c       0xc0 ./Middlewares/Third_Party/FreeRTOS/Source/tasks.o
                0x0800675c                xTaskCreateStatic
 .text.xTaskCreate
                0x0800681c       0x8a ./Middlewares/Third_Party/FreeRTOS/Source/tasks.o
                0x0800681c                xTaskCreate
 *fill*         0x080068a6        0x2 
 .text.prvInitialiseNewTask
                0x080068a8      0x150 ./Middlewares/Third_Party/FreeRTOS/Source/tasks.o
 .text.prvAddNewTaskToReadyList
                0x080069f8       0xe0 ./Middlewares/Third_Party/FreeRTOS/Source/tasks.o
 .text.vTaskDelay
                0x08006ad8       0x6c ./Middlewares/Third_Party/FreeRTOS/Source/tasks.o
                0x08006ad8                vTaskDelay
 .text.vTaskStartScheduler
                0x08006b44       0xe0 ./Middlewares/Third_Party/FreeRTOS/Source/tasks.o
                0x08006b44                vTaskStartScheduler
 .text.vTaskSuspendAll
                0x08006c24       0x1c ./Middlewares/Third_Party/FreeRTOS/Source/tasks.o
                0x08006c24                vTaskSuspendAll
 .text.xTaskResumeAll
                0x08006c40      0x13c ./Middlewares/Third_Party/FreeRTOS/Source/tasks.o
                0x08006c40                xTaskResumeAll
 .text.xTaskGetTickCount
                0x08006d7c       0x20 ./Middlewares/Third_Party/FreeRTOS/Source/tasks.o
                0x08006d7c                xTaskGetTickCount
 .text.xTaskIncrementTick
                0x08006d9c      0x174 ./Middlewares/Third_Party/FreeRTOS/Source/tasks.o
                0x08006d9c                xTaskIncrementTick
 .text.vTaskSwitchContext
                0x08006f10       0xcc ./Middlewares/Third_Party/FreeRTOS/Source/tasks.o
                0x08006f10                vTaskSwitchContext
 .text.vTaskPlaceOnEventList
                0x08006fdc       0x4c ./Middlewares/Third_Party/FreeRTOS/Source/tasks.o
                0x08006fdc                vTaskPlaceOnEventList
 .text.vTaskPlaceOnEventListRestricted
                0x08007028       0x58 ./Middlewares/Third_Party/FreeRTOS/Source/tasks.o
                0x08007028                vTaskPlaceOnEventListRestricted
 .text.xTaskRemoveFromEventList
                0x08007080       0xc8 ./Middlewares/Third_Party/FreeRTOS/Source/tasks.o
                0x08007080                xTaskRemoveFromEventList
 .text.vTaskInternalSetTimeOutState
                0x08007148       0x2c ./Middlewares/Third_Party/FreeRTOS/Source/tasks.o
                0x08007148                vTaskInternalSetTimeOutState
 .text.xTaskCheckForTimeOut
                0x08007174       0xc8 ./Middlewares/Third_Party/FreeRTOS/Source/tasks.o
                0x08007174                xTaskCheckForTimeOut
 .text.vTaskMissedYield
                0x0800723c       0x18 ./Middlewares/Third_Party/FreeRTOS/Source/tasks.o
                0x0800723c                vTaskMissedYield
 .text.prvIdleTask
                0x08007254       0x30 ./Middlewares/Third_Party/FreeRTOS/Source/tasks.o
 .text.prvInitialiseTaskLists
                0x08007284       0x80 ./Middlewares/Third_Party/FreeRTOS/Source/tasks.o
 .text.prvCheckTasksWaitingTermination
                0x08007304       0x5c ./Middlewares/Third_Party/FreeRTOS/Source/tasks.o
 .text.prvDeleteTCB
                0x08007360       0x6a ./Middlewares/Third_Party/FreeRTOS/Source/tasks.o
 *fill*         0x080073ca        0x2 
 .text.prvResetNextTaskUnblockTime
                0x080073cc       0x40 ./Middlewares/Third_Party/FreeRTOS/Source/tasks.o
 .text.xTaskGetSchedulerState
                0x0800740c       0x3c ./Middlewares/Third_Party/FreeRTOS/Source/tasks.o
                0x0800740c                xTaskGetSchedulerState
 .text.xTaskPriorityDisinherit
                0x08007448       0xe0 ./Middlewares/Third_Party/FreeRTOS/Source/tasks.o
                0x08007448                xTaskPriorityDisinherit
 .text.prvAddCurrentTaskToDelayedList
                0x08007528       0xa8 ./Middlewares/Third_Party/FreeRTOS/Source/tasks.o
 .text.xTimerCreateTimerTask
                0x080075d0       0x94 ./Middlewares/Third_Party/FreeRTOS/Source/timers.o
                0x080075d0                xTimerCreateTimerTask
 .text.xTimerGenericCommand
                0x08007664       0x9c ./Middlewares/Third_Party/FreeRTOS/Source/timers.o
                0x08007664                xTimerGenericCommand
 .text.prvProcessExpiredTimer
                0x08007700       0x9c ./Middlewares/Third_Party/FreeRTOS/Source/timers.o
 .text.prvTimerTask
                0x0800779c       0x26 ./Middlewares/Third_Party/FreeRTOS/Source/timers.o
 *fill*         0x080077c2        0x2 
 .text.prvProcessTimerOrBlockTask
                0x080077c4       0x9c ./Middlewares/Third_Party/FreeRTOS/Source/timers.o
 .text.prvGetNextExpireTime
                0x08007860       0x48 ./Middlewares/Third_Party/FreeRTOS/Source/timers.o
 .text.prvSampleTimeNow
                0x080078a8       0x40 ./Middlewares/Third_Party/FreeRTOS/Source/timers.o
 .text.prvInsertTimerInActiveList
                0x080078e8       0x84 ./Middlewares/Third_Party/FreeRTOS/Source/timers.o
 .text.prvProcessReceivedCommands
                0x0800796c      0x1cc ./Middlewares/Third_Party/FreeRTOS/Source/timers.o
 .text.prvSwitchTimerLists
                0x08007b38       0xcc ./Middlewares/Third_Party/FreeRTOS/Source/timers.o
 .text.prvCheckForValidListAndQueue
                0x08007c04       0x80 ./Middlewares/Third_Party/FreeRTOS/Source/timers.o
 .text.pxPortInitialiseStack
                0x08007c84       0x68 ./Middlewares/Third_Party/FreeRTOS/Source/portable/GCC/ARM_CM4F/port.o
                0x08007c84                pxPortInitialiseStack
 .text.prvTaskExitError
                0x08007cec       0x5c ./Middlewares/Third_Party/FreeRTOS/Source/portable/GCC/ARM_CM4F/port.o
 *fill*         0x08007d48        0x8 
 .text.SVC_Handler
                0x08007d50       0x28 ./Middlewares/Third_Party/FreeRTOS/Source/portable/GCC/ARM_CM4F/port.o
                0x08007d50                SVC_Handler
 .text.prvPortStartFirstTask
                0x08007d78       0x28 ./Middlewares/Third_Party/FreeRTOS/Source/portable/GCC/ARM_CM4F/port.o
 .text.xPortStartScheduler
                0x08007da0      0x148 ./Middlewares/Third_Party/FreeRTOS/Source/portable/GCC/ARM_CM4F/port.o
                0x08007da0                xPortStartScheduler
 .text.vPortEnterCritical
                0x08007ee8       0x64 ./Middlewares/Third_Party/FreeRTOS/Source/portable/GCC/ARM_CM4F/port.o
                0x08007ee8                vPortEnterCritical
 .text.vPortExitCritical
                0x08007f4c       0x54 ./Middlewares/Third_Party/FreeRTOS/Source/portable/GCC/ARM_CM4F/port.o
                0x08007f4c                vPortExitCritical
 .text.PendSV_Handler
                0x08007fa0       0x68 ./Middlewares/Third_Party/FreeRTOS/Source/portable/GCC/ARM_CM4F/port.o
                0x08007fa0                PendSV_Handler
 .text.xPortSysTickHandler
                0x08008008       0x44 ./Middlewares/Third_Party/FreeRTOS/Source/portable/GCC/ARM_CM4F/port.o
                0x08008008                xPortSysTickHandler
 .text.vPortSetupTimerInterrupt
                0x0800804c       0x48 ./Middlewares/Third_Party/FreeRTOS/Source/portable/GCC/ARM_CM4F/port.o
                0x0800804c                vPortSetupTimerInterrupt
 .text.vPortEnableVFP
                0x08008094       0x14 ./Middlewares/Third_Party/FreeRTOS/Source/portable/GCC/ARM_CM4F/port.o
 .text.vPortValidateInterruptPriority
                0x080080a8       0x84 ./Middlewares/Third_Party/FreeRTOS/Source/portable/GCC/ARM_CM4F/port.o
                0x080080a8                vPortValidateInterruptPriority
 .text.pvPortMalloc
                0x0800812c      0x19c ./Middlewares/Third_Party/FreeRTOS/Source/portable/MemMang/heap_4.o
                0x0800812c                pvPortMalloc
 .text.vPortFree
                0x080082c8       0xc8 ./Middlewares/Third_Party/FreeRTOS/Source/portable/MemMang/heap_4.o
                0x080082c8                vPortFree
 .text.prvHeapInit
                0x08008390       0xc4 ./Middlewares/Third_Party/FreeRTOS/Source/portable/MemMang/heap_4.o
 .text.prvInsertBlockIntoFreeList
                0x08008454       0xb4 ./Middlewares/Third_Party/FreeRTOS/Source/portable/MemMang/heap_4.o
 .text.__malloc_lock
                0x08008508        0xc D:/App_Windows/STM32Cube/Base_File/STM32CubeIDE_1.17.0/STM32CubeIDE/plugins/com.st.stm32cube.ide.mcu.externaltools.gnu-tools-for-stm32.12.3.rel1.win32_1.1.0.202410251130/tools/bin/../lib/gcc/arm-none-eabi/12.3.1/../../../../arm-none-eabi/lib/thumb/v7e-m+dp/hard\libc_nano.a(libc_a-mlock.o)
                0x08008508                __malloc_lock
 .text.__malloc_unlock
                0x08008514        0xc D:/App_Windows/STM32Cube/Base_File/STM32CubeIDE_1.17.0/STM32CubeIDE/plugins/com.st.stm32cube.ide.mcu.externaltools.gnu-tools-for-stm32.12.3.rel1.win32_1.1.0.202410251130/tools/bin/../lib/gcc/arm-none-eabi/12.3.1/../../../../arm-none-eabi/lib/thumb/v7e-m+dp/hard\libc_nano.a(libc_a-mlock.o)
                0x08008514                __malloc_unlock
 .text.memset   0x08008520       0x10 D:/App_Windows/STM32Cube/Base_File/STM32CubeIDE_1.17.0/STM32CubeIDE/plugins/com.st.stm32cube.ide.mcu.externaltools.gnu-tools-for-stm32.12.3.rel1.win32_1.1.0.202410251130/tools/bin/../lib/gcc/arm-none-eabi/12.3.1/../../../../arm-none-eabi/lib/thumb/v7e-m+dp/hard\libc_nano.a(libc_a-memset.o)
                0x08008520                memset
 .text._reclaim_reent
                0x08008530       0xac D:/App_Windows/STM32Cube/Base_File/STM32CubeIDE_1.17.0/STM32CubeIDE/plugins/com.st.stm32cube.ide.mcu.externaltools.gnu-tools-for-stm32.12.3.rel1.win32_1.1.0.202410251130/tools/bin/../lib/gcc/arm-none-eabi/12.3.1/../../../../arm-none-eabi/lib/thumb/v7e-m+dp/hard\libc_nano.a(libc_a-reent.o)
                0x08008530                _reclaim_reent
 .text.__libc_init_array
                0x080085dc       0x48 D:/App_Windows/STM32Cube/Base_File/STM32CubeIDE_1.17.0/STM32CubeIDE/plugins/com.st.stm32cube.ide.mcu.externaltools.gnu-tools-for-stm32.12.3.rel1.win32_1.1.0.202410251130/tools/bin/../lib/gcc/arm-none-eabi/12.3.1/../../../../arm-none-eabi/lib/thumb/v7e-m+dp/hard\libc_nano.a(libc_a-init.o)
                0x080085dc                __libc_init_array
 .text.memcpy   0x08008624       0x1c D:/App_Windows/STM32Cube/Base_File/STM32CubeIDE_1.17.0/STM32CubeIDE/plugins/com.st.stm32cube.ide.mcu.externaltools.gnu-tools-for-stm32.12.3.rel1.win32_1.1.0.202410251130/tools/bin/../lib/gcc/arm-none-eabi/12.3.1/../../../../arm-none-eabi/lib/thumb/v7e-m+dp/hard\libc_nano.a(libc_a-memcpy-stub.o)
                0x08008624                memcpy
 .text._free_r  0x08008640       0x94 D:/App_Windows/STM32Cube/Base_File/STM32CubeIDE_1.17.0/STM32CubeIDE/plugins/com.st.stm32cube.ide.mcu.externaltools.gnu-tools-for-stm32.12.3.rel1.win32_1.1.0.202410251130/tools/bin/../lib/gcc/arm-none-eabi/12.3.1/../../../../arm-none-eabi/lib/thumb/v7e-m+dp/hard\libc_nano.a(libc_a-freer.o)
                0x08008640                _free_r
 *(.glue_7)
 .glue_7        0x080086d4        0x0 linker stubs
 *(.glue_7t)
 .glue_7t       0x080086d4        0x0 linker stubs
 *(.eh_frame)
 .eh_frame      0x080086d4        0x0 D:/App_Windows/STM32Cube/Base_File/STM32CubeIDE_1.17.0/STM32CubeIDE/plugins/com.st.stm32cube.ide.mcu.externaltools.gnu-tools-for-stm32.12.3.rel1.win32_1.1.0.202410251130/tools/bin/../lib/gcc/arm-none-eabi/12.3.1/thumb/v7e-m+dp/hard/crtbegin.o
 *(.init)
 .init          0x080086d4        0x4 D:/App_Windows/STM32Cube/Base_File/STM32CubeIDE_1.17.0/STM32CubeIDE/plugins/com.st.stm32cube.ide.mcu.externaltools.gnu-tools-for-stm32.12.3.rel1.win32_1.1.0.202410251130/tools/bin/../lib/gcc/arm-none-eabi/12.3.1/thumb/v7e-m+dp/hard/crti.o
                0x080086d4                _init
 .init          0x080086d8        0x8 D:/App_Windows/STM32Cube/Base_File/STM32CubeIDE_1.17.0/STM32CubeIDE/plugins/com.st.stm32cube.ide.mcu.externaltools.gnu-tools-for-stm32.12.3.rel1.win32_1.1.0.202410251130/tools/bin/../lib/gcc/arm-none-eabi/12.3.1/thumb/v7e-m+dp/hard/crtn.o
 *(.fini)
 .fini          0x080086e0        0x4 D:/App_Windows/STM32Cube/Base_File/STM32CubeIDE_1.17.0/STM32CubeIDE/plugins/com.st.stm32cube.ide.mcu.externaltools.gnu-tools-for-stm32.12.3.rel1.win32_1.1.0.202410251130/tools/bin/../lib/gcc/arm-none-eabi/12.3.1/thumb/v7e-m+dp/hard/crti.o
                0x080086e0                _fini
 .fini          0x080086e4        0x8 D:/App_Windows/STM32Cube/Base_File/STM32CubeIDE_1.17.0/STM32CubeIDE/plugins/com.st.stm32cube.ide.mcu.externaltools.gnu-tools-for-stm32.12.3.rel1.win32_1.1.0.202410251130/tools/bin/../lib/gcc/arm-none-eabi/12.3.1/thumb/v7e-m+dp/hard/crtn.o
                0x080086ec                        . = ALIGN (0x4)
                0x080086ec                        _etext = .

.vfp11_veneer   0x080086ec        0x0
 .vfp11_veneer  0x080086ec        0x0 linker stubs

.v4_bx          0x080086ec        0x0
 .v4_bx         0x080086ec        0x0 linker stubs

.iplt           0x080086ec        0x0
 .iplt          0x080086ec        0x0 D:/App_Windows/STM32Cube/Base_File/STM32CubeIDE_1.17.0/STM32CubeIDE/plugins/com.st.stm32cube.ide.mcu.externaltools.gnu-tools-for-stm32.12.3.rel1.win32_1.1.0.202410251130/tools/bin/../lib/gcc/arm-none-eabi/12.3.1/thumb/v7e-m+dp/hard/crtbegin.o

.rodata         0x080086ec       0x7c
                0x080086ec                        . = ALIGN (0x4)
 *(.rodata)
 .rodata        0x080086ec        0x8 ./Core/Src/freertos.o
 .rodata        0x080086f4        0x5 ./Middlewares/Third_Party/FreeRTOS/Source/tasks.o
 *fill*         0x080086f9        0x3 
 .rodata        0x080086fc        0xd ./Middlewares/Third_Party/FreeRTOS/Source/timers.o
 *(.rodata*)
 *fill*         0x08008709        0x3 
 .rodata.ledTask_attributes
                0x0800870c       0x24 ./Core/Src/freertos.o
                0x0800870c                ledTask_attributes
 .rodata.D1CorePrescTable
                0x08008730       0x10 ./Core/Src/system_stm32h7xx.o
                0x08008730                D1CorePrescTable
 .rodata.UARTPrescTable
                0x08008740       0x18 ./Drivers/STM32H7xx_HAL_Driver/Src/stm32h7xx_hal_uart.o
                0x08008740                UARTPrescTable
 .rodata.numerator.1
                0x08008758        0x8 ./Drivers/STM32H7xx_HAL_Driver/Src/stm32h7xx_hal_uart_ex.o
 .rodata.denominator.0
                0x08008760        0x8 ./Drivers/STM32H7xx_HAL_Driver/Src/stm32h7xx_hal_uart_ex.o
                0x08008768                        . = ALIGN (0x4)

.ARM.extab
 *(.ARM.extab* .gnu.linkonce.armextab.*)

.ARM            0x08008768        0x8
                0x08008768                        __exidx_start = .
 *(.ARM.exidx*)
 .ARM.exidx     0x08008768        0x8 D:/App_Windows/STM32Cube/Base_File/STM32CubeIDE_1.17.0/STM32CubeIDE/plugins/com.st.stm32cube.ide.mcu.externaltools.gnu-tools-for-stm32.12.3.rel1.win32_1.1.0.202410251130/tools/bin/../lib/gcc/arm-none-eabi/12.3.1/thumb/v7e-m+dp/hard\libgcc.a(_udivmoddi4.o)
                0x08008770                        __exidx_end = .

.preinit_array  0x08008770        0x0
                0x08008770                        PROVIDE (__preinit_array_start = .)
 *(.preinit_array*)
                0x08008770                        PROVIDE (__preinit_array_end = .)

.init_array     0x08008770        0x4
                0x08008770                        PROVIDE (__init_array_start = .)
 *(SORT_BY_NAME(.init_array.*))
 *(.init_array*)
 .init_array    0x08008770        0x4 D:/App_Windows/STM32Cube/Base_File/STM32CubeIDE_1.17.0/STM32CubeIDE/plugins/com.st.stm32cube.ide.mcu.externaltools.gnu-tools-for-stm32.12.3.rel1.win32_1.1.0.202410251130/tools/bin/../lib/gcc/arm-none-eabi/12.3.1/thumb/v7e-m+dp/hard/crtbegin.o
                0x08008774                        PROVIDE (__init_array_end = .)

.fini_array     0x08008774        0x4
                [!provide]                        PROVIDE (__fini_array_start = .)
 *(SORT_BY_NAME(.fini_array.*))
 *(.fini_array*)
 .fini_array    0x08008774        0x4 D:/App_Windows/STM32Cube/Base_File/STM32CubeIDE_1.17.0/STM32CubeIDE/plugins/com.st.stm32cube.ide.mcu.externaltools.gnu-tools-for-stm32.12.3.rel1.win32_1.1.0.202410251130/tools/bin/../lib/gcc/arm-none-eabi/12.3.1/thumb/v7e-m+dp/hard/crtbegin.o
                [!provide]                        PROVIDE (__fini_array_end = .)
                0x08008778                        _sidata = LOADADDR (.data)

.rel.dyn        0x08008778        0x0
 .rel.iplt      0x08008778        0x0 D:/App_Windows/STM32Cube/Base_File/STM32CubeIDE_1.17.0/STM32CubeIDE/plugins/com.st.stm32cube.ide.mcu.externaltools.gnu-tools-for-stm32.12.3.rel1.win32_1.1.0.202410251130/tools/bin/../lib/gcc/arm-none-eabi/12.3.1/thumb/v7e-m+dp/hard/crtbegin.o

.data           0x24000000       0x64 load address 0x08008778
                0x24000000                        . = ALIGN (0x4)
                0x24000000                        _sdata = .
 *(.data)
 *(.data*)
 .data.SystemCoreClock
                0x24000000        0x4 ./Core/Src/system_stm32h7xx.o
                0x24000000                SystemCoreClock
 .data.SystemD2Clock
                0x24000004        0x4 ./Core/Src/system_stm32h7xx.o
                0x24000004                SystemD2Clock
 .data.uwTickPrio
                0x24000008        0x4 ./Drivers/STM32H7xx_HAL_Driver/Src/stm32h7xx_hal.o
                0x24000008                uwTickPrio
 .data.uwTickFreq
                0x2400000c        0x1 ./Drivers/STM32H7xx_HAL_Driver/Src/stm32h7xx_hal.o
                0x2400000c                uwTickFreq
 *fill*         0x2400000d        0x3 
 .data.uxCriticalNesting
                0x24000010        0x4 ./Middlewares/Third_Party/FreeRTOS/Source/portable/GCC/ARM_CM4F/port.o
 .data._impure_ptr
                0x24000014        0x4 D:/App_Windows/STM32Cube/Base_File/STM32CubeIDE_1.17.0/STM32CubeIDE/plugins/com.st.stm32cube.ide.mcu.externaltools.gnu-tools-for-stm32.12.3.rel1.win32_1.1.0.202410251130/tools/bin/../lib/gcc/arm-none-eabi/12.3.1/../../../../arm-none-eabi/lib/thumb/v7e-m+dp/hard\libc_nano.a(libc_a-impure.o)
                0x24000014                _impure_ptr
 .data._impure_data
                0x24000018       0x4c D:/App_Windows/STM32Cube/Base_File/STM32CubeIDE_1.17.0/STM32CubeIDE/plugins/com.st.stm32cube.ide.mcu.externaltools.gnu-tools-for-stm32.12.3.rel1.win32_1.1.0.202410251130/tools/bin/../lib/gcc/arm-none-eabi/12.3.1/../../../../arm-none-eabi/lib/thumb/v7e-m+dp/hard\libc_nano.a(libc_a-impure.o)
                0x24000018                _impure_data
 *(.RamFunc)
 *(.RamFunc*)
                0x24000064                        . = ALIGN (0x4)
                0x24000064                        _edata = .

.igot.plt       0x24000064        0x0 load address 0x080087dc
 .igot.plt      0x24000064        0x0 D:/App_Windows/STM32Cube/Base_File/STM32CubeIDE_1.17.0/STM32CubeIDE/plugins/com.st.stm32cube.ide.mcu.externaltools.gnu-tools-for-stm32.12.3.rel1.win32_1.1.0.202410251130/tools/bin/../lib/gcc/arm-none-eabi/12.3.1/thumb/v7e-m+dp/hard/crtbegin.o
                0x24000064                        . = ALIGN (0x4)

.bss            0x24000064     0x4c34 load address 0x080087dc
                0x24000064                        _sbss = .
                0x24000064                        __bss_start__ = _sbss
 *(.bss)
 .bss           0x24000064       0x1c D:/App_Windows/STM32Cube/Base_File/STM32CubeIDE_1.17.0/STM32CubeIDE/plugins/com.st.stm32cube.ide.mcu.externaltools.gnu-tools-for-stm32.12.3.rel1.win32_1.1.0.202410251130/tools/bin/../lib/gcc/arm-none-eabi/12.3.1/thumb/v7e-m+dp/hard/crtbegin.o
 *(.bss*)
 .bss.ledTaskHandle
                0x24000080        0x4 ./Core/Src/freertos.o
                0x24000080                ledTaskHandle
 .bss.htim6     0x24000084       0x4c ./Core/Src/stm32h7xx_hal_timebase_tim.o
                0x24000084                htim6
 .bss.huart1    0x240000d0       0x94 ./Core/Src/usart.o
                0x240000d0                huart1
 .bss.__lock___malloc_recursive_mutex
                0x24000164        0xc ./Core/ThreadSafe/newlib_lock_glue.o
                0x24000164                __lock___malloc_recursive_mutex
 .bss.uwTick    0x24000170        0x4 ./Drivers/STM32H7xx_HAL_Driver/Src/stm32h7xx_hal.o
                0x24000170                uwTick
 .bss.KernelState
                0x24000174        0x4 ./Middlewares/Third_Party/FreeRTOS/Source/CMSIS_RTOS_V2/cmsis_os2.o
 .bss.Idle_TCB.3
                0x24000178       0xa8 ./Middlewares/Third_Party/FreeRTOS/Source/CMSIS_RTOS_V2/cmsis_os2.o
 .bss.Idle_Stack.2
                0x24000220      0x200 ./Middlewares/Third_Party/FreeRTOS/Source/CMSIS_RTOS_V2/cmsis_os2.o
 .bss.Timer_TCB.1
                0x24000420       0xa8 ./Middlewares/Third_Party/FreeRTOS/Source/CMSIS_RTOS_V2/cmsis_os2.o
 .bss.Timer_Stack.0
                0x240004c8      0x400 ./Middlewares/Third_Party/FreeRTOS/Source/CMSIS_RTOS_V2/cmsis_os2.o
 .bss.xQueueRegistry
                0x240008c8       0x40 ./Middlewares/Third_Party/FreeRTOS/Source/queue.o
                0x240008c8                xQueueRegistry
 .bss.pxCurrentTCB
                0x24000908        0x4 ./Middlewares/Third_Party/FreeRTOS/Source/tasks.o
                0x24000908                pxCurrentTCB
 .bss.pxReadyTasksLists
                0x2400090c      0x460 ./Middlewares/Third_Party/FreeRTOS/Source/tasks.o
 .bss.xDelayedTaskList1
                0x24000d6c       0x14 ./Middlewares/Third_Party/FreeRTOS/Source/tasks.o
 .bss.xDelayedTaskList2
                0x24000d80       0x14 ./Middlewares/Third_Party/FreeRTOS/Source/tasks.o
 .bss.pxDelayedTaskList
                0x24000d94        0x4 ./Middlewares/Third_Party/FreeRTOS/Source/tasks.o
 .bss.pxOverflowDelayedTaskList
                0x24000d98        0x4 ./Middlewares/Third_Party/FreeRTOS/Source/tasks.o
 .bss.xPendingReadyList
                0x24000d9c       0x14 ./Middlewares/Third_Party/FreeRTOS/Source/tasks.o
 .bss.xTasksWaitingTermination
                0x24000db0       0x14 ./Middlewares/Third_Party/FreeRTOS/Source/tasks.o
 .bss.uxDeletedTasksWaitingCleanUp
                0x24000dc4        0x4 ./Middlewares/Third_Party/FreeRTOS/Source/tasks.o
 .bss.xSuspendedTaskList
                0x24000dc8       0x14 ./Middlewares/Third_Party/FreeRTOS/Source/tasks.o
 .bss.uxCurrentNumberOfTasks
                0x24000ddc        0x4 ./Middlewares/Third_Party/FreeRTOS/Source/tasks.o
 .bss.xTickCount
                0x24000de0        0x4 ./Middlewares/Third_Party/FreeRTOS/Source/tasks.o
 .bss.uxTopReadyPriority
                0x24000de4        0x4 ./Middlewares/Third_Party/FreeRTOS/Source/tasks.o
 .bss.xSchedulerRunning
                0x24000de8        0x4 ./Middlewares/Third_Party/FreeRTOS/Source/tasks.o
 .bss.xPendedTicks
                0x24000dec        0x4 ./Middlewares/Third_Party/FreeRTOS/Source/tasks.o
 .bss.xYieldPending
                0x24000df0        0x4 ./Middlewares/Third_Party/FreeRTOS/Source/tasks.o
 .bss.xNumOfOverflows
                0x24000df4        0x4 ./Middlewares/Third_Party/FreeRTOS/Source/tasks.o
 .bss.uxTaskNumber
                0x24000df8        0x4 ./Middlewares/Third_Party/FreeRTOS/Source/tasks.o
 .bss.xNextTaskUnblockTime
                0x24000dfc        0x4 ./Middlewares/Third_Party/FreeRTOS/Source/tasks.o
 .bss.xIdleTaskHandle
                0x24000e00        0x4 ./Middlewares/Third_Party/FreeRTOS/Source/tasks.o
 .bss.uxSchedulerSuspended
                0x24000e04        0x4 ./Middlewares/Third_Party/FreeRTOS/Source/tasks.o
 .bss.xActiveTimerList1
                0x24000e08       0x14 ./Middlewares/Third_Party/FreeRTOS/Source/timers.o
 .bss.xActiveTimerList2
                0x24000e1c       0x14 ./Middlewares/Third_Party/FreeRTOS/Source/timers.o
 .bss.pxCurrentTimerList
                0x24000e30        0x4 ./Middlewares/Third_Party/FreeRTOS/Source/timers.o
 .bss.pxOverflowTimerList
                0x24000e34        0x4 ./Middlewares/Third_Party/FreeRTOS/Source/timers.o
 .bss.xTimerQueue
                0x24000e38        0x4 ./Middlewares/Third_Party/FreeRTOS/Source/timers.o
 .bss.xTimerTaskHandle
                0x24000e3c        0x4 ./Middlewares/Third_Party/FreeRTOS/Source/timers.o
 .bss.xLastTime.2
                0x24000e40        0x4 ./Middlewares/Third_Party/FreeRTOS/Source/timers.o
 .bss.ucStaticTimerQueueStorage.1
                0x24000e44       0xa0 ./Middlewares/Third_Party/FreeRTOS/Source/timers.o
 .bss.xStaticTimerQueue.0
                0x24000ee4       0x50 ./Middlewares/Third_Party/FreeRTOS/Source/timers.o
 .bss.ucMaxSysCallPriority
                0x24000f34        0x1 ./Middlewares/Third_Party/FreeRTOS/Source/portable/GCC/ARM_CM4F/port.o
 *fill*         0x24000f35        0x3 
 .bss.ulMaxPRIGROUPValue
                0x24000f38        0x4 ./Middlewares/Third_Party/FreeRTOS/Source/portable/GCC/ARM_CM4F/port.o
 .bss.ucHeap    0x24000f3c     0x3c00 ./Middlewares/Third_Party/FreeRTOS/Source/portable/MemMang/heap_4.o
 .bss.xStart    0x24004b3c        0x8 ./Middlewares/Third_Party/FreeRTOS/Source/portable/MemMang/heap_4.o
 .bss.pxEnd     0x24004b44        0x4 ./Middlewares/Third_Party/FreeRTOS/Source/portable/MemMang/heap_4.o
 .bss.xFreeBytesRemaining
                0x24004b48        0x4 ./Middlewares/Third_Party/FreeRTOS/Source/portable/MemMang/heap_4.o
 .bss.xMinimumEverFreeBytesRemaining
                0x24004b4c        0x4 ./Middlewares/Third_Party/FreeRTOS/Source/portable/MemMang/heap_4.o
 .bss.xNumberOfSuccessfulAllocations
                0x24004b50        0x4 ./Middlewares/Third_Party/FreeRTOS/Source/portable/MemMang/heap_4.o
 .bss.xNumberOfSuccessfulFrees
                0x24004b54        0x4 ./Middlewares/Third_Party/FreeRTOS/Source/portable/MemMang/heap_4.o
 .bss.xBlockAllocatedBit
                0x24004b58        0x4 ./Middlewares/Third_Party/FreeRTOS/Source/portable/MemMang/heap_4.o
 .bss.__malloc_free_list
                0x24004b5c        0x4 D:/App_Windows/STM32Cube/Base_File/STM32CubeIDE_1.17.0/STM32CubeIDE/plugins/com.st.stm32cube.ide.mcu.externaltools.gnu-tools-for-stm32.12.3.rel1.win32_1.1.0.202410251130/tools/bin/../lib/gcc/arm-none-eabi/12.3.1/../../../../arm-none-eabi/lib/thumb/v7e-m+dp/hard\libc_nano.a(libc_a-mallocr.o)
                0x24004b5c                __malloc_free_list
 .bss.__sf      0x24004b60      0x138 D:/App_Windows/STM32Cube/Base_File/STM32CubeIDE_1.17.0/STM32CubeIDE/plugins/com.st.stm32cube.ide.mcu.externaltools.gnu-tools-for-stm32.12.3.rel1.win32_1.1.0.202410251130/tools/bin/../lib/gcc/arm-none-eabi/12.3.1/../../../../arm-none-eabi/lib/thumb/v7e-m+dp/hard\libc_nano.a(libc_a-findfp.o)
                0x24004b60                __sf
 *(COMMON)
                0x24004c98                        . = ALIGN (0x4)
                0x24004c98                        _ebss = .
                0x24004c98                        __bss_end__ = _ebss

._user_heap_stack
                0x24004c98      0x600 load address 0x080087dc
                0x24004c98                        . = ALIGN (0x8)
                [!provide]                        PROVIDE (end = .)
                0x24004c98                        PROVIDE (_end = .)
                0x24004e98                        . = (. + _Min_Heap_Size)
 *fill*         0x24004c98      0x200 
                0x24005298                        . = (. + _Min_Stack_Size)
 *fill*         0x24004e98      0x400 
                0x24005298                        . = ALIGN (0x8)

/DISCARD/
 libc.a(*)
 libm.a(*)
 libgcc.a(*)

.ARM.attributes
                0x00000000       0x2e
 *(.ARM.attributes)
 .ARM.attributes
                0x00000000       0x20 D:/App_Windows/STM32Cube/Base_File/STM32CubeIDE_1.17.0/STM32CubeIDE/plugins/com.st.stm32cube.ide.mcu.externaltools.gnu-tools-for-stm32.12.3.rel1.win32_1.1.0.202410251130/tools/bin/../lib/gcc/arm-none-eabi/12.3.1/thumb/v7e-m+dp/hard/crti.o
 .ARM.attributes
                0x00000020       0x32 D:/App_Windows/STM32Cube/Base_File/STM32CubeIDE_1.17.0/STM32CubeIDE/plugins/com.st.stm32cube.ide.mcu.externaltools.gnu-tools-for-stm32.12.3.rel1.win32_1.1.0.202410251130/tools/bin/../lib/gcc/arm-none-eabi/12.3.1/thumb/v7e-m+dp/hard/crtbegin.o
 .ARM.attributes
                0x00000052       0x32 ./Core/Src/freertos.o
 .ARM.attributes
                0x00000084       0x32 ./Core/Src/gpio.o
 .ARM.attributes
                0x000000b6       0x32 ./Core/Src/main.o
 .ARM.attributes
                0x000000e8       0x32 ./Core/Src/stm32h7xx_hal_msp.o
 .ARM.attributes
                0x0000011a       0x32 ./Core/Src/stm32h7xx_hal_timebase_tim.o
 .ARM.attributes
                0x0000014c       0x32 ./Core/Src/stm32h7xx_it.o
 .ARM.attributes
                0x0000017e       0x32 ./Core/Src/system_stm32h7xx.o
 .ARM.attributes
                0x000001b0       0x32 ./Core/Src/usart.o
 .ARM.attributes
                0x000001e2       0x21 ./Core/Startup/startup_stm32h723zgtx.o
 .ARM.attributes
                0x00000203       0x32 ./Core/ThreadSafe/newlib_lock_glue.o
 .ARM.attributes
                0x00000235       0x32 ./Drivers/STM32H7xx_HAL_Driver/Src/stm32h7xx_hal.o
 .ARM.attributes
                0x00000267       0x32 ./Drivers/STM32H7xx_HAL_Driver/Src/stm32h7xx_hal_cortex.o
 .ARM.attributes
                0x00000299       0x32 ./Drivers/STM32H7xx_HAL_Driver/Src/stm32h7xx_hal_gpio.o
 .ARM.attributes
                0x000002cb       0x32 ./Drivers/STM32H7xx_HAL_Driver/Src/stm32h7xx_hal_pwr_ex.o
 .ARM.attributes
                0x000002fd       0x32 ./Drivers/STM32H7xx_HAL_Driver/Src/stm32h7xx_hal_rcc.o
 .ARM.attributes
                0x0000032f       0x32 ./Drivers/STM32H7xx_HAL_Driver/Src/stm32h7xx_hal_rcc_ex.o
 .ARM.attributes
                0x00000361       0x32 ./Drivers/STM32H7xx_HAL_Driver/Src/stm32h7xx_hal_tim.o
 .ARM.attributes
                0x00000393       0x32 ./Drivers/STM32H7xx_HAL_Driver/Src/stm32h7xx_hal_tim_ex.o
 .ARM.attributes
                0x000003c5       0x32 ./Drivers/STM32H7xx_HAL_Driver/Src/stm32h7xx_hal_uart.o
 .ARM.attributes
                0x000003f7       0x32 ./Drivers/STM32H7xx_HAL_Driver/Src/stm32h7xx_hal_uart_ex.o
 .ARM.attributes
                0x00000429       0x32 ./Middlewares/Third_Party/FreeRTOS/Source/CMSIS_RTOS_V2/cmsis_os2.o
 .ARM.attributes
                0x0000045b       0x32 ./Middlewares/Third_Party/FreeRTOS/Source/list.o
 .ARM.attributes
                0x0000048d       0x32 ./Middlewares/Third_Party/FreeRTOS/Source/queue.o
 .ARM.attributes
                0x000004bf       0x32 ./Middlewares/Third_Party/FreeRTOS/Source/tasks.o
 .ARM.attributes
                0x000004f1       0x32 ./Middlewares/Third_Party/FreeRTOS/Source/timers.o
 .ARM.attributes
                0x00000523       0x32 ./Middlewares/Third_Party/FreeRTOS/Source/portable/GCC/ARM_CM4F/port.o
 .ARM.attributes
                0x00000555       0x32 ./Middlewares/Third_Party/FreeRTOS/Source/portable/MemMang/heap_4.o
 .ARM.attributes
                0x00000587       0x32 D:/App_Windows/STM32Cube/Base_File/STM32CubeIDE_1.17.0/STM32CubeIDE/plugins/com.st.stm32cube.ide.mcu.externaltools.gnu-tools-for-stm32.12.3.rel1.win32_1.1.0.202410251130/tools/bin/../lib/gcc/arm-none-eabi/12.3.1/../../../../arm-none-eabi/lib/thumb/v7e-m+dp/hard\libc_nano.a(libc_a-mallocr.o)
 .ARM.attributes
                0x000005b9       0x32 D:/App_Windows/STM32Cube/Base_File/STM32CubeIDE_1.17.0/STM32CubeIDE/plugins/com.st.stm32cube.ide.mcu.externaltools.gnu-tools-for-stm32.12.3.rel1.win32_1.1.0.202410251130/tools/bin/../lib/gcc/arm-none-eabi/12.3.1/../../../../arm-none-eabi/lib/thumb/v7e-m+dp/hard\libc_nano.a(libc_a-mlock.o)
 .ARM.attributes
                0x000005eb       0x32 D:/App_Windows/STM32Cube/Base_File/STM32CubeIDE_1.17.0/STM32CubeIDE/plugins/com.st.stm32cube.ide.mcu.externaltools.gnu-tools-for-stm32.12.3.rel1.win32_1.1.0.202410251130/tools/bin/../lib/gcc/arm-none-eabi/12.3.1/../../../../arm-none-eabi/lib/thumb/v7e-m+dp/hard\libc_nano.a(libc_a-findfp.o)
 .ARM.attributes
                0x0000061d       0x32 D:/App_Windows/STM32Cube/Base_File/STM32CubeIDE_1.17.0/STM32CubeIDE/plugins/com.st.stm32cube.ide.mcu.externaltools.gnu-tools-for-stm32.12.3.rel1.win32_1.1.0.202410251130/tools/bin/../lib/gcc/arm-none-eabi/12.3.1/../../../../arm-none-eabi/lib/thumb/v7e-m+dp/hard\libc_nano.a(libc_a-memset.o)
 .ARM.attributes
                0x0000064f       0x32 D:/App_Windows/STM32Cube/Base_File/STM32CubeIDE_1.17.0/STM32CubeIDE/plugins/com.st.stm32cube.ide.mcu.externaltools.gnu-tools-for-stm32.12.3.rel1.win32_1.1.0.202410251130/tools/bin/../lib/gcc/arm-none-eabi/12.3.1/../../../../arm-none-eabi/lib/thumb/v7e-m+dp/hard\libc_nano.a(libc_a-reent.o)
 .ARM.attributes
                0x00000681       0x32 D:/App_Windows/STM32Cube/Base_File/STM32CubeIDE_1.17.0/STM32CubeIDE/plugins/com.st.stm32cube.ide.mcu.externaltools.gnu-tools-for-stm32.12.3.rel1.win32_1.1.0.202410251130/tools/bin/../lib/gcc/arm-none-eabi/12.3.1/../../../../arm-none-eabi/lib/thumb/v7e-m+dp/hard\libc_nano.a(libc_a-impure.o)
 .ARM.attributes
                0x000006b3       0x32 D:/App_Windows/STM32Cube/Base_File/STM32CubeIDE_1.17.0/STM32CubeIDE/plugins/com.st.stm32cube.ide.mcu.externaltools.gnu-tools-for-stm32.12.3.rel1.win32_1.1.0.202410251130/tools/bin/../lib/gcc/arm-none-eabi/12.3.1/../../../../arm-none-eabi/lib/thumb/v7e-m+dp/hard\libc_nano.a(libc_a-init.o)
 .ARM.attributes
                0x000006e5       0x32 D:/App_Windows/STM32Cube/Base_File/STM32CubeIDE_1.17.0/STM32CubeIDE/plugins/com.st.stm32cube.ide.mcu.externaltools.gnu-tools-for-stm32.12.3.rel1.win32_1.1.0.202410251130/tools/bin/../lib/gcc/arm-none-eabi/12.3.1/../../../../arm-none-eabi/lib/thumb/v7e-m+dp/hard\libc_nano.a(libc_a-memcpy-stub.o)
 .ARM.attributes
                0x00000717       0x32 D:/App_Windows/STM32Cube/Base_File/STM32CubeIDE_1.17.0/STM32CubeIDE/plugins/com.st.stm32cube.ide.mcu.externaltools.gnu-tools-for-stm32.12.3.rel1.win32_1.1.0.202410251130/tools/bin/../lib/gcc/arm-none-eabi/12.3.1/../../../../arm-none-eabi/lib/thumb/v7e-m+dp/hard\libc_nano.a(libc_a-freer.o)
 .ARM.attributes
                0x00000749       0x20 D:/App_Windows/STM32Cube/Base_File/STM32CubeIDE_1.17.0/STM32CubeIDE/plugins/com.st.stm32cube.ide.mcu.externaltools.gnu-tools-for-stm32.12.3.rel1.win32_1.1.0.202410251130/tools/bin/../lib/gcc/arm-none-eabi/12.3.1/thumb/v7e-m+dp/hard\libgcc.a(_aeabi_uldivmod.o)
 .ARM.attributes
                0x00000769       0x32 D:/App_Windows/STM32Cube/Base_File/STM32CubeIDE_1.17.0/STM32CubeIDE/plugins/com.st.stm32cube.ide.mcu.externaltools.gnu-tools-for-stm32.12.3.rel1.win32_1.1.0.202410251130/tools/bin/../lib/gcc/arm-none-eabi/12.3.1/thumb/v7e-m+dp/hard\libgcc.a(_udivmoddi4.o)
 .ARM.attributes
                0x0000079b       0x20 D:/App_Windows/STM32Cube/Base_File/STM32CubeIDE_1.17.0/STM32CubeIDE/plugins/com.st.stm32cube.ide.mcu.externaltools.gnu-tools-for-stm32.12.3.rel1.win32_1.1.0.202410251130/tools/bin/../lib/gcc/arm-none-eabi/12.3.1/thumb/v7e-m+dp/hard\libgcc.a(_dvmd_tls.o)
 .ARM.attributes
                0x000007bb       0x20 D:/App_Windows/STM32Cube/Base_File/STM32CubeIDE_1.17.0/STM32CubeIDE/plugins/com.st.stm32cube.ide.mcu.externaltools.gnu-tools-for-stm32.12.3.rel1.win32_1.1.0.202410251130/tools/bin/../lib/gcc/arm-none-eabi/12.3.1/thumb/v7e-m+dp/hard/crtn.o
OUTPUT(STM32H723ZGT6_HAL_CMake.elf elf32-littlearm)
LOAD linker stubs
LOAD D:/App_Windows/STM32Cube/Base_File/STM32CubeIDE_1.17.0/STM32CubeIDE/plugins/com.st.stm32cube.ide.mcu.externaltools.gnu-tools-for-stm32.12.3.rel1.win32_1.1.0.202410251130/tools/bin/../lib/gcc/arm-none-eabi/12.3.1/../../../../arm-none-eabi/lib/thumb/v7e-m+dp/hard\libc.a
LOAD D:/App_Windows/STM32Cube/Base_File/STM32CubeIDE_1.17.0/STM32CubeIDE/plugins/com.st.stm32cube.ide.mcu.externaltools.gnu-tools-for-stm32.12.3.rel1.win32_1.1.0.202410251130/tools/bin/../lib/gcc/arm-none-eabi/12.3.1/../../../../arm-none-eabi/lib/thumb/v7e-m+dp/hard\libm.a
LOAD D:/App_Windows/STM32Cube/Base_File/STM32CubeIDE_1.17.0/STM32CubeIDE/plugins/com.st.stm32cube.ide.mcu.externaltools.gnu-tools-for-stm32.12.3.rel1.win32_1.1.0.202410251130/tools/bin/../lib/gcc/arm-none-eabi/12.3.1/thumb/v7e-m+dp/hard\libgcc.a

.debug_info     0x00000000    0x20b72
 .debug_info    0x00000000      0x4a2 ./Core/Src/freertos.o
 .debug_info    0x000004a2      0x634 ./Core/Src/gpio.o
 .debug_info    0x00000ad6      0xbb2 ./Core/Src/main.o
 .debug_info    0x00001688      0x808 ./Core/Src/stm32h7xx_hal_msp.o
 .debug_info    0x00001e90     0x109d ./Core/Src/stm32h7xx_hal_timebase_tim.o
 .debug_info    0x00002f2d      0x7e6 ./Core/Src/stm32h7xx_it.o
 .debug_info    0x00003713      0xbf0 ./Core/Src/system_stm32h7xx.o
 .debug_info    0x00004303     0x109a ./Core/Src/usart.o
 .debug_info    0x0000539d       0x30 ./Core/Startup/startup_stm32h723zgtx.o
 .debug_info    0x000053cd      0x754 ./Core/ThreadSafe/newlib_lock_glue.o
 .debug_info    0x00005b21     0x1698 ./Drivers/STM32H7xx_HAL_Driver/Src/stm32h7xx_hal.o
 .debug_info    0x000071b9     0x10a5 ./Drivers/STM32H7xx_HAL_Driver/Src/stm32h7xx_hal_cortex.o
 .debug_info    0x0000825e      0xc6b ./Drivers/STM32H7xx_HAL_Driver/Src/stm32h7xx_hal_gpio.o
 .debug_info    0x00008ec9      0xdce ./Drivers/STM32H7xx_HAL_Driver/Src/stm32h7xx_hal_pwr_ex.o
 .debug_info    0x00009c97      0xd82 ./Drivers/STM32H7xx_HAL_Driver/Src/stm32h7xx_hal_rcc.o
 .debug_info    0x0000aa19     0x120b ./Drivers/STM32H7xx_HAL_Driver/Src/stm32h7xx_hal_rcc_ex.o
 .debug_info    0x0000bc24     0x2bae ./Drivers/STM32H7xx_HAL_Driver/Src/stm32h7xx_hal_tim.o
 .debug_info    0x0000e7d2     0x18c1 ./Drivers/STM32H7xx_HAL_Driver/Src/stm32h7xx_hal_tim_ex.o
 .debug_info    0x00010093     0x4b1d ./Drivers/STM32H7xx_HAL_Driver/Src/stm32h7xx_hal_uart.o
 .debug_info    0x00014bb0      0xfbf ./Drivers/STM32H7xx_HAL_Driver/Src/stm32h7xx_hal_uart_ex.o
 .debug_info    0x00015b6f     0x4417 ./Middlewares/Third_Party/FreeRTOS/Source/CMSIS_RTOS_V2/cmsis_os2.o
 .debug_info    0x00019f86      0x2af ./Middlewares/Third_Party/FreeRTOS/Source/list.o
 .debug_info    0x0001a235     0x1b79 ./Middlewares/Third_Party/FreeRTOS/Source/queue.o
 .debug_info    0x0001bdae     0x28c1 ./Middlewares/Third_Party/FreeRTOS/Source/tasks.o
 .debug_info    0x0001e66f     0x1b50 ./Middlewares/Third_Party/FreeRTOS/Source/timers.o
 .debug_info    0x000201bf      0x4de ./Middlewares/Third_Party/FreeRTOS/Source/portable/GCC/ARM_CM4F/port.o
 .debug_info    0x0002069d      0x4d5 ./Middlewares/Third_Party/FreeRTOS/Source/portable/MemMang/heap_4.o

.debug_abbrev   0x00000000     0x4125
 .debug_abbrev  0x00000000      0x19a ./Core/Src/freertos.o
 .debug_abbrev  0x0000019a      0x189 ./Core/Src/gpio.o
 .debug_abbrev  0x00000323      0x268 ./Core/Src/main.o
 .debug_abbrev  0x0000058b      0x11c ./Core/Src/stm32h7xx_hal_msp.o
 .debug_abbrev  0x000006a7      0x212 ./Core/Src/stm32h7xx_hal_timebase_tim.o
 .debug_abbrev  0x000008b9      0x17b ./Core/Src/stm32h7xx_it.o
 .debug_abbrev  0x00000a34      0x153 ./Core/Src/system_stm32h7xx.o
 .debug_abbrev  0x00000b87      0x241 ./Core/Src/usart.o
 .debug_abbrev  0x00000dc8       0x24 ./Core/Startup/startup_stm32h723zgtx.o
 .debug_abbrev  0x00000dec      0x2bf ./Core/ThreadSafe/newlib_lock_glue.o
 .debug_abbrev  0x000010ab      0x29e ./Drivers/STM32H7xx_HAL_Driver/Src/stm32h7xx_hal.o
 .debug_abbrev  0x00001349      0x339 ./Drivers/STM32H7xx_HAL_Driver/Src/stm32h7xx_hal_cortex.o
 .debug_abbrev  0x00001682      0x205 ./Drivers/STM32H7xx_HAL_Driver/Src/stm32h7xx_hal_gpio.o
 .debug_abbrev  0x00001887      0x295 ./Drivers/STM32H7xx_HAL_Driver/Src/stm32h7xx_hal_pwr_ex.o
 .debug_abbrev  0x00001b1c      0x2b1 ./Drivers/STM32H7xx_HAL_Driver/Src/stm32h7xx_hal_rcc.o
 .debug_abbrev  0x00001dcd      0x269 ./Drivers/STM32H7xx_HAL_Driver/Src/stm32h7xx_hal_rcc_ex.o
 .debug_abbrev  0x00002036      0x276 ./Drivers/STM32H7xx_HAL_Driver/Src/stm32h7xx_hal_tim.o
 .debug_abbrev  0x000022ac      0x296 ./Drivers/STM32H7xx_HAL_Driver/Src/stm32h7xx_hal_tim_ex.o
 .debug_abbrev  0x00002542      0x33d ./Drivers/STM32H7xx_HAL_Driver/Src/stm32h7xx_hal_uart.o
 .debug_abbrev  0x0000287f      0x2d2 ./Drivers/STM32H7xx_HAL_Driver/Src/stm32h7xx_hal_uart_ex.o
 .debug_abbrev  0x00002b51      0x54a ./Middlewares/Third_Party/FreeRTOS/Source/CMSIS_RTOS_V2/cmsis_os2.o
 .debug_abbrev  0x0000309b       0xf5 ./Middlewares/Third_Party/FreeRTOS/Source/list.o
 .debug_abbrev  0x00003190      0x3b6 ./Middlewares/Third_Party/FreeRTOS/Source/queue.o
 .debug_abbrev  0x00003546      0x3fe ./Middlewares/Third_Party/FreeRTOS/Source/tasks.o
 .debug_abbrev  0x00003944      0x368 ./Middlewares/Third_Party/FreeRTOS/Source/timers.o
 .debug_abbrev  0x00003cac      0x25c ./Middlewares/Third_Party/FreeRTOS/Source/portable/GCC/ARM_CM4F/port.o
 .debug_abbrev  0x00003f08      0x21d ./Middlewares/Third_Party/FreeRTOS/Source/portable/MemMang/heap_4.o

.debug_aranges  0x00000000     0x18e8
 .debug_aranges
                0x00000000       0x28 ./Core/Src/freertos.o
 .debug_aranges
                0x00000028       0x20 ./Core/Src/gpio.o
 .debug_aranges
                0x00000048       0x40 ./Core/Src/main.o
 .debug_aranges
                0x00000088       0x20 ./Core/Src/stm32h7xx_hal_msp.o
 .debug_aranges
                0x000000a8       0x30 ./Core/Src/stm32h7xx_hal_timebase_tim.o
 .debug_aranges
                0x000000d8       0x50 ./Core/Src/stm32h7xx_it.o
 .debug_aranges
                0x00000128       0x30 ./Core/Src/system_stm32h7xx.o
 .debug_aranges
                0x00000158       0x30 ./Core/Src/usart.o
 .debug_aranges
                0x00000188       0x28 ./Core/Startup/startup_stm32h723zgtx.o
 .debug_aranges
                0x000001b0       0xa0 ./Core/ThreadSafe/newlib_lock_glue.o
 .debug_aranges
                0x00000250      0x1c8 ./Drivers/STM32H7xx_HAL_Driver/Src/stm32h7xx_hal.o
 .debug_aranges
                0x00000418      0x130 ./Drivers/STM32H7xx_HAL_Driver/Src/stm32h7xx_hal_cortex.o
 .debug_aranges
                0x00000548       0x58 ./Drivers/STM32H7xx_HAL_Driver/Src/stm32h7xx_hal_gpio.o
 .debug_aranges
                0x000005a0      0x148 ./Drivers/STM32H7xx_HAL_Driver/Src/stm32h7xx_hal_pwr_ex.o
 .debug_aranges
                0x000006e8       0x88 ./Drivers/STM32H7xx_HAL_Driver/Src/stm32h7xx_hal_rcc.o
 .debug_aranges
                0x00000770       0xf8 ./Drivers/STM32H7xx_HAL_Driver/Src/stm32h7xx_hal_rcc_ex.o
 .debug_aranges
                0x00000868      0x3e0 ./Drivers/STM32H7xx_HAL_Driver/Src/stm32h7xx_hal_tim.o
 .debug_aranges
                0x00000c48      0x198 ./Drivers/STM32H7xx_HAL_Driver/Src/stm32h7xx_hal_tim_ex.o
 .debug_aranges
                0x00000de0      0x248 ./Drivers/STM32H7xx_HAL_Driver/Src/stm32h7xx_hal_uart.o
 .debug_aranges
                0x00001028       0xa8 ./Drivers/STM32H7xx_HAL_Driver/Src/stm32h7xx_hal_uart_ex.o
 .debug_aranges
                0x000010d0      0x2b0 ./Middlewares/Third_Party/FreeRTOS/Source/CMSIS_RTOS_V2/cmsis_os2.o
 .debug_aranges
                0x00001380       0x40 ./Middlewares/Third_Party/FreeRTOS/Source/list.o
 .debug_aranges
                0x000013c0      0x158 ./Middlewares/Third_Party/FreeRTOS/Source/queue.o
 .debug_aranges
                0x00001518      0x208 ./Middlewares/Third_Party/FreeRTOS/Source/tasks.o
 .debug_aranges
                0x00001720       0xf0 ./Middlewares/Third_Party/FreeRTOS/Source/timers.o
 .debug_aranges
                0x00001810       0x80 ./Middlewares/Third_Party/FreeRTOS/Source/portable/GCC/ARM_CM4F/port.o
 .debug_aranges
                0x00001890       0x58 ./Middlewares/Third_Party/FreeRTOS/Source/portable/MemMang/heap_4.o

.debug_rnglists
                0x00000000     0x134e
 .debug_rnglists
                0x00000000       0x19 ./Core/Src/freertos.o
 .debug_rnglists
                0x00000019       0x14 ./Core/Src/gpio.o
 .debug_rnglists
                0x0000002d       0x2c ./Core/Src/main.o
 .debug_rnglists
                0x00000059       0x13 ./Core/Src/stm32h7xx_hal_msp.o
 .debug_rnglists
                0x0000006c       0x20 ./Core/Src/stm32h7xx_hal_timebase_tim.o
 .debug_rnglists
                0x0000008c       0x37 ./Core/Src/stm32h7xx_it.o
 .debug_rnglists
                0x000000c3       0x21 ./Core/Src/system_stm32h7xx.o
 .debug_rnglists
                0x000000e4       0x21 ./Core/Src/usart.o
 .debug_rnglists
                0x00000105       0x19 ./Core/Startup/startup_stm32h723zgtx.o
 .debug_rnglists
                0x0000011e       0x74 ./Core/ThreadSafe/newlib_lock_glue.o
 .debug_rnglists
                0x00000192      0x155 ./Drivers/STM32H7xx_HAL_Driver/Src/stm32h7xx_hal.o
 .debug_rnglists
                0x000002e7       0xe0 ./Drivers/STM32H7xx_HAL_Driver/Src/stm32h7xx_hal_cortex.o
 .debug_rnglists
                0x000003c7       0x3f ./Drivers/STM32H7xx_HAL_Driver/Src/stm32h7xx_hal_gpio.o
 .debug_rnglists
                0x00000406       0xf5 ./Drivers/STM32H7xx_HAL_Driver/Src/stm32h7xx_hal_pwr_ex.o
 .debug_rnglists
                0x000004fb       0x68 ./Drivers/STM32H7xx_HAL_Driver/Src/stm32h7xx_hal_rcc.o
 .debug_rnglists
                0x00000563       0xc0 ./Drivers/STM32H7xx_HAL_Driver/Src/stm32h7xx_hal_rcc_ex.o
 .debug_rnglists
                0x00000623      0x328 ./Drivers/STM32H7xx_HAL_Driver/Src/stm32h7xx_hal_tim.o
 .debug_rnglists
                0x0000094b      0x14d ./Drivers/STM32H7xx_HAL_Driver/Src/stm32h7xx_hal_tim_ex.o
 .debug_rnglists
                0x00000a98      0x1fa ./Drivers/STM32H7xx_HAL_Driver/Src/stm32h7xx_hal_uart.o
 .debug_rnglists
                0x00000c92       0x7f ./Drivers/STM32H7xx_HAL_Driver/Src/stm32h7xx_hal_uart_ex.o
 .debug_rnglists
                0x00000d11      0x212 ./Middlewares/Third_Party/FreeRTOS/Source/CMSIS_RTOS_V2/cmsis_os2.o
 .debug_rnglists
                0x00000f23       0x2b ./Middlewares/Third_Party/FreeRTOS/Source/list.o
 .debug_rnglists
                0x00000f4e      0x109 ./Middlewares/Third_Party/FreeRTOS/Source/queue.o
 .debug_rnglists
                0x00001057      0x1a0 ./Middlewares/Third_Party/FreeRTOS/Source/tasks.o
 .debug_rnglists
                0x000011f7       0xb8 ./Middlewares/Third_Party/FreeRTOS/Source/timers.o
 .debug_rnglists
                0x000012af       0x5d ./Middlewares/Third_Party/FreeRTOS/Source/portable/GCC/ARM_CM4F/port.o
 .debug_rnglists
                0x0000130c       0x42 ./Middlewares/Third_Party/FreeRTOS/Source/portable/MemMang/heap_4.o

.debug_macro    0x00000000    0x35a42
 .debug_macro   0x00000000      0x354 ./Core/Src/freertos.o
 .debug_macro   0x00000354      0xad8 ./Core/Src/freertos.o
 .debug_macro   0x00000e2c      0x189 ./Core/Src/freertos.o
 .debug_macro   0x00000fb5       0x22 ./Core/Src/freertos.o
 .debug_macro   0x00000fd7       0x8e ./Core/Src/freertos.o
 .debug_macro   0x00001065       0x51 ./Core/Src/freertos.o
 .debug_macro   0x000010b6      0x103 ./Core/Src/freertos.o
 .debug_macro   0x000011b9       0x6a ./Core/Src/freertos.o
 .debug_macro   0x00001223      0x1df ./Core/Src/freertos.o
 .debug_macro   0x00001402      0x16f ./Core/Src/freertos.o
 .debug_macro   0x00001571      0x15a ./Core/Src/freertos.o
 .debug_macro   0x000016cb       0xc9 ./Core/Src/freertos.o
 .debug_macro   0x00001794       0x1c ./Core/Src/freertos.o
 .debug_macro   0x000017b0       0x26 ./Core/Src/freertos.o
 .debug_macro   0x000017d6       0x61 ./Core/Src/freertos.o
 .debug_macro   0x00001837       0x29 ./Core/Src/freertos.o
 .debug_macro   0x00001860       0x43 ./Core/Src/freertos.o
 .debug_macro   0x000018a3       0x34 ./Core/Src/freertos.o
 .debug_macro   0x000018d7       0x16 ./Core/Src/freertos.o
 .debug_macro   0x000018ed       0x43 ./Core/Src/freertos.o
 .debug_macro   0x00001930       0x34 ./Core/Src/freertos.o
 .debug_macro   0x00001964       0x10 ./Core/Src/freertos.o
 .debug_macro   0x00001974       0x58 ./Core/Src/freertos.o
 .debug_macro   0x000019cc       0x8e ./Core/Src/freertos.o
 .debug_macro   0x00001a5a       0x1c ./Core/Src/freertos.o
 .debug_macro   0x00001a76      0x177 ./Core/Src/freertos.o
 .debug_macro   0x00001bed       0x10 ./Core/Src/freertos.o
 .debug_macro   0x00001bfd       0x35 ./Core/Src/freertos.o
 .debug_macro   0x00001c32      0x4bf ./Core/Src/freertos.o
 .debug_macro   0x000020f1       0xb5 ./Core/Src/freertos.o
 .debug_macro   0x000021a6       0xaa ./Core/Src/freertos.o
 .debug_macro   0x00002250      0x238 ./Core/Src/freertos.o
 .debug_macro   0x00002488       0x2e ./Core/Src/freertos.o
 .debug_macro   0x000024b6       0x3b ./Core/Src/freertos.o
 .debug_macro   0x000024f1       0x1c ./Core/Src/freertos.o
 .debug_macro   0x0000250d       0x22 ./Core/Src/freertos.o
 .debug_macro   0x0000252f       0xfb ./Core/Src/freertos.o
 .debug_macro   0x0000262a     0x1305 ./Core/Src/freertos.o
 .debug_macro   0x0000392f      0x11f ./Core/Src/freertos.o
 .debug_macro   0x00003a4e       0x27 ./Core/Src/freertos.o
 .debug_macro   0x00003a75    0x216c1 ./Core/Src/freertos.o
 .debug_macro   0x00025136       0x6d ./Core/Src/freertos.o
 .debug_macro   0x000251a3     0x3d64 ./Core/Src/freertos.o
 .debug_macro   0x00028f07      0x369 ./Core/Src/freertos.o
 .debug_macro   0x00029270      0x19b ./Core/Src/freertos.o
 .debug_macro   0x0002940b       0x5d ./Core/Src/freertos.o
 .debug_macro   0x00029468     0x2462 ./Core/Src/freertos.o
 .debug_macro   0x0002b8ca     0x1079 ./Core/Src/freertos.o
 .debug_macro   0x0002c943      0x154 ./Core/Src/freertos.o
 .debug_macro   0x0002ca97      0x114 ./Core/Src/freertos.o
 .debug_macro   0x0002cbab      0x3fc ./Core/Src/freertos.o
 .debug_macro   0x0002cfa7       0xac ./Core/Src/freertos.o
 .debug_macro   0x0002d053      0x788 ./Core/Src/freertos.o
 .debug_macro   0x0002d7db      0x228 ./Core/Src/freertos.o
 .debug_macro   0x0002da03       0x66 ./Core/Src/freertos.o
 .debug_macro   0x0002da69      0x3a6 ./Core/Src/freertos.o
 .debug_macro   0x0002de0f      0x3f9 ./Core/Src/freertos.o
 .debug_macro   0x0002e208      0x275 ./Core/Src/freertos.o
 .debug_macro   0x0002e47d      0x3ca ./Core/Src/freertos.o
 .debug_macro   0x0002e847      0x45c ./Core/Src/freertos.o
 .debug_macro   0x0002eca3       0x3c ./Core/Src/freertos.o
 .debug_macro   0x0002ecdf       0x4a ./Core/Src/freertos.o
 .debug_macro   0x0002ed29      0x22c ./Core/Src/freertos.o
 .debug_macro   0x0002ef55       0x67 ./Core/Src/freertos.o
 .debug_macro   0x0002efbc       0xa5 ./Core/Src/freertos.o
 .debug_macro   0x0002f061      0x1c4 ./Core/Src/freertos.o
 .debug_macro   0x0002f225      0x22a ./Core/Src/freertos.o
 .debug_macro   0x0002f44f       0x35 ./Core/Src/freertos.o
 .debug_macro   0x0002f484      0xb24 ./Core/Src/freertos.o
 .debug_macro   0x0002ffa8      0x29f ./Core/Src/freertos.o
 .debug_macro   0x00030247      0x693 ./Core/Src/freertos.o
 .debug_macro   0x000308da       0xa6 ./Core/Src/freertos.o
 .debug_macro   0x00030980      0x5f2 ./Core/Src/freertos.o
 .debug_macro   0x00030f72       0x6c ./Core/Src/freertos.o
 .debug_macro   0x00030fde       0x74 ./Core/Src/freertos.o
 .debug_macro   0x00031052       0xdd ./Core/Src/freertos.o
 .debug_macro   0x0003112f      0x2bc ./Core/Src/gpio.o
 .debug_macro   0x000313eb      0x376 ./Core/Src/main.o
 .debug_macro   0x00031761      0x16f ./Core/Src/main.o
 .debug_macro   0x000318d0       0x16 ./Core/Src/main.o
 .debug_macro   0x000318e6       0x66 ./Core/Src/main.o
 .debug_macro   0x0003194c      0x2b2 ./Core/Src/stm32h7xx_hal_msp.o
 .debug_macro   0x00031bfe      0x2a8 ./Core/Src/stm32h7xx_hal_timebase_tim.o
 .debug_macro   0x00031ea6      0x2bc ./Core/Src/stm32h7xx_it.o
 .debug_macro   0x00032162      0x2a8 ./Core/Src/system_stm32h7xx.o
 .debug_macro   0x0003240a      0x2bc ./Core/Src/usart.o
 .debug_macro   0x000326c6      0x202 ./Core/ThreadSafe/newlib_lock_glue.o
 .debug_macro   0x000328c8      0x118 ./Core/ThreadSafe/newlib_lock_glue.o
 .debug_macro   0x000329e0       0x22 ./Core/ThreadSafe/newlib_lock_glue.o
 .debug_macro   0x00032a02       0x27 ./Core/ThreadSafe/newlib_lock_glue.o
 .debug_macro   0x00032a29      0x2d2 ./Drivers/STM32H7xx_HAL_Driver/Src/stm32h7xx_hal.o
 .debug_macro   0x00032cfb      0x2a8 ./Drivers/STM32H7xx_HAL_Driver/Src/stm32h7xx_hal_cortex.o
 .debug_macro   0x00032fa3      0x2af ./Drivers/STM32H7xx_HAL_Driver/Src/stm32h7xx_hal_gpio.o
 .debug_macro   0x00033252      0x2e1 ./Drivers/STM32H7xx_HAL_Driver/Src/stm32h7xx_hal_pwr_ex.o
 .debug_macro   0x00033533      0x2cc ./Drivers/STM32H7xx_HAL_Driver/Src/stm32h7xx_hal_rcc.o
 .debug_macro   0x000337ff      0x2c6 ./Drivers/STM32H7xx_HAL_Driver/Src/stm32h7xx_hal_rcc_ex.o
 .debug_macro   0x00033ac5      0x2a9 ./Drivers/STM32H7xx_HAL_Driver/Src/stm32h7xx_hal_tim.o
 .debug_macro   0x00033d6e      0x2ae ./Drivers/STM32H7xx_HAL_Driver/Src/stm32h7xx_hal_tim_ex.o
 .debug_macro   0x0003401c      0x2d3 ./Drivers/STM32H7xx_HAL_Driver/Src/stm32h7xx_hal_uart.o
 .debug_macro   0x000342ef      0x2b4 ./Drivers/STM32H7xx_HAL_Driver/Src/stm32h7xx_hal_uart_ex.o
 .debug_macro   0x000345a3      0x419 ./Middlewares/Third_Party/FreeRTOS/Source/CMSIS_RTOS_V2/cmsis_os2.o
 .debug_macro   0x000349bc       0x10 ./Middlewares/Third_Party/FreeRTOS/Source/CMSIS_RTOS_V2/cmsis_os2.o
 .debug_macro   0x000349cc       0x20 ./Middlewares/Third_Party/FreeRTOS/Source/CMSIS_RTOS_V2/cmsis_os2.o
 .debug_macro   0x000349ec       0x10 ./Middlewares/Third_Party/FreeRTOS/Source/CMSIS_RTOS_V2/cmsis_os2.o
 .debug_macro   0x000349fc       0xf5 ./Middlewares/Third_Party/FreeRTOS/Source/CMSIS_RTOS_V2/cmsis_os2.o
 .debug_macro   0x00034af1       0x91 ./Middlewares/Third_Party/FreeRTOS/Source/CMSIS_RTOS_V2/cmsis_os2.o
 .debug_macro   0x00034b82       0x8d ./Middlewares/Third_Party/FreeRTOS/Source/CMSIS_RTOS_V2/cmsis_os2.o
 .debug_macro   0x00034c0f       0x9a ./Middlewares/Third_Party/FreeRTOS/Source/CMSIS_RTOS_V2/cmsis_os2.o
 .debug_macro   0x00034ca9       0x22 ./Middlewares/Third_Party/FreeRTOS/Source/CMSIS_RTOS_V2/cmsis_os2.o
 .debug_macro   0x00034ccb      0x199 ./Middlewares/Third_Party/FreeRTOS/Source/list.o
 .debug_macro   0x00034e64      0x228 ./Middlewares/Third_Party/FreeRTOS/Source/queue.o
 .debug_macro   0x0003508c       0x16 ./Middlewares/Third_Party/FreeRTOS/Source/queue.o
 .debug_macro   0x000350a2       0x87 ./Middlewares/Third_Party/FreeRTOS/Source/queue.o
 .debug_macro   0x00035129      0x291 ./Middlewares/Third_Party/FreeRTOS/Source/tasks.o
 .debug_macro   0x000353ba       0x10 ./Middlewares/Third_Party/FreeRTOS/Source/tasks.o
 .debug_macro   0x000353ca      0x1ee ./Middlewares/Third_Party/FreeRTOS/Source/timers.o
 .debug_macro   0x000355b8       0x97 ./Middlewares/Third_Party/FreeRTOS/Source/timers.o
 .debug_macro   0x0003564f      0x233 ./Middlewares/Third_Party/FreeRTOS/Source/portable/GCC/ARM_CM4F/port.o
 .debug_macro   0x00035882      0x1c0 ./Middlewares/Third_Party/FreeRTOS/Source/portable/MemMang/heap_4.o

.debug_line     0x00000000    0x1f60f
 .debug_line    0x00000000      0xa6e ./Core/Src/freertos.o
 .debug_line    0x00000a6e      0x8eb ./Core/Src/gpio.o
 .debug_line    0x00001359      0xb2b ./Core/Src/main.o
 .debug_line    0x00001e84      0x8db ./Core/Src/stm32h7xx_hal_msp.o
 .debug_line    0x0000275f      0x94f ./Core/Src/stm32h7xx_hal_timebase_tim.o
 .debug_line    0x000030ae      0x978 ./Core/Src/stm32h7xx_it.o
 .debug_line    0x00003a26      0xacd ./Core/Src/system_stm32h7xx.o
 .debug_line    0x000044f3      0x97c ./Core/Src/usart.o
 .debug_line    0x00004e6f       0x7b ./Core/Startup/startup_stm32h723zgtx.o
 .debug_line    0x00004eea      0xa98 ./Core/ThreadSafe/newlib_lock_glue.o
 .debug_line    0x00005982      0xf1d ./Drivers/STM32H7xx_HAL_Driver/Src/stm32h7xx_hal.o
 .debug_line    0x0000689f      0xebb ./Drivers/STM32H7xx_HAL_Driver/Src/stm32h7xx_hal_cortex.o
 .debug_line    0x0000775a      0xd50 ./Drivers/STM32H7xx_HAL_Driver/Src/stm32h7xx_hal_gpio.o
 .debug_line    0x000084aa      0xf0a ./Drivers/STM32H7xx_HAL_Driver/Src/stm32h7xx_hal_pwr_ex.o
 .debug_line    0x000093b4     0x13b3 ./Drivers/STM32H7xx_HAL_Driver/Src/stm32h7xx_hal_rcc.o
 .debug_line    0x0000a767     0x1d00 ./Drivers/STM32H7xx_HAL_Driver/Src/stm32h7xx_hal_rcc_ex.o
 .debug_line    0x0000c467     0x40a6 ./Drivers/STM32H7xx_HAL_Driver/Src/stm32h7xx_hal_tim.o
 .debug_line    0x0001050d     0x1f80 ./Drivers/STM32H7xx_HAL_Driver/Src/stm32h7xx_hal_tim_ex.o
 .debug_line    0x0001248d     0x3fb8 ./Drivers/STM32H7xx_HAL_Driver/Src/stm32h7xx_hal_uart.o
 .debug_line    0x00016445      0xf2a ./Drivers/STM32H7xx_HAL_Driver/Src/stm32h7xx_hal_uart_ex.o
 .debug_line    0x0001736f     0x2405 ./Middlewares/Third_Party/FreeRTOS/Source/CMSIS_RTOS_V2/cmsis_os2.o
 .debug_line    0x00019774      0x798 ./Middlewares/Third_Party/FreeRTOS/Source/list.o
 .debug_line    0x00019f0c     0x1762 ./Middlewares/Third_Party/FreeRTOS/Source/queue.o
 .debug_line    0x0001b66e     0x1e5d ./Middlewares/Third_Party/FreeRTOS/Source/tasks.o
 .debug_line    0x0001d4cb      0xe20 ./Middlewares/Third_Party/FreeRTOS/Source/timers.o
 .debug_line    0x0001e2eb      0x961 ./Middlewares/Third_Party/FreeRTOS/Source/portable/GCC/ARM_CM4F/port.o
 .debug_line    0x0001ec4c      0x9c3 ./Middlewares/Third_Party/FreeRTOS/Source/portable/MemMang/heap_4.o

.debug_str      0x00000000   0x158ac5
 .debug_str     0x00000000   0x14b7b4 ./Core/Src/freertos.o
                             0x14bc44 (size before relaxing)
 .debug_str     0x0014b7b4      0x290 ./Core/Src/gpio.o
                             0x14702b (size before relaxing)
 .debug_str     0x0014ba44      0x8b4 ./Core/Src/main.o
                             0x14c084 (size before relaxing)
 .debug_str     0x0014c2f8      0x79b ./Core/Src/stm32h7xx_hal_msp.o
                             0x14775d (size before relaxing)
 .debug_str     0x0014ca93      0x11a ./Core/Src/stm32h7xx_hal_timebase_tim.o
                             0x147f2f (size before relaxing)
 .debug_str     0x0014cbad       0xb9 ./Core/Src/stm32h7xx_it.o
                             0x147407 (size before relaxing)
 .debug_str     0x0014cc66      0x2c5 ./Core/Src/system_stm32h7xx.o
                             0x147240 (size before relaxing)
 .debug_str     0x0014cf2b      0x5f4 ./Core/Src/usart.o
                             0x1479bb (size before relaxing)
 .debug_str     0x0014d51f       0x44 ./Core/Startup/startup_stm32h723zgtx.o
                                 0x79 (size before relaxing)
 .debug_str     0x0014d563     0x1a35 ./Core/ThreadSafe/newlib_lock_glue.o
                               0xd436 (size before relaxing)
 .debug_str     0x0014ef98      0x974 ./Drivers/STM32H7xx_HAL_Driver/Src/stm32h7xx_hal.o
                             0x14828b (size before relaxing)
 .debug_str     0x0014f90c      0x350 ./Drivers/STM32H7xx_HAL_Driver/Src/stm32h7xx_hal_cortex.o
                             0x147ba5 (size before relaxing)
 .debug_str     0x0014fc5c       0xec ./Drivers/STM32H7xx_HAL_Driver/Src/stm32h7xx_hal_gpio.o
                             0x14724c (size before relaxing)
 .debug_str     0x0014fd48      0x5e7 ./Drivers/STM32H7xx_HAL_Driver/Src/stm32h7xx_hal_pwr_ex.o
                             0x147654 (size before relaxing)
 .debug_str     0x0015032f      0x1f8 ./Drivers/STM32H7xx_HAL_Driver/Src/stm32h7xx_hal_rcc.o
                             0x1475cf (size before relaxing)
 .debug_str     0x00150527      0x64b ./Drivers/STM32H7xx_HAL_Driver/Src/stm32h7xx_hal_rcc_ex.o
                             0x147ae7 (size before relaxing)
 .debug_str     0x00150b72      0xe9f ./Drivers/STM32H7xx_HAL_Driver/Src/stm32h7xx_hal_tim.o