Archive member included to satisfy reference by file (symbol)

D:/ToolPath/ARM-NO~1/BASE_F~1/14EFD8~1.2RE/bin/../lib/gcc/arm-none-eabi/14.2.1/thumb/v7e-m+dp/hard\libgcc.a(_aeabi_uldivmod.o)
                              CMakeFiles/STM32H723ZGT6_HAL_CMake.elf.dir/Drivers/STM32H7xx_HAL_Driver/Src/stm32h7xx_hal_uart.c.obj (__aeabi_uldivmod)
D:/ToolPath/ARM-NO~1/BASE_F~1/14EFD8~1.2RE/bin/../lib/gcc/arm-none-eabi/14.2.1/thumb/v7e-m+dp/hard\libgcc.a(_udivmoddi4.o)
                              D:/ToolPath/ARM-NO~1/BASE_F~1/14EFD8~1.2RE/bin/../lib/gcc/arm-none-eabi/14.2.1/thumb/v7e-m+dp/hard\libgcc.a(_aeabi_uldivmod.o) (__udivmoddi4)
D:/ToolPath/ARM-NO~1/BASE_F~1/14EFD8~1.2RE/bin/../lib/gcc/arm-none-eabi/14.2.1/thumb/v7e-m+dp/hard\libgcc.a(_dvmd_tls.o)
                              D:/ToolPath/ARM-NO~1/BASE_F~1/14EFD8~1.2RE/bin/../lib/gcc/arm-none-eabi/14.2.1/thumb/v7e-m+dp/hard\libgcc.a(_aeabi_uldivmod.o) (__aeabi_ldiv0)
D:/ToolPath/ARM-NO~1/BASE_F~1/14EFD8~1.2RE/bin/../lib/gcc/arm-none-eabi/14.2.1/thumb/v7e-m+dp/hard\libg_nano.a(libc_a-exit.o)
                              D:/ToolPath/ARM-NO~1/BASE_F~1/14EFD8~1.2RE/bin/../lib/gcc/arm-none-eabi/14.2.1/thumb/v7e-m+dp/hard/crt0.o (exit)
D:/ToolPath/ARM-NO~1/BASE_F~1/14EFD8~1.2RE/bin/../lib/gcc/arm-none-eabi/14.2.1/thumb/v7e-m+dp/hard\libg_nano.a(libc_a-malloc.o)
                              CMakeFiles/STM32H723ZGT6_HAL_CMake.elf.dir/Core/ThreadSafe/newlib_lock_glue.c.obj (malloc)
D:/ToolPath/ARM-NO~1/BASE_F~1/14EFD8~1.2RE/bin/../lib/gcc/arm-none-eabi/14.2.1/thumb/v7e-m+dp/hard\libg_nano.a(libc_a-mallocr.o)
                              D:/ToolPath/ARM-NO~1/BASE_F~1/14EFD8~1.2RE/bin/../lib/gcc/arm-none-eabi/14.2.1/thumb/v7e-m+dp/hard\libg_nano.a(libc_a-malloc.o) (_malloc_r)
D:/ToolPath/ARM-NO~1/BASE_F~1/14EFD8~1.2RE/bin/../lib/gcc/arm-none-eabi/14.2.1/thumb/v7e-m+dp/hard\libg_nano.a(libc_a-mlock.o)
                              D:/ToolPath/ARM-NO~1/BASE_F~1/14EFD8~1.2RE/bin/../lib/gcc/arm-none-eabi/14.2.1/thumb/v7e-m+dp/hard\libg_nano.a(libc_a-mallocr.o) (__malloc_lock)
D:/ToolPath/ARM-NO~1/BASE_F~1/14EFD8~1.2RE/bin/../lib/gcc/arm-none-eabi/14.2.1/thumb/v7e-m+dp/hard\libg_nano.a(libc_a-nano-vfprintf_float.o)
                              (_printf_float)
D:/ToolPath/ARM-NO~1/BASE_F~1/14EFD8~1.2RE/bin/../lib/gcc/arm-none-eabi/14.2.1/thumb/v7e-m+dp/hard\libg_nano.a(libc_a-nano-vfprintf_i.o)
                              D:/ToolPath/ARM-NO~1/BASE_F~1/14EFD8~1.2RE/bin/../lib/gcc/arm-none-eabi/14.2.1/thumb/v7e-m+dp/hard\libg_nano.a(libc_a-nano-vfprintf_float.o) (_printf_common)
D:/ToolPath/ARM-NO~1/BASE_F~1/14EFD8~1.2RE/bin/../lib/gcc/arm-none-eabi/14.2.1/thumb/v7e-m+dp/hard\libg_nano.a(libc_a-findfp.o)
                              CMakeFiles/STM32H723ZGT6_HAL_CMake.elf.dir/Middlewares/Third_Party/FreeRTOS/Source/tasks.c.obj (__sf)
D:/ToolPath/ARM-NO~1/BASE_F~1/14EFD8~1.2RE/bin/../lib/gcc/arm-none-eabi/14.2.1/thumb/v7e-m+dp/hard\libg_nano.a(libc_a-fwalk.o)
                              D:/ToolPath/ARM-NO~1/BASE_F~1/14EFD8~1.2RE/bin/../lib/gcc/arm-none-eabi/14.2.1/thumb/v7e-m+dp/hard\libg_nano.a(libc_a-findfp.o) (_fwalk_sglue)
D:/ToolPath/ARM-NO~1/BASE_F~1/14EFD8~1.2RE/bin/../lib/gcc/arm-none-eabi/14.2.1/thumb/v7e-m+dp/hard\libg_nano.a(libc_a-sprintf.o)
                              CMakeFiles/STM32H723ZGT6_HAL_CMake.elf.dir/Core/Src/spiLCD.c.obj (sprintf)
D:/ToolPath/ARM-NO~1/BASE_F~1/14EFD8~1.2RE/bin/../lib/gcc/arm-none-eabi/14.2.1/thumb/v7e-m+dp/hard\libg_nano.a(libc_a-sscanf.o)
                              CMakeFiles/STM32H723ZGT6_HAL_CMake.elf.dir/Core/Src/rtc.c.obj (sscanf)
D:/ToolPath/ARM-NO~1/BASE_F~1/14EFD8~1.2RE/bin/../lib/gcc/arm-none-eabi/14.2.1/thumb/v7e-m+dp/hard\libg_nano.a(libc_a-stdio.o)
                              D:/ToolPath/ARM-NO~1/BASE_F~1/14EFD8~1.2RE/bin/../lib/gcc/arm-none-eabi/14.2.1/thumb/v7e-m+dp/hard\libg_nano.a(libc_a-findfp.o) (__sread)
D:/ToolPath/ARM-NO~1/BASE_F~1/14EFD8~1.2RE/bin/../lib/gcc/arm-none-eabi/14.2.1/thumb/v7e-m+dp/hard\libg_nano.a(libc_a-vsnprintf.o)
                              CMakeFiles/STM32H723ZGT6_HAL_CMake.elf.dir/Core/Src/spiLCD.c.obj (vsnprintf)
D:/ToolPath/ARM-NO~1/BASE_F~1/14EFD8~1.2RE/bin/../lib/gcc/arm-none-eabi/14.2.1/thumb/v7e-m+dp/hard\libg_nano.a(libc_a-memset.o)
                              D:/ToolPath/ARM-NO~1/BASE_F~1/14EFD8~1.2RE/bin/../lib/gcc/arm-none-eabi/14.2.1/thumb/v7e-m+dp/hard/crt0.o (memset)
D:/ToolPath/ARM-NO~1/BASE_F~1/14EFD8~1.2RE/bin/../lib/gcc/arm-none-eabi/14.2.1/thumb/v7e-m+dp/hard\libg_nano.a(libc_a-strncmp.o)
                              CMakeFiles/STM32H723ZGT6_HAL_CMake.elf.dir/Core/Src/rtc.c.obj (strncmp)
D:/ToolPath/ARM-NO~1/BASE_F~1/14EFD8~1.2RE/bin/../lib/gcc/arm-none-eabi/14.2.1/thumb/v7e-m+dp/hard\libg_nano.a(libc_a-localeconv.o)
                              D:/ToolPath/ARM-NO~1/BASE_F~1/14EFD8~1.2RE/bin/../lib/gcc/arm-none-eabi/14.2.1/thumb/v7e-m+dp/hard\libg_nano.a(libc_a-nano-vfprintf_float.o) (_localeconv_r)
[...]
Memory Configuration

Name             Origin             Length             Attributes
ITCMRAM          0x00000000         0x00010000         xrw
DTCMRAM          0x20000000         0x00020000         xrw
FLASH            0x08000000         0x00100000         xr
RAM_D1           0x24000000         0x00050000         xrw
RAM_D2           0x30000000         0x00008000         xrw
RAM_D3           0x38000000         0x00004000         xrw
*default*        0x00000000         0xffffffff

Linker script and memory map

LOAD D:/ToolPath/ARM-NO~1/BASE_F~1/14EFD8~1.2RE/bin/../lib/gcc/arm-none-eabi/14.2.1/thumb/v7e-m+dp/hard/crti.o
LOAD D:/ToolPath/ARM-NO~1/BASE_F~1/14EFD8~1.2RE/bin/../lib/gcc/arm-none-eabi/14.2.1/thumb/v7e-m+dp/hard/crtbegin.o
LOAD D:/ToolPath/ARM-NO~1/BASE_F~1/14EFD8~1.2RE/bin/../lib/gcc/arm-none-eabi/14.2.1/thumb/v7e-m+dp/hard/crt0.o
LOAD CMakeFiles/STM32H723ZGT6_HAL_CMake.elf.dir/Core/Src/bdma.c.obj
LOAD CMakeFiles/STM32H723ZGT6_HAL_CMake.elf.dir/Core/Src/dma.c.obj
LOAD CMakeFiles/STM32H723ZGT6_HAL_CMake.elf.dir/Core/Src/dts.c.obj
LOAD CMakeFiles/STM32H723ZGT6_HAL_CMake.elf.dir/Core/Src/freertos.c.obj
LOAD CMakeFiles/STM32H723ZGT6_HAL_CMake.elf.dir/Core/Src/gpio.c.obj
LOAD CMakeFiles/STM32H723ZGT6_HAL_CMake.elf.dir/Core/Src/lcdFont.c.obj
LOAD CMakeFiles/STM32H723ZGT6_HAL_CMake.elf.dir/Core/Src/main.c.obj
LOAD CMakeFiles/STM32H723ZGT6_HAL_CMake.elf.dir/Core/Src/memorymap.c.obj
LOAD CMakeFiles/STM32H723ZGT6_HAL_CMake.elf.dir/Core/Src/octospi.c.obj
LOAD CMakeFiles/STM32H723ZGT6_HAL_CMake.elf.dir/Core/Src/rtc.c.obj
LOAD CMakeFiles/STM32H723ZGT6_HAL_CMake.elf.dir/Core/Src/sdmmc.c.obj
LOAD CMakeFiles/STM32H723ZGT6_HAL_CMake.elf.dir/Core/Src/spi.c.obj
LOAD CMakeFiles/STM32H723ZGT6_HAL_CMake.elf.dir/Core/Src/spiLCD.c.obj
LOAD CMakeFiles/STM32H723ZGT6_HAL_CMake.elf.dir/Core/Src/stm32h7xx_hal_msp.c.obj
LOAD CMakeFiles/STM32H723ZGT6_HAL_CMake.elf.dir/Core/Src/stm32h7xx_hal_timebase_tim.c.obj
LOAD CMakeFiles/STM32H723ZGT6_HAL_CMake.elf.dir/Core/Src/stm32h7xx_it.c.obj
LOAD CMakeFiles/STM32H723ZGT6_HAL_CMake.elf.dir/Core/Src/syscalls.c.obj
LOAD CMakeFiles/STM32H723ZGT6_HAL_CMake.elf.dir/Core/Src/sysmem.c.obj
LOAD CMakeFiles/STM32H723ZGT6_HAL_CMake.elf.dir/Core/Src/system_stm32h7xx.c.obj
LOAD CMakeFiles/STM32H723ZGT6_HAL_CMake.elf.dir/Core/Src/usart.c.obj
LOAD CMakeFiles/STM32H723ZGT6_HAL_CMake.elf.dir/Core/Startup/startup_stm32h723zgtx.s.obj
LOAD CMakeFiles/STM32H723ZGT6_HAL_CMake.elf.dir/Core/ThreadSafe/newlib_lock_glue.c.obj
LOAD CMakeFiles/STM32H723ZGT6_HAL_CMake.elf.dir/Drivers/STM32H7xx_HAL_Driver/Src/stm32h7xx_hal.c.obj
LOAD CMakeFiles/STM32H723ZGT6_HAL_CMake.elf.dir/Drivers/STM32H7xx_HAL_Driver/Src/stm32h7xx_hal_cortex.c.obj
LOAD CMakeFiles/STM32H723ZGT6_HAL_CMake.elf.dir/Drivers/STM32H7xx_HAL_Driver/Src/stm32h7xx_hal_dma.c.obj
LOAD CMakeFiles/STM32H723ZGT6_HAL_CMake.elf.dir/Drivers/STM32H7xx_HAL_Driver/Src/stm32h7xx_hal_dma_ex.c.obj
LOAD CMakeFiles/STM32H723ZGT6_HAL_CMake.elf.dir/Drivers/STM32H7xx_HAL_Driver/Src/stm32h7xx_hal_dts.c.obj
LOAD CMakeFiles/STM32H723ZGT6_HAL_CMake.elf.dir/Drivers/STM32H7xx_HAL_Driver/Src/stm32h7xx_hal_exti.c.obj
LOAD CMakeFiles/STM32H723ZGT6_HAL_CMake.elf.dir/Drivers/STM32H7xx_HAL_Driver/Src/stm32h7xx_hal_flash.c.obj
LOAD CMakeFiles/STM32H723ZGT6_HAL_CMake.elf.dir/Drivers/STM32H7xx_HAL_Driver/Src/stm32h7xx_hal_flash_ex.c.obj
LOAD CMakeFiles/STM32H723ZGT6_HAL_CMake.elf.dir/Drivers/STM32H7xx_HAL_Driver/Src/stm32h7xx_hal_gpio.c.obj
LOAD CMakeFiles/STM32H723ZGT6_HAL_CMake.elf.dir/Drivers/STM32H7xx_HAL_Driver/Src/stm32h7xx_hal_hsem.c.obj
LOAD CMakeFiles/STM32H723ZGT6_HAL_CMake.elf.dir/Drivers/STM32H7xx_HAL_Driver/Src/stm32h7xx_hal_i2c.c.obj
LOAD CMakeFiles/STM32H723ZGT6_HAL_CMake.elf.dir/Drivers/STM32H7xx_HAL_Driver/Src/stm32h7xx_hal_i2c_ex.c.obj
LOAD CMakeFiles/STM32H723ZGT6_HAL_CMake.elf.dir/Drivers/STM32H7xx_HAL_Driver/Src/stm32h7xx_hal_mdma.c.obj
LOAD CMakeFiles/STM32H723ZGT6_HAL_CMake.elf.dir/Drivers/STM32H7xx_HAL_Driver/Src/stm32h7xx_hal_mmc.c.obj
LOAD CMakeFiles/STM32H723ZGT6_HAL_CMake.elf.dir/Drivers/STM32H7xx_HAL_Driver/Src/stm32h7xx_hal_mmc_ex.c.obj
LOAD CMakeFiles/STM32H723ZGT6_HAL_CMake.elf.dir/Drivers/STM32H7xx_HAL_Driver/Src/stm32h7xx_hal_ospi.c.obj
LOAD CMakeFiles/STM32H723ZGT6_HAL_CMake.elf.dir/Drivers/STM32H7xx_HAL_Driver/Src/stm32h7xx_hal_pwr.c.obj
LOAD CMakeFiles/STM32H723ZGT6_HAL_CMake.elf.dir/Drivers/STM32H7xx_HAL_Driver/Src/stm32h7xx_hal_pwr_ex.c.obj
LOAD CMakeFiles/STM32H723ZGT6_HAL_CMake.elf.dir/Drivers/STM32H7xx_HAL_Driver/Src/stm32h7xx_hal_rcc.c.obj
LOAD CMakeFiles/STM32H723ZGT6_HAL_CMake.elf.dir/Drivers/STM32H7xx_HAL_Driver/Src/stm32h7xx_hal_rcc_ex.c.obj
LOAD CMakeFiles/STM32H723ZGT6_HAL_CMake.elf.dir/Drivers/STM32H7xx_HAL_Driver/Src/stm32h7xx_hal_rtc.c.obj
LOAD CMakeFiles/STM32H723ZGT6_HAL_CMake.elf.dir/Drivers/STM32H7xx_HAL_Driver/Src/stm32h7xx_hal_rtc_ex.c.obj
LOAD CMakeFiles/STM32H723ZGT6_HAL_CMake.elf.dir/Drivers/STM32H7xx_HAL_Driver/Src/stm32h7xx_hal_sd.c.obj
LOAD CMakeFiles/STM32H723ZGT6_HAL_CMake.elf.dir/Drivers/STM32H7xx_HAL_Driver/Src/stm32h7xx_hal_sd_ex.c.obj
LOAD CMakeFiles/STM32H723ZGT6_HAL_CMake.elf.dir/Drivers/STM32H7xx_HAL_Driver/Src/stm32h7xx_hal_spi.c.obj
LOAD CMakeFiles/STM32H723ZGT6_HAL_CMake.elf.dir/Drivers/STM32H7xx_HAL_Driver/Src/stm32h7xx_hal_spi_ex.c.obj
LOAD CMakeFiles/STM32H723ZGT6_HAL_CMake.elf.dir/Drivers/STM32H7xx_HAL_Driver/Src/stm32h7xx_hal_tim.c.obj
LOAD CMakeFiles/STM32H723ZGT6_HAL_CMake.elf.dir/Drivers/STM32H7xx_HAL_Driver/Src/stm32h7xx_hal_tim_ex.c.obj
LOAD CMakeFiles/STM32H723ZGT6_HAL_CMake.elf.dir/Drivers/STM32H7xx_HAL_Driver/Src/stm32h7xx_hal_uart.c.obj
LOAD CMakeFiles/STM32H723ZGT6_HAL_CMake.elf.dir/Drivers/STM32H7xx_HAL_Driver/Src/stm32h7xx_hal_uart_ex.c.obj
LOAD CMakeFiles/STM32H723ZGT6_HAL_CMake.elf.dir/Drivers/STM32H7xx_HAL_Driver/Src/stm32h7xx_ll_delayblock.c.obj
LOAD CMakeFiles/STM32H723ZGT6_HAL_CMake.elf.dir/Drivers/STM32H7xx_HAL_Driver/Src/stm32h7xx_ll_sdmmc.c.obj
LOAD CMakeFiles/STM32H723ZGT6_HAL_CMake.elf.dir/FATFS/App/fatfs.c.obj
LOAD CMakeFiles/STM32H723ZGT6_HAL_CMake.elf.dir/FATFS/Target/bsp_driver_sd.c.obj
LOAD CMakeFiles/STM32H723ZGT6_HAL_CMake.elf.dir/FATFS/Target/sd_diskio.c.obj
LOAD CMakeFiles/STM32H723ZGT6_HAL_CMake.elf.dir/FATFS/Target/user_diskio.c.obj
LOAD CMakeFiles/STM32H723ZGT6_HAL_CMake.elf.dir/Middlewares/Third_Party/Fatfs/src/diskio.c.obj
LOAD CMakeFiles/STM32H723ZGT6_HAL_CMake.elf.dir/Middlewares/Third_Party/Fatfs/src/ff.c.obj
LOAD CMakeFiles/STM32H723ZGT6_HAL_CMake.elf.dir/Middlewares/Third_Party/Fatfs/src/ff_gen_drv.c.obj
LOAD CMakeFiles/STM32H723ZGT6_HAL_CMake.elf.dir/Middlewares/Third_Party/Fatfs/src/option/cc936.c.obj
LOAD CMakeFiles/STM32H723ZGT6_HAL_CMake.elf.dir/Middlewares/Third_Party/Fatfs/src/option/syscall.c.obj
LOAD CMakeFiles/STM32H723ZGT6_HAL_CMake.elf.dir/Middlewares/Third_Party/FreeRTOS/Source/CMSIS_RTOS_V2/cmsis_os2.c.obj
LOAD CMakeFiles/STM32H723ZGT6_HAL_CMake.elf.dir/Middlewares/Third_Party/FreeRTOS/Source/croutine.c.obj
LOAD CMakeFiles/STM32H723ZGT6_HAL_CMake.elf.dir/Middlewares/Third_Party/FreeRTOS/Source/event_groups.c.obj
LOAD CMakeFiles/STM32H723ZGT6_HAL_CMake.elf.dir/Middlewares/Third_Party/FreeRTOS/Source/list.c.obj
LOAD CMakeFiles/STM32H723ZGT6_HAL_CMake.elf.dir/Middlewares/Third_Party/FreeRTOS/Source/portable/GCC/ARM_CM4F/port.c.obj
LOAD CMakeFiles/STM32H723ZGT6_HAL_CMake.elf.dir/Middlewares/Third_Party/FreeRTOS/Source/portable/MemMang/heap_4.c.obj
LOAD CMakeFiles/STM32H723ZGT6_HAL_CMake.elf.dir/Middlewares/Third_Party/FreeRTOS/Source/queue.c.obj
LOAD CMakeFiles/STM32H723ZGT6_HAL_CMake.elf.dir/Middlewares/Third_Party/FreeRTOS/Source/stream_buffer.c.obj
LOAD CMakeFiles/STM32H723ZGT6_HAL_CMake.elf.dir/Middlewares/Third_Party/FreeRTOS/Source/tasks.c.obj
LOAD CMakeFiles/STM32H723ZGT6_HAL_CMake.elf.dir/Middlewares/Third_Party/FreeRTOS/Source/timers.c.obj
START GROUP
LOAD D:/ToolPath/ARM-NO~1/BASE_F~1/14EFD8~1.2RE/bin/../lib/gcc/arm-none-eabi/14.2.1/thumb/v7e-m+dp/hard\libgcc.a
LOAD D:/ToolPath/ARM-NO~1/BASE_F~1/14EFD8~1.2RE/bin/../lib/gcc/arm-none-eabi/14.2.1/thumb/v7e-m+dp/hard\libg_nano.a
LOAD D:/ToolPath/ARM-NO~1/BASE_F~1/14EFD8~1.2RE/bin/../lib/gcc/arm-none-eabi/14.2.1/thumb/v7e-m+dp/hard\libc_nano.a
END GROUP
START GROUP
LOAD D:/ToolPath/ARM-NO~1/BASE_F~1/14EFD8~1.2RE/bin/../lib/gcc/arm-none-eabi/14.2.1/thumb/v7e-m+dp/hard\libgcc.a
LOAD D:/ToolPath/ARM-NO~1/BASE_F~1/14EFD8~1.2RE/bin/../lib/gcc/arm-none-eabi/14.2.1/thumb/v7e-m+dp/hard\libc_nano.a
END GROUP
LOAD D:/ToolPath/ARM-NO~1/BASE_F~1/14EFD8~1.2RE/bin/../lib/gcc/arm-none-eabi/14.2.1/thumb/v7e-m+dp/hard/crtend.o
LOAD D:/ToolPath/ARM-NO~1/BASE_F~1/14EFD8~1.2RE/bin/../lib/gcc/arm-none-eabi/14.2.1/thumb/v7e-m+dp/hard/crtn.o
                0x24050000                        _estack = (ORIGIN (RAM_D1) + LENGTH (RAM_D1))
                0x00000200                        _Min_Heap_Size = 0x200
                0x00000400                        _Min_Stack_Size = 0x400

.isr_vector     0x08000000      0x2cc
                0x08000000                        . = ALIGN (0x4)
 *(.isr_vector)
 .isr_vector    0x08000000      0x2cc CMakeFiles/STM32H723ZGT6_HAL_CMake.elf.dir/Core/Startup/startup_stm32h723zgtx.s.obj
                0x08000000                g_pfnVectors
                0x080002cc                        . = ALIGN (0x4)

.text           0x080002d0     0xfd2c
                0x080002d0                        . = ALIGN (0x4)
 *(.text)
 .text          0x080002d0       0x30 D:/ToolPath/ARM-NO~1/BASE_F~1/14EFD8~1.2RE/bin/../lib/gcc/arm-none-eabi/14.2.1/thumb/v7e-m+dp/hard\libgcc.a(_aeabi_uldivmod.o)
                0x080002d0                __aeabi_uldivmod
 .text          0x08000300        0x4 D:/ToolPath/ARM-NO~1/BASE_F~1/14EFD8~1.2RE/bin/../lib/gcc/arm-none-eabi/14.2.1/thumb/v7e-m+dp/hard\libgcc.a(_dvmd_tls.o)
                0x08000300                __aeabi_idiv0
                0x08000300                __aeabi_ldiv0
 *fill*         0x08000304        0xc 
 .text          0x08000310       0xa0 D:/ToolPath/ARM-NO~1/BASE_F~1/14EFD8~1.2RE/bin/../lib/gcc/arm-none-eabi/14.2.1/thumb/v7e-m+dp/hard\libg_nano.a(libc_a-memchr.o)
                0x08000310                memchr
 .text          0x080003b0       0x10 D:/ToolPath/ARM-NO~1/BASE_F~1/14EFD8~1.2RE/bin/../lib/gcc/arm-none-eabi/14.2.1/thumb/v7e-m+dp/hard\libg_nano.a(libc_a-strlen.o)
                0x080003b0                strlen
 *(.text*)
 .text.deregister_tm_clones
                0x080003c0       0x1c D:/ToolPath/ARM-NO~1/BASE_F~1/14EFD8~1.2RE/bin/../lib/gcc/arm-none-eabi/14.2.1/thumb/v7e-m+dp/hard/crtbegin.o
 .text.register_tm_clones
                0x080003dc       0x24 D:/ToolPath/ARM-NO~1/BASE_F~1/14EFD8~1.2RE/bin/../lib/gcc/arm-none-eabi/14.2.1/thumb/v7e-m+dp/hard/crtbegin.o
 .text.__do_global_dtors_aux
                0x08000400       0x28 D:/ToolPath/ARM-NO~1/BASE_F~1/14EFD8~1.2RE/bin/../lib/gcc/arm-none-eabi/14.2.1/thumb/v7e-m+dp/hard/crtbegin.o
 .text.frame_dummy
                0x08000428       0x24 D:/ToolPath/ARM-NO~1/BASE_F~1/14EFD8~1.2RE/bin/../lib/gcc/arm-none-eabi/14.2.1/thumb/v7e-m+dp/hard/crtbegin.o
 .text.MX_BDMA_Init
                0x0800044c       0x38 CMakeFiles/STM32H723ZGT6_HAL_CMake.elf.dir/Core/Src/bdma.c.obj
                0x0800044c                MX_BDMA_Init
 .text.MX_DMA_Init
                0x08000484       0x48 CMakeFiles/STM32H723ZGT6_HAL_CMake.elf.dir/Core/Src/dma.c.obj
                0x08000484                MX_DMA_Init
 .text.MX_DTS_Init
                0x080004cc       0x34 CMakeFiles/STM32H723ZGT6_HAL_CMake.elf.dir/Core/Src/dts.c.obj
                0x080004cc                MX_DTS_Init
 .text.HAL_DTS_MspInit
                0x08000500       0x30 CMakeFiles/STM32H723ZGT6_HAL_CMake.elf.dir/Core/Src/dts.c.obj
                0x08000500                HAL_DTS_MspInit
 .text.StartLED_Task
                0x08000530       0x78 CMakeFiles/STM32H723ZGT6_HAL_CMake.elf.dir/Core/Src/freertos.c.obj
                0x08000530                StartLED_Task
 .text.StartLCD_Task
                0x080005a8       0x8c CMakeFiles/STM32H723ZGT6_HAL_CMake.elf.dir/Core/Src/freertos.c.obj
                0x080005a8                StartLCD_Task
 .text.MX_FREERTOS_Init
                0x08000634       0xa8 CMakeFiles/STM32H723ZGT6_HAL_CMake.elf.dir/Core/Src/freertos.c.obj
                0x08000634                MX_FREERTOS_Init
 .text.MX_GPIO_Init
                0x080006dc       0xd8 CMakeFiles/STM32H723ZGT6_HAL_CMake.elf.dir/Core/Src/gpio.c.obj
                0x080006dc                MX_GPIO_Init
 .text.MPU_Config
                0x080007b4        0xe CMakeFiles/STM32H723ZGT6_HAL_CMake.elf.dir/Core/Src/main.c.obj
 *fill*         0x080007c2        0x2 
 .text.HAL_TIM_PeriodElapsedCallback
                0x080007c4       0x18 CMakeFiles/STM32H723ZGT6_HAL_CMake.elf.dir/Core/Src/main.c.obj
                0x080007c4                HAL_TIM_PeriodElapsedCallback
 .text.Error_Handler
                0x080007dc        0x4 CMakeFiles/STM32H723ZGT6_HAL_CMake.elf.dir/Core/Src/main.c.obj
                0x080007dc                Error_Handler
 .text.SystemClock_Config
                0x080007e0       0xbc CMakeFiles/STM32H723ZGT6_HAL_CMake.elf.dir/Core/Src/main.c.obj
                0x080007e0                SystemClock_Config
 .text.main     0x0800089c       0xd4 CMakeFiles/STM32H723ZGT6_HAL_CMake.elf.dir/Core/Src/main.c.obj
                0x0800089c                main
 .text.MX_OCTOSPI1_Init
                0x08000970       0x7c CMakeFiles/STM32H723ZGT6_HAL_CMake.elf.dir/Core/Src/octospi.c.obj
                0x08000970                MX_OCTOSPI1_Init
 .text.HAL_OSPI_MspInit
                0x080009ec      0x110 CMakeFiles/STM32H723ZGT6_HAL_CMake.elf.dir/Core/Src/octospi.c.obj
                0x080009ec                HAL_OSPI_MspInit
 .text.OSPI_W25Qxx_AutoPollingMemReady
                0x08000afc       0x7c CMakeFiles/STM32H723ZGT6_HAL_CMake.elf.dir/Core/Src/octospi.c.obj
                0x08000afc                OSPI_W25Qxx_AutoPollingMemReady
 .text.OSPI_W25Qxx_ReadID
                0x08000b78       0x68 CMakeFiles/STM32H723ZGT6_HAL_CMake.elf.dir/Core/Src/octospi.c.obj
                0x08000b78                OSPI_W25Qxx_ReadID
 .text.OSPI_W25Qxx_Init
                0x08000be0       0x38 CMakeFiles/STM32H723ZGT6_HAL_CMake.elf.dir/Core/Src/octospi.c.obj
                0x08000be0                OSPI_W25Qxx_Init
 .text.OSPI_W25Qxx_WriteEnable
                0x08000c18       0xb0 CMakeFiles/STM32H723ZGT6_HAL_CMake.elf.dir/Core/Src/octospi.c.obj
                0x08000c18                OSPI_W25Qxx_WriteEnable
 .text.OSPI_W25Qxx_BlockErase_32K
                0x08000cc8       0x68 CMakeFiles/STM32H723ZGT6_HAL_CMake.elf.dir/Core/Src/octospi.c.obj
                0x08000cc8                OSPI_W25Qxx_BlockErase_32K
 .text.OSPI_W25Qxx_WritePage
                0x08000d30       0x84 CMakeFiles/STM32H723ZGT6_HAL_CMake.elf.dir/Core/Src/octospi.c.obj
                0x08000d30                OSPI_W25Qxx_WritePage
 .text.OSPI_W25Qxx_WriteBuffer
                0x08000db4       0x44 CMakeFiles/STM32H723ZGT6_HAL_CMake.elf.dir/Core/Src/octospi.c.obj
                0x08000db4                OSPI_W25Qxx_WriteBuffer
 .text.OSPI_W25Qxx_ReadBuffer
                0x08000df8       0x7c CMakeFiles/STM32H723ZGT6_HAL_CMake.elf.dir/Core/Src/octospi.c.obj
                0x08000df8                OSPI_W25Qxx_ReadBuffer
 .text.OSPI_W25Qxx_Test
                0x08000e74      0x1e8 CMakeFiles/STM32H723ZGT6_HAL_CMake.elf.dir/Core/Src/octospi.c.obj
                0x08000e74                OSPI_W25Qxx_Test
 .text.MX_RTC_Init
                0x0800105c       0xa4 CMakeFiles/STM32H723ZGT6_HAL_CMake.elf.dir/Core/Src/rtc.c.obj
                0x0800105c                MX_RTC_Init
 .text.HAL_RTC_MspInit
                0x08001100       0x50 CMakeFiles/STM32H723ZGT6_HAL_CMake.elf.dir/Core/Src/rtc.c.obj
                0x08001100                HAL_RTC_MspInit
 .text.Get_Month_Number
                0x08001150       0x2c CMakeFiles/STM32H723ZGT6_HAL_CMake.elf.dir/Core/Src/rtc.c.obj
                0x08001150                Get_Month_Number
 .text.Get_WeekDay
                0x0800117c       0x68 CMakeFiles/STM32H723ZGT6_HAL_CMake.elf.dir/Core/Src/rtc.c.obj
                0x0800117c                Get_WeekDay
 .text.Get_Build_Date
                0x080011e4       0x88 CMakeFiles/STM32H723ZGT6_HAL_CMake.elf.dir/Core/Src/rtc.c.obj
                0x080011e4                Get_Build_Date
 .text.Get_Build_TIME
                0x0800126c       0x3c CMakeFiles/STM32H723ZGT6_HAL_CMake.elf.dir/Core/Src/rtc.c.obj
                0x0800126c                Get_Build_TIME
 .text.Set_RTC_Start_Time
                0x080012a8       0x34 CMakeFiles/STM32H723ZGT6_HAL_CMake.elf.dir/Core/Src/rtc.c.obj
                0x080012a8                Set_RTC_Start_Time
 .text.MX_SDMMC1_SD_Init
                0x080012dc       0x20 CMakeFiles/STM32H723ZGT6_HAL_CMake.elf.dir/Core/Src/sdmmc.c.obj
                0x080012dc                MX_SDMMC1_SD_Init
 .text.HAL_SD_MspInit
                0x080012fc       0xec CMakeFiles/STM32H723ZGT6_HAL_CMake.elf.dir/Core/Src/sdmmc.c.obj
                0x080012fc                HAL_SD_MspInit
 .text.MX_SPI6_Init
                0x080013e8       0x60 CMakeFiles/STM32H723ZGT6_HAL_CMake.elf.dir/Core/Src/spi.c.obj
                0x080013e8                MX_SPI6_Init
 .text.HAL_SPI_MspInit
                0x08001448       0xec CMakeFiles/STM32H723ZGT6_HAL_CMake.elf.dir/Core/Src/spi.c.obj
                0x08001448                HAL_SPI_MspInit
 .text.LCD_WriteCommand
                0x08001534       0x34 CMakeFiles/STM32H723ZGT6_HAL_CMake.elf.dir/Core/Src/spiLCD.c.obj
                0x08001534                LCD_WriteCommand
 .text.LCD_WriteData_8bit
                0x08001568       0x34 CMakeFiles/STM32H723ZGT6_HAL_CMake.elf.dir/Core/Src/spiLCD.c.obj
                0x08001568                LCD_WriteData_8bit
 .text.LCD_WriteData_16bit
                0x0800159c       0x38 CMakeFiles/STM32H723ZGT6_HAL_CMake.elf.dir/Core/Src/spiLCD.c.obj
                0x0800159c                LCD_WriteData_16bit
 .text.LCD_WriteBuff
                0x080015d4       0x40 CMakeFiles/STM32H723ZGT6_HAL_CMake.elf.dir/Core/Src/spiLCD.c.obj
                0x080015d4                LCD_WriteBuff
 .text.LCD_SetAddress
                0x08001614       0x54 CMakeFiles/STM32H723ZGT6_HAL_CMake.elf.dir/Core/Src/spiLCD.c.obj
                0x08001614                LCD_SetAddress
 .text.LCD_SetColor
                0x08001668       0x24 CMakeFiles/STM32H723ZGT6_HAL_CMake.elf.dir/Core/Src/spiLCD.c.obj
                0x08001668                LCD_SetColor
 .text.LCD_SetBackColor
                0x0800168c       0x24 CMakeFiles/STM32H723ZGT6_HAL_CMake.elf.dir/Core/Src/spiLCD.c.obj
                0x0800168c                LCD_SetBackColor
 .text.LCD_SetDirection
                0x080016b0       0x8c CMakeFiles/STM32H723ZGT6_HAL_CMake.elf.dir/Core/Src/spiLCD.c.obj
                0x080016b0                LCD_SetDirection
 .text.LCD_SetAsciiFont
                0x0800173c        0xc CMakeFiles/STM32H723ZGT6_HAL_CMake.elf.dir/Core/Src/spiLCD.c.obj
                0x0800173c                LCD_SetAsciiFont
 .text.LCD_DisplayChar
                0x08001748       0xac CMakeFiles/STM32H723ZGT6_HAL_CMake.elf.dir/Core/Src/spiLCD.c.obj
                0x08001748                LCD_DisplayChar
 .text.LCD_DisplayChinese
                0x080017f4       0xd4 CMakeFiles/STM32H723ZGT6_HAL_CMake.elf.dir/Core/Src/spiLCD.c.obj
                0x080017f4                LCD_DisplayChinese
 .text.LCD_DisplayText
                0x080018c8       0x48 CMakeFiles/STM32H723ZGT6_HAL_CMake.elf.dir/Core/Src/spiLCD.c.obj
                0x080018c8                LCD_DisplayText
 .text.LCD_ShowNumMode
                0x08001910        0xc CMakeFiles/STM32H723ZGT6_HAL_CMake.elf.dir/Core/Src/spiLCD.c.obj
                0x08001910                LCD_ShowNumMode
 .text.MY_SPI_WaitOnFlagUntilTimeout
                0x0800191c       0x46 CMakeFiles/STM32H723ZGT6_HAL_CMake.elf.dir/Core/Src/spiLCD.c.obj
                0x0800191c                MY_SPI_WaitOnFlagUntilTimeout
 *fill*         0x08001962        0x2 
 .text.MY_SPI_CloseTransfer
                0x08001964       0xcc CMakeFiles/STM32H723ZGT6_HAL_CMake.elf.dir/Core/Src/spiLCD.c.obj
                0x08001964                MY_SPI_CloseTransfer
 .text.LCD_SPI_Transmit
                0x08001a30      0x166 CMakeFiles/STM32H723ZGT6_HAL_CMake.elf.dir/Core/Src/spiLCD.c.obj
                0x08001a30                LCD_SPI_Transmit
 *fill*         0x08001b96        0x2 
 .text.LCD_Clear
                0x08001b98       0x54 CMakeFiles/STM32H723ZGT6_HAL_CMake.elf.dir/Core/Src/spiLCD.c.obj
                0x08001b98                LCD_Clear
 .text.SPI_LCD_Init
                0x08001bec      0x1c0 CMakeFiles/STM32H723ZGT6_HAL_CMake.elf.dir/Core/Src/spiLCD.c.obj
                0x08001bec                SPI_LCD_Init
 .text.SPILCD_Printf
                0x08001dac       0x3c CMakeFiles/STM32H723ZGT6_HAL_CMake.elf.dir/Core/Src/spiLCD.c.obj
                0x08001dac                SPILCD_Printf
 .text.HAL_MspInit
                0x08001de8       0x34 CMakeFiles/STM32H723ZGT6_HAL_CMake.elf.dir/Core/Src/stm32h7xx_hal_msp.c.obj
                0x08001de8                HAL_MspInit
 .text.HAL_InitTick
                0x08001e1c       0x9c CMakeFiles/STM32H723ZGT6_HAL_CMake.elf.dir/Core/Src/stm32h7xx_hal_timebase_tim.c.obj
                0x08001e1c                HAL_InitTick
 .text.NMI_Handler
                0x08001eb8        0x2 CMakeFiles/STM32H723ZGT6_HAL_CMake.elf.dir/Core/Src/stm32h7xx_it.c.obj
                0x08001eb8                NMI_Handler
 .text.HardFault_Handler
                0x08001eba        0x2 CMakeFiles/STM32H723ZGT6_HAL_CMake.elf.dir/Core/Src/stm32h7xx_it.c.obj
                0x08001eba                HardFault_Handler
 .text.MemManage_Handler
                0x08001ebc        0x2 CMakeFiles/STM32H723ZGT6_HAL_CMake.elf.dir/Core/Src/stm32h7xx_it.c.obj
                0x08001ebc                MemManage_Handler
 .text.BusFault_Handler
                0x08001ebe        0x2 CMakeFiles/STM32H723ZGT6_HAL_CMake.elf.dir/Core/Src/stm32h7xx_it.c.obj
                0x08001ebe                BusFault_Handler
 .text.UsageFault_Handler
                0x08001ec0        0x2 CMakeFiles/STM32H723ZGT6_HAL_CMake.elf.dir/Core/Src/stm32h7xx_it.c.obj
                0x08001ec0                UsageFault_Handler
 .text.DebugMon_Handler
                0x08001ec2        0x2 CMakeFiles/STM32H723ZGT6_HAL_CMake.elf.dir/Core/Src/stm32h7xx_it.c.obj
                0x08001ec2                DebugMon_Handler
 .text.DMA1_Stream0_IRQHandler
                0x08001ec4       0x10 CMakeFiles/STM32H723ZGT6_HAL_CMake.elf.dir/Core/Src/stm32h7xx_it.c.obj
                0x08001ec4                DMA1_Stream0_IRQHandler
 .text.DMA1_Stream1_IRQHandler
                0x08001ed4       0x10 CMakeFiles/STM32H723ZGT6_HAL_CMake.elf.dir/Core/Src/stm32h7xx_it.c.obj
                0x08001ed4                DMA1_Stream1_IRQHandler
 .text.USART1_IRQHandler
                0x08001ee4       0x10 CMakeFiles/STM32H723ZGT6_HAL_CMake.elf.dir/Core/Src/stm32h7xx_it.c.obj
                0x08001ee4                USART1_IRQHandler
 .text.SDMMC1_IRQHandler
                0x08001ef4       0x10 CMakeFiles/STM32H723ZGT6_HAL_CMake.elf.dir/Core/Src/stm32h7xx_it.c.obj
                0x08001ef4                SDMMC1_IRQHandler
 .text.TIM6_DAC_IRQHandler
                0x08001f04       0x10 CMakeFiles/STM32H723ZGT6_HAL_CMake.elf.dir/Core/Src/stm32h7xx_it.c.obj
                0x08001f04                TIM6_DAC_IRQHandler
 .text.SPI6_IRQHandler
                0x08001f14       0x10 CMakeFiles/STM32H723ZGT6_HAL_CMake.elf.dir/Core/Src/stm32h7xx_it.c.obj
                0x08001f14                SPI6_IRQHandler
 .text.BDMA_Channel0_IRQHandler
                0x08001f24       0x10 CMakeFiles/STM32H723ZGT6_HAL_CMake.elf.dir/Core/Src/stm32h7xx_it.c.obj
                0x08001f24                BDMA_Channel0_IRQHandler
 .text._getpid  0x08001f34        0x4 CMakeFiles/STM32H723ZGT6_HAL_CMake.elf.dir/Core/Src/syscalls.c.obj
                0x08001f34                _getpid
 .text._kill    0x08001f38       0x10 CMakeFiles/STM32H723ZGT6_HAL_CMake.elf.dir/Core/Src/syscalls.c.obj
                0x08001f38                _kill
 .text._exit    0x08001f48        0xc CMakeFiles/STM32H723ZGT6_HAL_CMake.elf.dir/Core/Src/syscalls.c.obj
                0x08001f48                _exit
 .text._read    0x08001f54       0x20 CMakeFiles/STM32H723ZGT6_HAL_CMake.elf.dir/Core/Src/syscalls.c.obj
                0x08001f54                _read
 .text._write   0x08001f74       0x1c CMakeFiles/STM32H723ZGT6_HAL_CMake.elf.dir/Core/Src/syscalls.c.obj
                0x08001f74                _write
 .text._close   0x08001f90        0x6 CMakeFiles/STM32H723ZGT6_HAL_CMake.elf.dir/Core/Src/syscalls.c.obj
                0x08001f90                _close
 .text._fstat   0x08001f96        0xa CMakeFiles/STM32H723ZGT6_HAL_CMake.elf.dir/Core/Src/syscalls.c.obj
                0x08001f96                _fstat
 .text._isatty  0x08001fa0        0x4 CMakeFiles/STM32H723ZGT6_HAL_CMake.elf.dir/Core/Src/syscalls.c.obj
                0x08001fa0                _isatty
 .text._lseek   0x08001fa4        0x4 CMakeFiles/STM32H723ZGT6_HAL_CMake.elf.dir/Core/Src/syscalls.c.obj
                0x08001fa4                _lseek
 .text._sbrk    0x08001fa8       0x48 CMakeFiles/STM32H723ZGT6_HAL_CMake.elf.dir/Core/Src/sysmem.c.obj
                0x08001fa8                _sbrk
 .text.SystemInit
                0x08001ff0       0xd0 CMakeFiles/STM32H723ZGT6_HAL_CMake.elf.dir/Core/Src/system_stm32h7xx.c.obj
                0x08001ff0                SystemInit
 .text.ExitRun0Mode
                0x080020c0       0x1c CMakeFiles/STM32H723ZGT6_HAL_CMake.elf.dir/Core/Src/system_stm32h7xx.c.obj
                0x080020c0                ExitRun0Mode
 .text.MX_USART1_UART_Init
                0x080020dc       0x84 CMakeFiles/STM32H723ZGT6_HAL_CMake.elf.dir/Core/Src/usart.c.obj
                0x080020dc                MX_USART1_UART_Init
 .text.HAL_UART_MspInit
                0x08002160      0x128 CMakeFiles/STM32H723ZGT6_HAL_CMake.elf.dir/Core/Src/usart.c.obj
                0x08002160                HAL_UART_MspInit
 .text.USART1_Printf
                0x08002288       0x54 CMakeFiles/STM32H723ZGT6_HAL_CMake.elf.dir/Core/Src/usart.c.obj
                0x08002288                USART1_Printf
 .text.Reset_Handler
                0x080022dc       0x54 CMakeFiles/STM32H723ZGT6_HAL_CMake.elf.dir/Core/Startup/startup_stm32h723zgtx.s.obj
                0x080022dc                Reset_Handler
 .text.Default_Handler
                0x08002330        0x2 CMakeFiles/STM32H723ZGT6_HAL_CMake.elf.dir/Core/Startup/startup_stm32h723zgtx.s.obj
                0x08002330                RTC_Alarm_IRQHandler
                0x08002330                EXTI2_IRQHandler
                0x08002330                TIM8_CC_IRQHandler
                0x08002330                UART8_IRQHandler
                0x08002330                SPI4_IRQHandler
                0x08002330                FDCAN3_IT0_IRQHandler
                0x08002330                TIM1_CC_IRQHandler
                0x08002330                BDMA_Channel6_IRQHandler
                0x08002330                DMA2_Stream5_IRQHandler
                0x08002330                DMA1_Stream5_IRQHandler
                0x08002330                CORDIC_IRQHandler
                0x08002330                BDMA_Channel1_IRQHandler
                0x08002330                TAMP_STAMP_IRQHandler
                0x08002330                EXTI3_IRQHandler
                0x08002330                LPTIM4_IRQHandler
                0x08002330                TIM8_TRG_COM_TIM14_IRQHandler
                0x08002330                LPTIM2_IRQHandler
                0x08002330                DFSDM1_FLT1_IRQHandler
                0x08002330                DMAMUX2_OVR_IRQHandler
                0x08002330                TIM8_UP_TIM13_IRQHandler
                0x08002330                I2C3_ER_IRQHandler
                0x08002330                DFSDM1_FLT2_IRQHandler
                0x08002330                I2C5_EV_IRQHandler
                0x08002330                USART10_IRQHandler
                0x08002330                MDMA_IRQHandler
                0x08002330                LPTIM3_IRQHandler
                0x08002330                HSEM1_IRQHandler
                0x08002330                EXTI0_IRQHandler
                0x08002330                I2C2_EV_IRQHandler
                0x08002330                DMA1_Stream2_IRQHandler
                0x08002330                FPU_IRQHandler
                0x08002330                OTG_HS_WKUP_IRQHandler
                0x08002330                FDCAN1_IT1_IRQHandler
                0x08002330                LTDC_ER_IRQHandler
                0x08002330                DMA2_Stream2_IRQHandler
                0x08002330                SPI1_IRQHandler
                0x08002330                OCTOSPI1_IRQHandler
                0x08002330                DMA2_Stream3_IRQHandler
                0x08002330                OCTOSPI2_IRQHandler
                0x08002330                DFSDM1_FLT3_IRQHandler
                0x08002330                TIM23_IRQHandler
                0x08002330                USART6_IRQHandler
                0x08002330                TIM17_IRQHandler
                0x08002330                USART3_IRQHandler
                0x08002330                BDMA_Channel7_IRQHandler
                0x08002330                LPTIM5_IRQHandler
                0x08002330                UART5_IRQHandler
                0x08002330                ADC3_IRQHandler
                0x08002330                DMA2_Stream0_IRQHandler
                0x08002330                TIM4_IRQHandler
                0x08002330                BDMA_Channel2_IRQHandler
                0x08002330                I2C1_EV_IRQHandler
                0x08002330                DMA1_Stream6_IRQHandler
                0x08002330                DMAMUX1_OVR_IRQHandler
                0x08002330                TIM16_IRQHandler
                0x08002330                UART4_IRQHandler
                0x08002330                BDMA_Channel5_IRQHandler
                0x08002330                TIM3_IRQHandler
                0x08002330                RCC_IRQHandler
                0x08002330                UART9_IRQHandler
                0x08002330                TIM8_BRK_TIM12_IRQHandler
                0x08002330                TIM1_TRG_COM_IRQHandler
                0x08002330                Default_Handler
                0x08002330                ECC_IRQHandler
                0x08002330                FMAC_IRQHandler
                0x08002330                CEC_IRQHandler
                0x08002330                EXTI15_10_IRQHandler
                0x08002330                ADC_IRQHandler
                0x08002330                I2C5_ER_IRQHandler
                0x08002330                DMA1_Stream7_IRQHandler
                0x08002330                SPI5_IRQHandler
                0x08002330                TIM7_IRQHandler
                0x08002330                FDCAN3_IT1_IRQHandler
                0x08002330                TIM5_IRQHandler
                0x08002330                DMA2_Stream7_IRQHandler
                0x08002330                TIM15_IRQHandler
                0x08002330                PVD_AVD_IRQHandler
                0x08002330                I2C3_EV_IRQHandler
                0x08002330                EXTI9_5_IRQHandler
                0x08002330                RTC_WKUP_IRQHandler
                0x08002330                LTDC_IRQHandler
                0x08002330                ETH_WKUP_IRQHandler
                0x08002330                SPDIF_RX_IRQHandler
                0x08002330                SPI2_IRQHandler
                0x08002330                OTG_HS_EP1_IN_IRQHandler
                0x08002330                TIM24_IRQHandler
                0x08002330                CRS_IRQHandler
                0x08002330                EXTI4_IRQHandler
                0x08002330                RNG_IRQHandler
                0x08002330                FDCAN2_IT1_IRQHandler
                0x08002330                ETH_IRQHandler
                0x08002330                TIM1_UP_IRQHandler
                0x08002330                BDMA_Channel4_IRQHandler
                0x08002330                OTG_HS_EP1_OUT_IRQHandler
                0x08002330                WWDG_IRQHandler
                0x08002330                MDIOS_IRQHandler
                0x08002330                I2C4_EV_IRQHandler
                0x08002330                FDCAN2_IT0_IRQHandler
                0x08002330                LPUART1_IRQHandler
                0x08002330                FDCAN1_IT0_IRQHandler
                0x08002330                TIM2_IRQHandler
                0x08002330                OTG_HS_IRQHandler
                0x08002330                DMA2D_IRQHandler
                0x08002330                TIM1_BRK_IRQHandler
                0x08002330                EXTI1_IRQHandler
                0x08002330                SDMMC2_IRQHandler
                0x08002330                BDMA_Channel3_IRQHandler
                0x08002330                DTS_IRQHandler
                0x08002330                UART7_IRQHandler
                0x08002330                MDIOS_WKUP_IRQHandler
                0x08002330                USART2_IRQHandler
                0x08002330                DFSDM1_FLT0_IRQHandler
                0x08002330                SAI4_IRQHandler
                0x08002330                I2C2_ER_IRQHandler
                0x08002330                DMA2_Stream1_IRQHandler
                0x08002330                FLASH_IRQHandler
                0x08002330                DMA2_Stream4_IRQHandler
                0x08002330                SPI3_IRQHandler
                0x08002330                WAKEUP_PIN_IRQHandler
                0x08002330                DMA1_Stream4_IRQHandler
                0x08002330                I2C1_ER_IRQHandler
                0x08002330                FMC_IRQHandler
                0x08002330                FDCAN_CAL_IRQHandler
                0x08002330                SWPMI1_IRQHandler
                0x08002330                COMP1_IRQHandler
                0x08002330                LPTIM1_IRQHandler
                0x08002330                DCMI_PSSI_IRQHandler
                0x08002330                I2C4_ER_IRQHandler
                0x08002330                DMA2_Stream6_IRQHandler
                0x08002330                SAI1_IRQHandler
                0x08002330                DMA1_Stream3_IRQHandler
 .text.stm32_lock_init
                0x08002332       0x24 CMakeFiles/STM32H723ZGT6_HAL_CMake.elf.dir/Core/ThreadSafe/newlib_lock_glue.c.obj
 .text.stm32_lock_acquire
                0x08002356       0x3a CMakeFiles/STM32H723ZGT6_HAL_CMake.elf.dir/Core/ThreadSafe/newlib_lock_glue.c.obj
 .text.stm32_lock_release
                0x08002390       0x2a CMakeFiles/STM32H723ZGT6_HAL_CMake.elf.dir/Core/ThreadSafe/newlib_lock_glue.c.obj
 .text.__retarget_lock_init_recursive
                0x080023ba       0x28 CMakeFiles/STM32H723ZGT6_HAL_CMake.elf.dir/Core/ThreadSafe/newlib_lock_glue.c.obj
                0x080023ba                __retarget_lock_init_recursive
 .text.__retarget_lock_acquire_recursive
                0x080023e2       0x12 CMakeFiles/STM32H723ZGT6_HAL_CMake.elf.dir/Core/ThreadSafe/newlib_lock_glue.c.obj
                0x080023e2                __retarget_lock_acquire_recursive
 .text.__retarget_lock_release_recursive
                0x080023f4       0x12 CMakeFiles/STM32H723ZGT6_HAL_CMake.elf.dir/Core/ThreadSafe/newlib_lock_glue.c.obj
                0x080023f4                __retarget_lock_release_recursive
 *fill*         0x08002406        0x2 
 .text.HAL_Init
                0x08002408       0x5c CMakeFiles/STM32H723ZGT6_HAL_CMake.elf.dir/Drivers/STM32H7xx_HAL_Driver/Src/stm32h7xx_hal.c.obj
                0x08002408                HAL_Init
 .text.HAL_IncTick
                0x08002464       0x18 CMakeFiles/STM32H723ZGT6_HAL_CMake.elf.dir/Drivers/STM32H7xx_HAL_Driver/Src/stm32h7xx_hal.c.obj
                0x08002464                HAL_IncTick
 .text.HAL_GetTick
                0x0800247c        0xc CMakeFiles/STM32H723ZGT6_HAL_CMake.elf.dir/Drivers/STM32H7xx_HAL_Driver/Src/stm32h7xx_hal.c.obj
                0x0800247c                HAL_GetTick
 .text.HAL_Delay
                0x08002488       0x28 CMakeFiles/STM32H723ZGT6_HAL_CMake.elf.dir/Drivers/STM32H7xx_HAL_Driver/Src/stm32h7xx_hal.c.obj
                0x08002488                HAL_Delay
 .text.__NVIC_EnableIRQ
                0x080024b0       0x1c CMakeFiles/STM32H723ZGT6_HAL_CMake.elf.dir/Drivers/STM32H7xx_HAL_Driver/Src/stm32h7xx_hal_cortex.c.obj
 .text.__NVIC_SetPriority
                0x080024cc       0x24 CMakeFiles/STM32H723ZGT6_HAL_CMake.elf.dir/Drivers/STM32H7xx_HAL_Driver/Src/stm32h7xx_hal_cortex.c.obj
 .text.NVIC_EncodePriority
                0x080024f0       0x3e CMakeFiles/STM32H723ZGT6_HAL_CMake.elf.dir/Drivers/STM32H7xx_HAL_Driver/Src/stm32h7xx_hal_cortex.c.obj
 *fill*         0x0800252e        0x2 
 .text.HAL_NVIC_SetPriorityGrouping
                0x08002530       0x24 CMakeFiles/STM32H723ZGT6_HAL_CMake.elf.dir/Drivers/STM32H7xx_HAL_Driver/Src/stm32h7xx_hal_cortex.c.obj
                0x08002530                HAL_NVIC_SetPriorityGrouping
 .text.HAL_NVIC_SetPriority
                0x08002554       0x20 CMakeFiles/STM32H723ZGT6_HAL_CMake.elf.dir/Drivers/STM32H7xx_HAL_Driver/Src/stm32h7xx_hal_cortex.c.obj
                0x08002554                HAL_NVIC_SetPriority
 .text.HAL_NVIC_EnableIRQ
                0x08002574        0x8 CMakeFiles/STM32H723ZGT6_HAL_CMake.elf.dir/Drivers/STM32H7xx_HAL_Driver/Src/stm32h7xx_hal_cortex.c.obj
                0x08002574                HAL_NVIC_EnableIRQ
 .text.HAL_MPU_Disable
                0x0800257c       0x1c CMakeFiles/STM32H723ZGT6_HAL_CMake.elf.dir/Drivers/STM32H7xx_HAL_Driver/Src/stm32h7xx_hal_cortex.c.obj
                0x0800257c                HAL_MPU_Disable
 .text.HAL_MPU_Enable
                0x08002598       0x20 CMakeFiles/STM32H723ZGT6_HAL_CMake.elf.dir/Drivers/STM32H7xx_HAL_Driver/Src/stm32h7xx_hal_cortex.c.obj
                0x08002598                HAL_MPU_Enable
 .text.DMA_CalcBaseAndBitshift
                0x080025b8       0xb0 CMakeFiles/STM32H723ZGT6_HAL_CMake.elf.dir/Drivers/STM32H7xx_HAL_Driver/Src/stm32h7xx_hal_dma.c.obj
 .text.DMA_CheckFifoParam
                0x08002668       0x92 CMakeFiles/STM32H723ZGT6_HAL_CMake.elf.dir/Drivers/STM32H7xx_HAL_Driver/Src/stm32h7xx_hal_dma.c.obj
 *fill*         0x080026fa        0x2 
 .text.DMA_CalcDMAMUXChannelBaseAndMask
                0x080026fc       0xac CMakeFiles/STM32H723ZGT6_HAL_CMake.elf.dir/Drivers/STM32H7xx_HAL_Driver/Src/stm32h7xx_hal_dma.c.obj
 .text.DMA_CalcDMAMUXRequestGenBaseAndMask
                0x080027a8       0x7c CMakeFiles/STM32H723ZGT6_HAL_CMake.elf.dir/Drivers/STM32H7xx_HAL_Driver/Src/stm32h7xx_hal_dma.c.obj
 .text.HAL_DMA_Init
                0x08002824      0x39c CMakeFiles/STM32H723ZGT6_HAL_CMake.elf.dir/Drivers/STM32H7xx_HAL_Driver/Src/stm32h7xx_hal_dma.c.obj
                0x08002824                HAL_DMA_Init
 .text.HAL_DMA_Abort
                0x08002bc0      0x33c CMakeFiles/STM32H723ZGT6_HAL_CMake.elf.dir/Drivers/STM32H7xx_HAL_Driver/Src/stm32h7xx_hal_dma.c.obj
                0x08002bc0                HAL_DMA_Abort
 .text.HAL_DMA_Abort_IT
                0x08002efc      0x26c CMakeFiles/STM32H723ZGT6_HAL_CMake.elf.dir/Drivers/STM32H7xx_HAL_Driver/Src/stm32h7xx_hal_dma.c.obj
                0x08002efc                HAL_DMA_Abort_IT
 .text.HAL_DMA_IRQHandler
                0x08003168      0x734 CMakeFiles/STM32H723ZGT6_HAL_CMake.elf.dir/Drivers/STM32H7xx_HAL_Driver/Src/stm32h7xx_hal_dma.c.obj
                0x08003168                HAL_DMA_IRQHandler
 .text.HAL_DTS_Init
                0x0800389c       0xca CMakeFiles/STM32H723ZGT6_HAL_CMake.elf.dir/Drivers/STM32H7xx_HAL_Driver/Src/stm32h7xx_hal_dts.c.obj
                0x0800389c                HAL_DTS_Init
 .text.HAL_DTS_Start
                0x08003966       0x66 CMakeFiles/STM32H723ZGT6_HAL_CMake.elf.dir/Drivers/STM32H7xx_HAL_Driver/Src/stm32h7xx_hal_dts.c.obj
                0x08003966                HAL_DTS_Start
 .text.HAL_DTS_GetTemperature
                0x080039cc       0x96 CMakeFiles/STM32H723ZGT6_HAL_CMake.elf.dir/Drivers/STM32H7xx_HAL_Driver/Src/stm32h7xx_hal_dts.c.obj
                0x080039cc                HAL_DTS_GetTemperature
 *fill*         0x08003a62        0x2 
 .text.HAL_GPIO_Init
                0x08003a64      0x214 CMakeFiles/STM32H723ZGT6_HAL_CMake.elf.dir/Drivers/STM32H7xx_HAL_Driver/Src/stm32h7xx_hal_gpio.c.obj
                0x08003a64                HAL_GPIO_Init
 .text.HAL_GPIO_WritePin
                0x08003c78        0xc CMakeFiles/STM32H723ZGT6_HAL_CMake.elf.dir/Drivers/STM32H7xx_HAL_Driver/Src/stm32h7xx_hal_gpio.c.obj
                0x08003c78                HAL_GPIO_WritePin
 .text.OSPI_ConfigCmd
                0x08003c84      0x1c4 CMakeFiles/STM32H723ZGT6_HAL_CMake.elf.dir/Drivers/STM32H7xx_HAL_Driver/Src/stm32h7xx_hal_ospi.c.obj
 .text.OSPIM_GetConfig
                0x08003e48       0xec CMakeFiles/STM32H723ZGT6_HAL_CMake.elf.dir/Drivers/STM32H7xx_HAL_Driver/Src/stm32h7xx_hal_ospi.c.obj
 .text.OSPI_WaitFlagStateUntilTimeout
                0x08003f34       0x56 CMakeFiles/STM32H723ZGT6_HAL_CMake.elf.dir/Drivers/STM32H7xx_HAL_Driver/Src/stm32h7xx_hal_ospi.c.obj
 .text.HAL_OSPI_Command
                0x08003f8a       0xc2 CMakeFiles/STM32H723ZGT6_HAL_CMake.elf.dir/Drivers/STM32H7xx_HAL_Driver/Src/stm32h7xx_hal_ospi.c.obj
                0x08003f8a                HAL_OSPI_Command
 .text.HAL_OSPI_Transmit
                0x0800404c       0x9a CMakeFiles/STM32H723ZGT6_HAL_CMake.elf.dir/Drivers/STM32H7xx_HAL_Driver/Src/stm32h7xx_hal_ospi.c.obj
                0x0800404c                HAL_OSPI_Transmit
 .text.HAL_OSPI_Receive
                0x080040e6       0xc6 CMakeFiles/STM32H723ZGT6_HAL_CMake.elf.dir/Drivers/STM32H7xx_HAL_Driver/Src/stm32h7xx_hal_ospi.c.obj
                0x080040e6                HAL_OSPI_Receive
 .text.HAL_OSPI_AutoPolling
                0x080041ac       0xb8 CMakeFiles/STM32H723ZGT6_HAL_CMake.elf.dir/Drivers/STM32H7xx_HAL_Driver/Src/stm32h7xx_hal_ospi.c.obj
                0x080041ac                HAL_OSPI_AutoPolling
 .text.HAL_OSPI_SetTimeout
                0x08004264        0x6 CMakeFiles/STM32H723ZGT6_HAL_CMake.elf.dir/Drivers/STM32H7xx_HAL_Driver/Src/stm32h7xx_hal_ospi.c.obj
                0x08004264                HAL_OSPI_SetTimeout
 *fill*         0x0800426a        0x2 
 .text.HAL_OSPI_Init
                0x0800426c      0x108 CMakeFiles/STM32H723ZGT6_HAL_CMake.elf.dir/Drivers/STM32H7xx_HAL_Driver/Src/stm32h7xx_hal_ospi.c.obj
                0x0800426c                HAL_OSPI_Init
 .text.HAL_OSPIM_Config
                0x08004374      0x50c CMakeFiles/STM32H723ZGT6_HAL_CMake.elf.dir/Drivers/STM32H7xx_HAL_Driver/Src/stm32h7xx_hal_ospi.c.obj
                0x08004374                HAL_OSPIM_Config
 .text.HAL_PWR_EnableBkUpAccess
                0x08004880       0x10 CMakeFiles/STM32H723ZGT6_HAL_CMake.elf.dir/Drivers/STM32H7xx_HAL_Driver/Src/stm32h7xx_hal_pwr.c.obj
                0x08004880                HAL_PWR_EnableBkUpAccess
 .text.HAL_PWREx_ConfigSupply
                0x08004890       0x54 CMakeFiles/STM32H723ZGT6_HAL_CMake.elf.dir/Drivers/STM32H7xx_HAL_Driver/Src/stm32h7xx_hal_pwr_ex.c.obj
                0x08004890                HAL_PWREx_ConfigSupply
 .text.HAL_RCC_OscConfig
                0x080048e4      0x5e4 CMakeFiles/STM32H723ZGT6_HAL_CMake.elf.dir/Drivers/STM32H7xx_HAL_Driver/Src/stm32h7xx_hal_rcc.c.obj
                0x080048e4                HAL_RCC_OscConfig
 .text.HAL_RCC_GetSysClockFreq
                0x08004ec8      0x1f8 CMakeFiles/STM32H723ZGT6_HAL_CMake.elf.dir/Drivers/STM32H7xx_HAL_Driver/Src/stm32h7xx_hal_rcc.c.obj
                0x08004ec8                HAL_RCC_GetSysClockFreq
 .text.HAL_RCC_ClockConfig
                0x080050c0      0x294 CMakeFiles/STM32H723ZGT6_HAL_CMake.elf.dir/Drivers/STM32H7xx_HAL_Driver/Src/stm32h7xx_hal_rcc.c.obj
                0x080050c0                HAL_RCC_ClockConfig
 .text.HAL_RCC_GetHCLKFreq
                0x08005354       0x44 CMakeFiles/STM32H723ZGT6_HAL_CMake.elf.dir/Drivers/STM32H7xx_HAL_Driver/Src/stm32h7xx_hal_rcc.c.obj
                0x08005354                HAL_RCC_GetHCLKFreq
 .text.HAL_RCC_GetPCLK1Freq
                0x08005398       0x24 CMakeFiles/STM32H723ZGT6_HAL_CMake.elf.dir/Drivers/STM32H7xx_HAL_Driver/Src/stm32h7xx_hal_rcc.c.obj
                0x08005398                HAL_RCC_GetPCLK1Freq
 .text.HAL_RCC_GetPCLK2Freq
                0x080053bc       0x24 CMakeFiles/STM32H723ZGT6_HAL_CMake.elf.dir/Drivers/STM32H7xx_HAL_Driver/Src/stm32h7xx_hal_rcc.c.obj
                0x080053bc                HAL_RCC_GetPCLK2Freq
 .text.HAL_RCC_GetClockConfig
                0x080053e0       0x54 CMakeFiles/STM32H723ZGT6_HAL_CMake.elf.dir/Drivers/STM32H7xx_HAL_Driver/Src/stm32h7xx_hal_rcc.c.obj
                0x080053e0                HAL_RCC_GetClockConfig
 .text.RCCEx_PLL2_Config
                0x08005434      0x108 CMakeFiles/STM32H723ZGT6_HAL_CMake.elf.dir/Drivers/STM32H7xx_HAL_Driver/Src/stm32h7xx_hal_rcc_ex.c.obj
 .text.RCCEx_PLL3_Config
                0x0800553c      0x108 CMakeFiles/STM32H723ZGT6_HAL_CMake.elf.dir/Drivers/STM32H7xx_HAL_Driver/Src/stm32h7xx_hal_rcc_ex.c.obj
 .text.HAL_RCCEx_PeriphCLKConfig
                0x08005644      0xa38 CMakeFiles/STM32H723ZGT6_HAL_CMake.elf.dir/Drivers/STM32H7xx_HAL_Driver/Src/stm32h7xx_hal_rcc_ex.c.obj
                0x08005644                HAL_RCCEx_PeriphCLKConfig
 .text.HAL_RCCEx_GetD3PCLK1Freq
                0x0800607c       0x24 CMakeFiles/STM32H723ZGT6_HAL_CMake.elf.dir/Drivers/STM32H7xx_HAL_Driver/Src/stm32h7xx_hal_rcc_ex.c.obj
                0x0800607c                HAL_RCCEx_GetD3PCLK1Freq
 .text.HAL_RCCEx_GetPLL2ClockFreq
                0x080060a0      0x200 CMakeFiles/STM32H723ZGT6_HAL_CMake.elf.dir/Drivers/STM32H7xx_HAL_Driver/Src/stm32h7xx_hal_rcc_ex.c.obj
                0x080060a0                HAL_RCCEx_GetPLL2ClockFreq
 .text.HAL_RCCEx_GetPLL3ClockFreq
                0x080062a0      0x200 CMakeFiles/STM32H723ZGT6_HAL_CMake.elf.dir/Drivers/STM32H7xx_HAL_Driver/Src/stm32h7xx_hal_rcc_ex.c.obj
                0x080062a0                HAL_RCCEx_GetPLL3ClockFreq
 .text.HAL_RCCEx_GetPLL1ClockFreq
                0x080064a0      0x200 CMakeFiles/STM32H723ZGT6_HAL_CMake.elf.dir/Drivers/STM32H7xx_HAL_Driver/Src/stm32h7xx_hal_rcc_ex.c.obj
                0x080064a0                HAL_RCCEx_GetPLL1ClockFreq
 .text.HAL_RCCEx_GetPeriphCLKFreq
                0x080066a0      0x608 CMakeFiles/STM32H723ZGT6_HAL_CMake.elf.dir/Drivers/STM32H7xx_HAL_Driver/Src/stm32h7xx_hal_rcc_ex.c.obj
                0x080066a0                HAL_RCCEx_GetPeriphCLKFreq
 .text.HAL_RTC_WaitForSynchro
                0x08006ca8       0x34 CMakeFiles/STM32H723ZGT6_HAL_CMake.elf.dir/Drivers/STM32H7xx_HAL_Driver/Src/stm32h7xx_hal_rtc.c.obj
                0x08006ca8                HAL_RTC_WaitForSynchro
 .text.RTC_EnterInitMode
                0x08006cdc       0x44 CMakeFiles/STM32H723ZGT6_HAL_CMake.elf.dir/Drivers/STM32H7xx_HAL_Driver/Src/stm32h7xx_hal_rtc.c.obj
                0x08006cdc                RTC_EnterInitMode
 .text.RTC_ExitInitMode
                0x08006d20       0x4c CMakeFiles/STM32H723ZGT6_HAL_CMake.elf.dir/Drivers/STM32H7xx_HAL_Driver/Src/stm32h7xx_hal_rtc.c.obj
                0x08006d20                RTC_ExitInitMode
 .text.HAL_RTC_Init
                0x08006d6c       0xa4 CMakeFiles/STM32H723ZGT6_HAL_CMake.elf.dir/Drivers/STM32H7xx_HAL_Driver/Src/stm32h7xx_hal_rtc.c.obj
                0x08006d6c                HAL_RTC_Init
 .text.RTC_ByteToBcd2
                0x08006e10       0x16 CMakeFiles/STM32H723ZGT6_HAL_CMake.elf.dir/Drivers/STM32H7xx_HAL_Driver/Src/stm32h7xx_hal_rtc.c.obj
                0x08006e10                RTC_ByteToBcd2
 *fill*         0x08006e26        0x2 
 .text.HAL_RTC_SetTime
                0x08006e28       0xc8 CMakeFiles/STM32H723ZGT6_HAL_CMake.elf.dir/Drivers/STM32H7xx_HAL_Driver/Src/stm32h7xx_hal_rtc.c.obj
                0x08006e28                HAL_RTC_SetTime
 .text.HAL_RTC_SetDate
                0x08006ef0       0xa4 CMakeFiles/STM32H723ZGT6_HAL_CMake.elf.dir/Drivers/STM32H7xx_HAL_Driver/Src/stm32h7xx_hal_rtc.c.obj
                0x08006ef0                HAL_RTC_SetDate
 .text.RTC_Bcd2ToByte
                0x08006f94       0x12 CMakeFiles/STM32H723ZGT6_HAL_CMake.elf.dir/Drivers/STM32H7xx_HAL_Driver/Src/stm32h7xx_hal_rtc.c.obj
                0x08006f94                RTC_Bcd2ToByte
 .text.HAL_RTC_GetTime
                0x08006fa6       0x4c CMakeFiles/STM32H723ZGT6_HAL_CMake.elf.dir/Drivers/STM32H7xx_HAL_Driver/Src/stm32h7xx_hal_rtc.c.obj
                0x08006fa6                HAL_RTC_GetTime
 .text.HAL_RTC_GetDate
                0x08006ff2       0x3c CMakeFiles/STM32H723ZGT6_HAL_CMake.elf.dir/Drivers/STM32H7xx_HAL_Driver/Src/stm32h7xx_hal_rtc.c.obj
                0x08006ff2                HAL_RTC_GetDate
 .text.HAL_RTCEx_SetTimeStamp
                0x0800702e       0x54 CMakeFiles/STM32H723ZGT6_HAL_CMake.elf.dir/Drivers/STM32H7xx_HAL_Driver/Src/stm32h7xx_hal_rtc_ex.c.obj
                0x0800702e                HAL_RTCEx_SetTimeStamp
 *fill*         0x08007082        0x2 
 .text.SD_PowerON
                0x08007084       0xc4 CMakeFiles/STM32H723ZGT6_HAL_CMake.elf.dir/Drivers/STM32H7xx_HAL_Driver/Src/stm32h7xx_hal_sd.c.obj
 .text.SD_Read_IT
                0x08007148       0x3c CMakeFiles/STM32H723ZGT6_HAL_CMake.elf.dir/Drivers/STM32H7xx_HAL_Driver/Src/stm32h7xx_hal_sd.c.obj
 .text.SD_Write_IT
                0x08007184       0x4c CMakeFiles/STM32H723ZGT6_HAL_CMake.elf.dir/Drivers/STM32H7xx_HAL_Driver/Src/stm32h7xx_hal_sd.c.obj
 .text.SD_SendSDStatus
                0x080071d0      0x108 CMakeFiles/STM32H723ZGT6_HAL_CMake.elf.dir/Drivers/STM32H7xx_HAL_Driver/Src/stm32h7xx_hal_sd.c.obj
 .text.SD_FindSCR
                0x080072d8      0x108 CMakeFiles/STM32H723ZGT6_HAL_CMake.elf.dir/Drivers/STM32H7xx_HAL_Driver/Src/stm32h7xx_hal_sd.c.obj
 .text.SD_WideBus_Enable
                0x080073e0       0x4e CMakeFiles/STM32H723ZGT6_HAL_CMake.elf.dir/Drivers/STM32H7xx_HAL_Driver/Src/stm32h7xx_hal_sd.c.obj
 .text.SD_WideBus_Disable
                0x0800742e       0x4e CMakeFiles/STM32H723ZGT6_HAL_CMake.elf.dir/Drivers/STM32H7xx_HAL_Driver/Src/stm32h7xx_hal_sd.c.obj
 .text.SD_SendStatus
                0x0800747c       0x2c CMakeFiles/STM32H723ZGT6_HAL_CMake.elf.dir/Drivers/STM32H7xx_HAL_Driver/Src/stm32h7xx_hal_sd.c.obj
 .text.HAL_SD_ReadBlocks_DMA
                0x080074a8       0xe0 CMakeFiles/STM32H723ZGT6_HAL_CMake.elf.dir/Drivers/STM32H7xx_HAL_Driver/Src/stm32h7xx_hal_sd.c.obj
                0x080074a8                HAL_SD_ReadBlocks_DMA
 .text.HAL_SD_WriteBlocks_DMA
                0x08007588       0xe0 CMakeFiles/STM32H723ZGT6_HAL_CMake.elf.dir/Drivers/STM32H7xx_HAL_Driver/Src/stm32h7xx_hal_sd.c.obj
                0x08007588                HAL_SD_WriteBlocks_DMA
 .text.HAL_SD_ErrorCallback
                0x08007668        0x2 CMakeFiles/STM32H723ZGT6_HAL_CMake.elf.dir/Drivers/STM32H7xx_HAL_Driver/Src/stm32h7xx_hal_sd.c.obj
                0x08007668                HAL_SD_ErrorCallback
 *fill*         0x0800766a        0x2 
 .text.HAL_SD_GetCardCSD
                0x0800766c      0x1b8 CMakeFiles/STM32H723ZGT6_HAL_CMake.elf.dir/Drivers/STM32H7xx_HAL_Driver/Src/stm32h7xx_hal_sd.c.obj
                0x0800766c                HAL_SD_GetCardCSD
 .text.SD_InitCard
                0x08007824       0xfc CMakeFiles/STM32H723ZGT6_HAL_CMake.elf.dir/Drivers/STM32H7xx_HAL_Driver/Src/stm32h7xx_hal_sd.c.obj
 .text.HAL_SD_InitCard
                0x08007920       0xd4 CMakeFiles/STM32H723ZGT6_HAL_CMake.elf.dir/Drivers/STM32H7xx_HAL_Driver/Src/stm32h7xx_hal_sd.c.obj
                0x08007920                HAL_SD_InitCard
 .text.HAL_SD_GetCardStatus
                0x080079f4       0xcc CMakeFiles/STM32H723ZGT6_HAL_CMake.elf.dir/Drivers/STM32H7xx_HAL_Driver/Src/stm32h7xx_hal_sd.c.obj
                0x080079f4                HAL_SD_GetCardStatus
 .text.HAL_SD_GetCardInfo
                0x08007ac0       0x24 CMakeFiles/STM32H723ZGT6_HAL_CMake.elf.dir/Drivers/STM32H7xx_HAL_Driver/Src/stm32h7xx_hal_sd.c.obj
                0x08007ac0                HAL_SD_GetCardInfo
 .text.HAL_SD_ConfigWideBusOperation
                0x08007ae4      0x158 CMakeFiles/STM32H723ZGT6_HAL_CMake.elf.dir/Drivers/STM32H7xx_HAL_Driver/Src/stm32h7xx_hal_sd.c.obj
                0x08007ae4                HAL_SD_ConfigWideBusOperation
 .text.HAL_SD_GetCardState
                0x08007c3c       0x22 CMakeFiles/STM32H723ZGT6_HAL_CMake.elf.dir/Drivers/STM32H7xx_HAL_Driver/Src/stm32h7xx_hal_sd.c.obj
                0x08007c3c                HAL_SD_GetCardState
 .text.HAL_SD_Init
                0x08007c5e       0xba CMakeFiles/STM32H723ZGT6_HAL_CMake.elf.dir/Drivers/STM32H7xx_HAL_Driver/Src/stm32h7xx_hal_sd.c.obj
                0x08007c5e                HAL_SD_Init
 .text.HAL_SDEx_Read_DMADoubleBuf0CpltCallback
                0x08007d18        0x2 CMakeFiles/STM32H723ZGT6_HAL_CMake.elf.dir/Drivers/STM32H7xx_HAL_Driver/Src/stm32h7xx_hal_sd.c.obj
                0x08007d18                HAL_SDEx_Read_DMADoubleBuf0CpltCallback
 .text.HAL_SDEx_Read_DMADoubleBuf1CpltCallback
                0x08007d1a        0x2 CMakeFiles/STM32H723ZGT6_HAL_CMake.elf.dir/Drivers/STM32H7xx_HAL_Driver/Src/stm32h7xx_hal_sd.c.obj
                0x08007d1a                HAL_SDEx_Read_DMADoubleBuf1CpltCallback
 .text.HAL_SDEx_Write_DMADoubleBuf0CpltCallback
                0x08007d1c        0x2 CMakeFiles/STM32H723ZGT6_HAL_CMake.elf.dir/Drivers/STM32H7xx_HAL_Driver/Src/stm32h7xx_hal_sd.c.obj
                0x08007d1c                HAL_SDEx_Write_DMADoubleBuf0CpltCallback
 .text.HAL_SDEx_Write_DMADoubleBuf1CpltCallback
                0x08007d1e        0x2 CMakeFiles/STM32H723ZGT6_HAL_CMake.elf.dir/Drivers/STM32H7xx_HAL_Driver/Src/stm32h7xx_hal_sd.c.obj
                0x08007d1e                HAL_SDEx_Write_DMADoubleBuf1CpltCallback
 .text.HAL_SD_IRQHandler
                0x08007d20      0x22c CMakeFiles/STM32H723ZGT6_HAL_CMake.elf.dir/Drivers/STM32H7xx_HAL_Driver/Src/stm32h7xx_hal_sd.c.obj
                0x08007d20                HAL_SD_IRQHandler
 .text.SPI_CloseTransfer
                0x08007f4c       0xcc CMakeFiles/STM32H723ZGT6_HAL_CMake.elf.dir/Drivers/STM32H7xx_HAL_Driver/Src/stm32h7xx_hal_spi.c.obj
 .text.SPI_GetPacketSize
                0x08008018       0x10 CMakeFiles/STM32H723ZGT6_HAL_CMake.elf.dir/Drivers/STM32H7xx_HAL_Driver/Src/stm32h7xx_hal_spi.c.obj
 .text.SPI_WaitOnFlagUntilTimeout
                0x08008028       0x48 CMakeFiles/STM32H723ZGT6_HAL_CMake.elf.dir/Drivers/STM32H7xx_HAL_Driver/Src/stm32h7xx_hal_spi.c.obj
 .text.HAL_SPI_Init
                0x08008070      0x190 CMakeFiles/STM32H723ZGT6_HAL_CMake.elf.dir/Drivers/STM32H7xx_HAL_Driver/Src/stm32h7xx_hal_spi.c.obj
                0x08008070                HAL_SPI_Init
 .text.HAL_SPI_Transmit
                0x08008200      0x2c0 CMakeFiles/STM32H723ZGT6_HAL_CMake.elf.dir/Drivers/STM32H7xx_HAL_Driver/Src/stm32h7xx_hal_spi.c.obj
                0x08008200                HAL_SPI_Transmit
 .text.HAL_SPI_TxCpltCallback
                0x080084c0        0x2 CMakeFiles/STM32H723ZGT6_HAL_CMake.elf.dir/Drivers/STM32H7xx_HAL_Driver/Src/stm32h7xx_hal_spi.c.obj
                0x080084c0                HAL_SPI_TxCpltCallback
 .text.HAL_SPI_RxCpltCallback
                0x080084c2        0x2 CMakeFiles/STM32H723ZGT6_HAL_CMake.elf.dir/Drivers/STM32H7xx_HAL_Driver/Src/stm32h7xx_hal_spi.c.obj
                0x080084c2                HAL_SPI_RxCpltCallback
 .text.HAL_SPI_TxRxCpltCallback
                0x080084c4        0x2 CMakeFiles/STM32H723ZGT6_HAL_CMake.elf.dir/Drivers/STM32H7xx_HAL_Driver/Src/stm32h7xx_hal_spi.c.obj
                0x080084c4                HAL_SPI_TxRxCpltCallback
 .text.HAL_SPI_ErrorCallback
                0x080084c6        0x2 CMakeFiles/STM32H723ZGT6_HAL_CMake.elf.dir/Drivers/STM32H7xx_HAL_Driver/Src/stm32h7xx_hal_spi.c.obj
                0x080084c6                HAL_SPI_ErrorCallback
 .text.SPI_DMAAbortOnError
                0x080084c8       0x1a CMakeFiles/STM32H723ZGT6_HAL_CMake.elf.dir/Drivers/STM32H7xx_HAL_Driver/Src/stm32h7xx_hal_spi.c.obj
 .text.HAL_SPI_SuspendCallback
                0x080084e2        0x2 CMakeFiles/STM32H723ZGT6_HAL_CMake.elf.dir/Drivers/STM32H7xx_HAL_Driver/Src/stm32h7xx_hal_spi.c.obj
                0x080084e2                HAL_SPI_SuspendCallback
 .text.HAL_SPI_IRQHandler
                0x080084e4      0x240 CMakeFiles/STM32H723ZGT6_HAL_CMake.elf.dir/Drivers/STM32H7xx_HAL_Driver/Src/stm32h7xx_hal_spi.c.obj
                0x080084e4                HAL_SPI_IRQHandler
 .text.HAL_TIM_Base_MspInit
                0x08008724        0x2 CMakeFiles/STM32H723ZGT6_HAL_CMake.elf.dir/Drivers/STM32H7xx_HAL_Driver/Src/stm32h7xx_hal_tim.c.obj
                0x08008724                HAL_TIM_Base_MspInit
 *fill*         0x08008726        0x2 
 .text.HAL_TIM_Base_Start_IT
                0x08008728       0xa0 CMakeFiles/STM32H723ZGT6_HAL_CMake.elf.dir/Drivers/STM32H7xx_HAL_Driver/Src/stm32h7xx_hal_tim.c.obj
                0x08008728                HAL_TIM_Base_Start_IT
 .text.HAL_TIM_OC_DelayElapsedCallback
                0x080087c8        0x2 CMakeFiles/STM32H723ZGT6_HAL_CMake.elf.dir/Drivers/STM32H7xx_HAL_Driver/Src/stm32h7xx_hal_tim.c.obj
                0x080087c8                HAL_TIM_OC_DelayElapsedCallback
 .text.HAL_TIM_IC_CaptureCallback
                0x080087ca        0x2 CMakeFiles/STM32H723ZGT6_HAL_CMake.elf.dir/Drivers/STM32H7xx_HAL_Driver/Src/stm32h7xx_hal_tim.c.obj
                0x080087ca                HAL_TIM_IC_CaptureCallback
 .text.HAL_TIM_PWM_PulseFinishedCallback
                0x080087cc        0x2 CMakeFiles/STM32H723ZGT6_HAL_CMake.elf.dir/Drivers/STM32H7xx_HAL_Driver/Src/stm32h7xx_hal_tim.c.obj
                0x080087cc                HAL_TIM_PWM_PulseFinishedCallback
 .text.HAL_TIM_TriggerCallback
                0x080087ce        0x2 CMakeFiles/STM32H723ZGT6_HAL_CMake.elf.dir/Drivers/STM32H7xx_HAL_Driver/Src/stm32h7xx_hal_tim.c.obj
                0x080087ce                HAL_TIM_TriggerCallback
 .text.HAL_TIM_IRQHandler
                0x080087d0      0x17a CMakeFiles/STM32H723ZGT6_HAL_CMake.elf.dir/Drivers/STM32H7xx_HAL_Driver/Src/stm32h7xx_hal_tim.c.obj
                0x080087d0                HAL_TIM_IRQHandler
 *fill*         0x0800894a        0x2 
 .text.TIM_Base_SetConfig
                0x0800894c      0x120 CMakeFiles/STM32H723ZGT6_HAL_CMake.elf.dir/Drivers/STM32H7xx_HAL_Driver/Src/stm32h7xx_hal_tim.c.obj
                0x0800894c                TIM_Base_SetConfig
 .text.HAL_TIM_Base_Init
                0x08008a6c       0x60 CMakeFiles/STM32H723ZGT6_HAL_CMake.elf.dir/Drivers/STM32H7xx_HAL_Driver/Src/stm32h7xx_hal_tim.c.obj
                0x08008a6c                HAL_TIM_Base_Init
 .text.HAL_TIMEx_CommutCallback
                0x08008acc        0x2 CMakeFiles/STM32H723ZGT6_HAL_CMake.elf.dir/Drivers/STM32H7xx_HAL_Driver/Src/stm32h7xx_hal_tim_ex.c.obj
                0x08008acc                HAL_TIMEx_CommutCallback
 .text.HAL_TIMEx_BreakCallback
                0x08008ace        0x2 CMakeFiles/STM32H723ZGT6_HAL_CMake.elf.dir/Drivers/STM32H7xx_HAL_Driver/Src/stm32h7xx_hal_tim_ex.c.obj
                0x08008ace                HAL_TIMEx_BreakCallback
 .text.HAL_TIMEx_Break2Callback
                0x08008ad0        0x2 CMakeFiles/STM32H723ZGT6_HAL_CMake.elf.dir/Drivers/STM32H7xx_HAL_Driver/Src/stm32h7xx_hal_tim_ex.c.obj
                0x08008ad0                HAL_TIMEx_Break2Callback
 *fill*         0x08008ad2        0x2 
 .text.UART_EndRxTransfer
                0x08008ad4       0x58 CMakeFiles/STM32H723ZGT6_HAL_CMake.elf.dir/Drivers/STM32H7xx_HAL_Driver/Src/stm32h7xx_hal_uart.c.obj
 .text.UART_TxISR_8BIT
                0x08008b2c       0x56 CMakeFiles/STM32H723ZGT6_HAL_CMake.elf.dir/Drivers/STM32H7xx_HAL_Driver/Src/stm32h7xx_hal_uart.c.obj
 .text.UART_TxISR_16BIT
                0x08008b82       0x5a CMakeFiles/STM32H723ZGT6_HAL_CMake.elf.dir/Drivers/STM32H7xx_HAL_Driver/Src/stm32h7xx_hal_uart.c.obj
 .text.UART_TxISR_8BIT_FIFOEN
                0x08008bdc       0x74 CMakeFiles/STM32H723ZGT6_HAL_CMake.elf.dir/Drivers/STM32H7xx_HAL_Driver/Src/stm32h7xx_hal_uart.c.obj
 .text.UART_TxISR_16BIT_FIFOEN
                0x08008c50       0x78 CMakeFiles/STM32H723ZGT6_HAL_CMake.elf.dir/Drivers/STM32H7xx_HAL_Driver/Src/stm32h7xx_hal_uart.c.obj
 .text.HAL_UART_Transmit_IT
                0x08008cc8       0xa8 CMakeFiles/STM32H723ZGT6_HAL_CMake.elf.dir/Drivers/STM32H7xx_HAL_Driver/Src/stm32h7xx_hal_uart.c.obj
                0x08008cc8                HAL_UART_Transmit_IT
 .text.HAL_UART_TxCpltCallback
                0x08008d70        0x2 CMakeFiles/STM32H723ZGT6_HAL_CMake.elf.dir/Drivers/STM32H7xx_HAL_Driver/Src/stm32h7xx_hal_uart.c.obj
                0x08008d70                HAL_UART_TxCpltCallback
 .text.UART_EndTransmit_IT
                0x08008d72       0x24 CMakeFiles/STM32H723ZGT6_HAL_CMake.elf.dir/Drivers/STM32H7xx_HAL_Driver/Src/stm32h7xx_hal_uart.c.obj
 .text.HAL_UART_ErrorCallback
                0x08008d96        0x2 CMakeFiles/STM32H723ZGT6_HAL_CMake.elf.dir/Drivers/STM32H7xx_HAL_Driver/Src/stm32h7xx_hal_uart.c.obj
                0x08008d96                HAL_UART_ErrorCallback
 .text.UART_DMAAbortOnError
                0x08008d98       0x10 CMakeFiles/STM32H723ZGT6_HAL_CMake.elf.dir/Drivers/STM32H7xx_HAL_Driver/Src/stm32h7xx_hal_uart.c.obj
 .text.HAL_UARTEx_RxEventCallback
                0x08008da8        0x2 CMakeFiles/STM32H723ZGT6_HAL_CMake.elf.dir/Drivers/STM32H7xx_HAL_Driver/Src/stm32h7xx_hal_uart.c.obj
                0x08008da8                HAL_UARTEx_RxEventCallback
 *fill*         0x08008daa        0x2 
 .text.HAL_UART_IRQHandler
                0x08008dac      0x3d0 CMakeFiles/STM32H723ZGT6_HAL_CMake.elf.dir/Drivers/STM32H7xx_HAL_Driver/Src/stm32h7xx_hal_uart.c.obj
                0x08008dac                HAL_UART_IRQHandler
 .text.UART_SetConfig
                0x0800917c      0x6bc CMakeFiles/STM32H723ZGT6_HAL_CMake.elf.dir/Drivers/STM32H7xx_HAL_Driver/Src/stm32h7xx_hal_uart.c.obj
                0x0800917c                UART_SetConfig
 .text.UART_AdvFeatureConfig
                0x08009838       0xca CMakeFiles/STM32H723ZGT6_HAL_CMake.elf.dir/Drivers/STM32H7xx_HAL_Driver/Src/stm32h7xx_hal_uart.c.obj
                0x08009838                UART_AdvFeatureConfig
 .text.UART_WaitOnFlagUntilTimeout
                0x08009902       0xa6 CMakeFiles/STM32H723ZGT6_HAL_CMake.elf.dir/Drivers/STM32H7xx_HAL_Driver/Src/stm32h7xx_hal_uart.c.obj
                0x08009902                UART_WaitOnFlagUntilTimeout
 .text.UART_CheckIdleState
                0x080099a8       0xca CMakeFiles/STM32H723ZGT6_HAL_CMake.elf.dir/Drivers/STM32H7xx_HAL_Driver/Src/stm32h7xx_hal_uart.c.obj
                0x080099a8                UART_CheckIdleState
 .text.HAL_UART_Init
                0x08009a72       0x66 CMakeFiles/STM32H723ZGT6_HAL_CMake.elf.dir/Drivers/STM32H7xx_HAL_Driver/Src/stm32h7xx_hal_uart.c.obj
                0x08009a72                HAL_UART_Init
 .text.UARTEx_SetNbDataToProcess
                0x08009ad8       0x4c CMakeFiles/STM32H723ZGT6_HAL_CMake.elf.dir/Drivers/STM32H7xx_HAL_Driver/Src/stm32h7xx_hal_uart_ex.c.obj
 .text.HAL_UARTEx_WakeupCallback
                0x08009b24        0x2 CMakeFiles/STM32H723ZGT6_HAL_CMake.elf.dir/Drivers/STM32H7xx_HAL_Driver/Src/stm32h7xx_hal_uart_ex.c.obj
                0x08009b24                HAL_UARTEx_WakeupCallback
 .text.HAL_UARTEx_RxFifoFullCallback
                0x08009b26        0x2 CMakeFiles/STM32H723ZGT6_HAL_CMake.elf.dir/Drivers/STM32H7xx_HAL_Driver/Src/stm32h7xx_hal_uart_ex.c.obj
                0x08009b26                HAL_UARTEx_RxFifoFullCallback
 .text.HAL_UARTEx_TxFifoEmptyCallback
                0x08009b28        0x2 CMakeFiles/STM32H723ZGT6_HAL_CMake.elf.dir/Drivers/STM32H7xx_HAL_Driver/Src/stm32h7xx_hal_uart_ex.c.obj
                0x08009b28                HAL_UARTEx_TxFifoEmptyCallback
 .text.HAL_UARTEx_DisableFifoMode
                0x08009b2a       0x3e CMakeFiles/STM32H723ZGT6_HAL_CMake.elf.dir/Drivers/STM32H7xx_HAL_Driver/Src/stm32h7xx_hal_uart_ex.c.obj
                0x08009b2a                HAL_UARTEx_DisableFifoMode
 .text.HAL_UARTEx_SetTxFifoThreshold
                0x08009b68       0x4a CMakeFiles/STM32H723ZGT6_HAL_CMake.elf.dir/Drivers/STM32H7xx_HAL_Driver/Src/stm32h7xx_hal_uart_ex.c.obj
                0x08009b68                HAL_UARTEx_SetTxFifoThreshold
 .text.HAL_UARTEx_SetRxFifoThreshold
                0x08009bb2       0x4a CMakeFiles/STM32H723ZGT6_HAL_CMake.elf.dir/Drivers/STM32H7xx_HAL_Driver/Src/stm32h7xx_hal_uart_ex.c.obj
                0x08009bb2                HAL_UARTEx_SetRxFifoThreshold
 .text.SDMMC_GetCmdError
                0x08009bfc       0x3c CMakeFiles/STM32H723ZGT6_HAL_CMake.elf.dir/Drivers/STM32H7xx_HAL_Driver/Src/stm32h7xx_ll_sdmmc.c.obj
 .text.SDMMC_Init
                0x08009c38       0x30 CMakeFiles/STM32H723ZGT6_HAL_CMake.elf.dir/Drivers/STM32H7xx_HAL_Driver/Src/stm32h7xx_ll_sdmmc.c.obj
                0x08009c38                SDMMC_Init
 .text.SDMMC_ReadFIFO
                0x08009c68        0x6 CMakeFiles/STM32H723ZGT6_HAL_CMake.elf.dir/Drivers/STM32H7xx_HAL_Driver/Src/stm32h7xx_ll_sdmmc.c.obj
                0x08009c68                SDMMC_ReadFIFO
 .text.SDMMC_WriteFIFO
                0x08009c6e        0xa CMakeFiles/STM32H723ZGT6_HAL_CMake.elf.dir/Drivers/STM32H7xx_HAL_Driver/Src/stm32h7xx_ll_sdmmc.c.obj
                0x08009c6e                SDMMC_WriteFIFO
 .text.SDMMC_PowerState_ON
                0x08009c78        0xc CMakeFiles/STM32H723ZGT6_HAL_CMake.elf.dir/Drivers/STM32H7xx_HAL_Driver/Src/stm32h7xx_ll_sdmmc.c.obj
                0x08009c78                SDMMC_PowerState_ON
 .text.SDMMC_GetPowerState
                0x08009c84        0x8 CMakeFiles/STM32H723ZGT6_HAL_CMake.elf.dir/Drivers/STM32H7xx_HAL_Driver/Src/stm32h7xx_ll_sdmmc.c.obj
                0x08009c84                SDMMC_GetPowerState
 .text.SDMMC_SendCommand
                0x08009c8c       0x24 CMakeFiles/STM32H723ZGT6_HAL_CMake.elf.dir/Drivers/STM32H7xx_HAL_Driver/Src/stm32h7xx_ll_sdmmc.c.obj
                0x08009c8c                SDMMC_SendCommand
 .text.SDMMC_GetCommandResponse
                0x08009cb0        0x6 CMakeFiles/STM32H723ZGT6_HAL_CMake.elf.dir/Drivers/STM32H7xx_HAL_Driver/Src/stm32h7xx_ll_sdmmc.c.obj
                0x08009cb0                SDMMC_GetCommandResponse
 .text.SDMMC_GetResponse
                0x08009cb6        0x6 CMakeFiles/STM32H723ZGT6_HAL_CMake.elf.dir/Drivers/STM32H7xx_HAL_Driver/Src/stm32h7xx_ll_sdmmc.c.obj
                0x08009cb6                SDMMC_GetResponse
 .text.SDMMC_ConfigData
                0x08009cbc       0x24 CMakeFiles/STM32H723ZGT6_HAL_CMake.elf.dir/Drivers/STM32H7xx_HAL_Driver/Src/stm32h7xx_ll_sdmmc.c.obj
                0x08009cbc                SDMMC_ConfigData
 .text.SDMMC_CmdGoIdleState
                0x08009ce0       0x26 CMakeFiles/STM32H723ZGT6_HAL_CMake.elf.dir/Drivers/STM32H7xx_HAL_Driver/Src/stm32h7xx_ll_sdmmc.c.obj
                0x08009ce0                SDMMC_CmdGoIdleState
 *fill*         0x08009d06        0x2 
 .text.SDMMC_GetCmdResp1
                0x08009d08      0x160 CMakeFiles/STM32H723ZGT6_HAL_CMake.elf.dir/Drivers/STM32H7xx_HAL_Driver/Src/stm32h7xx_ll_sdmmc.c.obj
                0x08009d08                SDMMC_GetCmdResp1
 .text.SDMMC_CmdBlockLength
                0x08009e68       0x32 CMakeFiles/STM32H723ZGT6_HAL_CMake.elf.dir/Drivers/STM32H7xx_HAL_Driver/Src/stm32h7xx_ll_sdmmc.c.obj
                0x08009e68                SDMMC_CmdBlockLength
 .text.SDMMC_CmdReadSingleBlock
                0x08009e9a       0x32 CMakeFiles/STM32H723ZGT6_HAL_CMake.elf.dir/Drivers/STM32H7xx_HAL_Driver/Src/stm32h7xx_ll_sdmmc.c.obj
                0x08009e9a                SDMMC_CmdReadSingleBlock
 .text.SDMMC_CmdReadMultiBlock
                0x08009ecc       0x32 CMakeFiles/STM32H723ZGT6_HAL_CMake.elf.dir/Drivers/STM32H7xx_HAL_Driver/Src/stm32h7xx_ll_sdmmc.c.obj
                0x08009ecc                SDMMC_CmdReadMultiBlock
 .text.SDMMC_CmdWriteSingleBlock
                0x08009efe       0x32 CMakeFiles/STM32H723ZGT6_HAL_CMake.elf.dir/Drivers/STM32H7xx_HAL_Driver/Src/stm32h7xx_ll_sdmmc.c.obj
                0x08009efe                SDMMC_CmdWriteSingleBlock
 .text.SDMMC_CmdWriteMultiBlock
                0x08009f30       0x32 CMakeFiles/STM32H723ZGT6_HAL_CMake.elf.dir/Drivers/STM32H7xx_HAL_Driver/Src/stm32h7xx_ll_sdmmc.c.obj
                0x08009f30                SDMMC_CmdWriteMultiBlock
 *fill*         0x08009f62        0x2 
 .text.SDMMC_CmdStopTransfer
                0x08009f64       0x58 CMakeFiles/STM32H723ZGT6_HAL_CMake.elf.dir/Drivers/STM32H7xx_HAL_Driver/Src/stm32h7xx_ll_sdmmc.c.obj
                0x08009f64                SDMMC_CmdStopTransfer
 .text.SDMMC_CmdSelDesel
                0x08009fbc       0x32 CMakeFiles/STM32H723ZGT6_HAL_CMake.elf.dir/Drivers/STM32H7xx_HAL_Driver/Src/stm32h7xx_ll_sdmmc.c.obj
                0x08009fbc                SDMMC_CmdSelDesel
 .text.SDMMC_CmdAppCommand
                0x08009fee       0x32 CMakeFiles/STM32H723ZGT6_HAL_CMake.elf.dir/Drivers/STM32H7xx_HAL_Driver/Src/stm32h7xx_ll_sdmmc.c.obj
                0x08009fee                SDMMC_CmdAppCommand
 .text.SDMMC_CmdBusWidth
                0x0800a020       0x32 CMakeFiles/STM32H723ZGT6_HAL_CMake.elf.dir/Drivers/STM32H7xx_HAL_Driver/Src/stm32h7xx_ll_sdmmc.c.obj
                0x0800a020                SDMMC_CmdBusWidth
 .text.SDMMC_CmdSendSCR
                0x0800a052       0x32 CMakeFiles/STM32H723ZGT6_HAL_CMake.elf.dir/Drivers/STM32H7xx_HAL_Driver/Src/stm32h7xx_ll_sdmmc.c.obj
                0x0800a052                SDMMC_CmdSendSCR
 .text.SDMMC_CmdSendStatus
                0x0800a084       0x32 CMakeFiles/STM32H723ZGT6_HAL_CMake.elf.dir/Drivers/STM32H7xx_HAL_Driver/Src/stm32h7xx_ll_sdmmc.c.obj
                0x0800a084                SDMMC_CmdSendStatus
 .text.SDMMC_CmdStatusRegister
                0x0800a0b6       0x32 CMakeFiles/STM32H723ZGT6_HAL_CMake.elf.dir/Drivers/STM32H7xx_HAL_Driver/Src/stm32h7xx_ll_sdmmc.c.obj
                0x0800a0b6                SDMMC_CmdStatusRegister
 .text.SDMMC_GetCmdResp2
                0x0800a0e8       0x60 CMakeFiles/STM32H723ZGT6_HAL_CMake.elf.dir/Drivers/STM32H7xx_HAL_Driver/Src/stm32h7xx_ll_sdmmc.c.obj
                0x0800a0e8                SDMMC_GetCmdResp2
 .text.SDMMC_CmdSendCID
                0x0800a148       0x2c CMakeFiles/STM32H723ZGT6_HAL_CMake.elf.dir/Drivers/STM32H7xx_HAL_Driver/Src/stm32h7xx_ll_sdmmc.c.obj
                0x0800a148                SDMMC_CmdSendCID
 .text.SDMMC_CmdSendCSD
                0x0800a174       0x2c CMakeFiles/STM32H723ZGT6_HAL_CMake.elf.dir/Drivers/STM32H7xx_HAL_Driver/Src/stm32h7xx_ll_sdmmc.c.obj
                0x0800a174                SDMMC_CmdSendCSD
 .text.SDMMC_GetCmdResp3
                0x0800a1a0       0x50 CMakeFiles/STM32H723ZGT6_HAL_CMake.elf.dir/Drivers/STM32H7xx_HAL_Driver/Src/stm32h7xx_ll_sdmmc.c.obj
                0x0800a1a0                SDMMC_GetCmdResp3
 .text.SDMMC_CmdAppOperCommand
                0x0800a1f0       0x2c CMakeFiles/STM32H723ZGT6_HAL_CMake.elf.dir/Drivers/STM32H7xx_HAL_Driver/Src/stm32h7xx_ll_sdmmc.c.obj
                0x0800a1f0                SDMMC_CmdAppOperCommand
 .text.SDMMC_GetCmdResp6
                0x0800a21c       0xa4 CMakeFiles/STM32H723ZGT6_HAL_CMake.elf.dir/Drivers/STM32H7xx_HAL_Driver/Src/stm32h7xx_ll_sdmmc.c.obj
                0x0800a21c                SDMMC_GetCmdResp6
 .text.SDMMC_CmdSetRelAdd
                0x0800a2c0       0x32 CMakeFiles/STM32H723ZGT6_HAL_CMake.elf.dir/Drivers/STM32H7xx_HAL_Driver/Src/stm32h7xx_ll_sdmmc.c.obj
                0x0800a2c0                SDMMC_CmdSetRelAdd
 *fill*         0x0800a2f2        0x2 
 .text.SDMMC_GetCmdResp7
                0x0800a2f4       0x64 CMakeFiles/STM32H723ZGT6_HAL_CMake.elf.dir/Drivers/STM32H7xx_HAL_Driver/Src/stm32h7xx_ll_sdmmc.c.obj
                0x0800a2f4                SDMMC_GetCmdResp7
 .text.SDMMC_CmdOperCond
                0x0800a358       0x30 CMakeFiles/STM32H723ZGT6_HAL_CMake.elf.dir/Drivers/STM32H7xx_HAL_Driver/Src/stm32h7xx_ll_sdmmc.c.obj
                0x0800a358                SDMMC_CmdOperCond
 .text.MX_FATFS_Init
                0x0800a388       0x34 CMakeFiles/STM32H723ZGT6_HAL_CMake.elf.dir/FATFS/App/fatfs.c.obj
                0x0800a388                MX_FATFS_Init
 .text.BSP_SD_ReadBlocks_DMA
                0x0800a3bc       0x18 CMakeFiles/STM32H723ZGT6_HAL_CMake.elf.dir/FATFS/Target/bsp_driver_sd.c.obj
                0x0800a3bc                BSP_SD_ReadBlocks_DMA
 .text.BSP_SD_WriteBlocks_DMA
                0x0800a3d4       0x18 CMakeFiles/STM32H723ZGT6_HAL_CMake.elf.dir/FATFS/Target/bsp_driver_sd.c.obj
                0x0800a3d4                BSP_SD_WriteBlocks_DMA
 .text.BSP_SD_GetCardState
                0x0800a3ec       0x14 CMakeFiles/STM32H723ZGT6_HAL_CMake.elf.dir/FATFS/Target/bsp_driver_sd.c.obj
                0x0800a3ec                BSP_SD_GetCardState
 .text.BSP_SD_GetCardInfo
                0x0800a400       0x10 CMakeFiles/STM32H723ZGT6_HAL_CMake.elf.dir/FATFS/Target/bsp_driver_sd.c.obj
                0x0800a400                BSP_SD_GetCardInfo
 .text.HAL_SD_TxCpltCallback
                0x0800a410        0x8 CMakeFiles/STM32H723ZGT6_HAL_CMake.elf.dir/FATFS/Target/bsp_driver_sd.c.obj
                0x0800a410                HAL_SD_TxCpltCallback
 .text.HAL_SD_RxCpltCallback
                0x0800a418        0x8 CMakeFiles/STM32H723ZGT6_HAL_CMake.elf.dir/FATFS/Target/bsp_driver_sd.c.obj
                0x0800a418                HAL_SD_RxCpltCallback
 .text.BSP_SD_IsDetected
                0x0800a420       0x10 CMakeFiles/STM32H723ZGT6_HAL_CMake.elf.dir/FATFS/Target/bsp_driver_sd.c.obj
                0x0800a420                BSP_SD_IsDetected
 .text.BSP_SD_Init
                0x0800a430       0x34 CMakeFiles/STM32H723ZGT6_HAL_CMake.elf.dir/FATFS/Target/bsp_driver_sd.c.obj
                0x0800a430                BSP_SD_Init
 .text.SD_CheckStatus
                0x0800a464       0x24 CMakeFiles/STM32H723ZGT6_HAL_CMake.elf.dir/FATFS/Target/sd_diskio.c.obj
 .text.SD_initialize
                0x0800a488       0x64 CMakeFiles/STM32H723ZGT6_HAL_CMake.elf.dir/FATFS/Target/sd_diskio.c.obj
                0x0800a488                SD_initialize
 .text.SD_status
                0x0800a4ec        0x8 CMakeFiles/STM32H723ZGT6_HAL_CMake.elf.dir/FATFS/Target/sd_diskio.c.obj
                0x0800a4ec                SD_status
 .text.SD_CheckStatusWithTimeout
                0x0800a4f4       0x26 CMakeFiles/STM32H723ZGT6_HAL_CMake.elf.dir/FATFS/Target/sd_diskio.c.obj
 *fill*         0x0800a51a        0x2 
 .text.SD_read  0x0800a51c       0x78 CMakeFiles/STM32H723ZGT6_HAL_CMake.elf.dir/FATFS/Target/sd_diskio.c.obj
                0x0800a51c                SD_read
 .text.SD_write
                0x0800a594       0x78 CMakeFiles/STM32H723ZGT6_HAL_CMake.elf.dir/FATFS/Target/sd_diskio.c.obj
                0x0800a594                SD_write
 .text.SD_ioctl
                0x0800a60c       0x58 CMakeFiles/STM32H723ZGT6_HAL_CMake.elf.dir/FATFS/Target/sd_diskio.c.obj
                0x0800a60c                SD_ioctl
 .text.BSP_SD_WriteCpltCallback
                0x0800a664       0x24 CMakeFiles/STM32H723ZGT6_HAL_CMake.elf.dir/FATFS/Target/sd_diskio.c.obj
                0x0800a664                BSP_SD_WriteCpltCallback
 .text.BSP_SD_ReadCpltCallback
                0x0800a688       0x24 CMakeFiles/STM32H723ZGT6_HAL_CMake.elf.dir/FATFS/Target/sd_diskio.c.obj
                0x0800a688                BSP_SD_ReadCpltCallback
 .text.USER_initialize
                0x0800a6ac       0x10 CMakeFiles/STM32H723ZGT6_HAL_CMake.elf.dir/FATFS/Target/user_diskio.c.obj
                0x0800a6ac                USER_initialize
 .text.USER_status
                0x0800a6bc       0x10 CMakeFiles/STM32H723ZGT6_HAL_CMake.elf.dir/FATFS/Target/user_diskio.c.obj
                0x0800a6bc                USER_status
 .text.USER_read
                0x0800a6cc        0x4 CMakeFiles/STM32H723ZGT6_HAL_CMake.elf.dir/FATFS/Target/user_diskio.c.obj
                0x0800a6cc                USER_read
 .text.USER_write
                0x0800a6d0        0x4 CMakeFiles/STM32H723ZGT6_HAL_CMake.elf.dir/FATFS/Target/user_diskio.c.obj
                0x0800a6d0                USER_write
 .text.USER_ioctl
                0x0800a6d4        0x4 CMakeFiles/STM32H723ZGT6_HAL_CMake.elf.dir/FATFS/Target/user_diskio.c.obj
                0x0800a6d4                USER_ioctl
 .text.FATFS_LinkDriverEx
                0x0800a6d8       0x54 CMakeFiles/STM32H723ZGT6_HAL_CMake.elf.dir/Middlewares/Third_Party/Fatfs/src/ff_gen_drv.c.obj
                0x0800a6d8                FATFS_LinkDriverEx
 .text.FATFS_LinkDriver
                0x0800a72c        0xa CMakeFiles/STM32H723ZGT6_HAL_CMake.elf.dir/Middlewares/Third_Party/Fatfs/src/ff_gen_drv.c.obj
                0x0800a72c                FATFS_LinkDriver
 .text.SysTick_Handler
                0x0800a736       0x18 CMakeFiles/STM32H723ZGT6_HAL_CMake.elf.dir/Middlewares/Third_Party/FreeRTOS/Source/CMSIS_RTOS_V2/cmsis_os2.c.obj
                0x0800a736                SysTick_Handler
 *fill*         0x0800a74e        0x2 
 .text.osKernelInitialize
                0x0800a750       0x24 CMakeFiles/STM32H723ZGT6_HAL_CMake.elf.dir/Middlewares/Third_Party/FreeRTOS/Source/CMSIS_RTOS_V2/cmsis_os2.c.obj
                0x0800a750                osKernelInitialize
 .text.osKernelGetState
                0x0800a774       0x24 CMakeFiles/STM32H723ZGT6_HAL_CMake.elf.dir/Middlewares/Third_Party/FreeRTOS/Source/CMSIS_RTOS_V2/cmsis_os2.c.obj
                0x0800a774                osKernelGetState
 .text.osKernelStart
                0x0800a798       0x38 CMakeFiles/STM32H723ZGT6_HAL_CMake.elf.dir/Middlewares/Third_Party/FreeRTOS/Source/CMSIS_RTOS_V2/cmsis_os2.c.obj
                0x0800a798                osKernelStart
 .text.osKernelGetTickCount
                0x0800a7d0       0x14 CMakeFiles/STM32H723ZGT6_HAL_CMake.elf.dir/Middlewares/Third_Party/FreeRTOS/Source/CMSIS_RTOS_V2/cmsis_os2.c.obj
                0x0800a7d0                osKernelGetTickCount
 .text.osThreadNew
                0x0800a7e4       0xb4 CMakeFiles/STM32H723ZGT6_HAL_CMake.elf.dir/Middlewares/Third_Party/FreeRTOS/Source/CMSIS_RTOS_V2/cmsis_os2.c.obj
                0x0800a7e4                osThreadNew
 .text.osDelay  0x0800a898       0x1c CMakeFiles/STM32H723ZGT6_HAL_CMake.elf.dir/Middlewares/Third_Party/FreeRTOS/Source/CMSIS_RTOS_V2/cmsis_os2.c.obj
                0x0800a898                osDelay
 .text.osMessageQueueNew
                0x0800a8b4       0x98 CMakeFiles/STM32H723ZGT6_HAL_CMake.elf.dir/Middlewares/Third_Party/FreeRTOS/Source/CMSIS_RTOS_V2/cmsis_os2.c.obj
                0x0800a8b4                osMessageQueueNew
 .text.osMessageQueuePut
                0x0800a94c       0x80 CMakeFiles/STM32H723ZGT6_HAL_CMake.elf.dir/Middlewares/Third_Party/FreeRTOS/Source/CMSIS_RTOS_V2/cmsis_os2.c.obj
                0x0800a94c                osMessageQueuePut
 .text.osMessageQueueGet
                0x0800a9cc       0x7e CMakeFiles/STM32H723ZGT6_HAL_CMake.elf.dir/Middlewares/Third_Party/FreeRTOS/Source/CMSIS_RTOS_V2/cmsis_os2.c.obj
                0x0800a9cc                osMessageQueueGet
 *fill*         0x0800aa4a        0x2 
 .text.vApplicationGetIdleTaskMemory
                0x0800aa4c       0x18 CMakeFiles/STM32H723ZGT6_HAL_CMake.elf.dir/Middlewares/Third_Party/FreeRTOS/Source/CMSIS_RTOS_V2/cmsis_os2.c.obj
                0x0800aa4c                vApplicationGetIdleTaskMemory
 .text.vApplicationGetTimerTaskMemory
                0x0800aa64       0x18 CMakeFiles/STM32H723ZGT6_HAL_CMake.elf.dir/Middlewares/Third_Party/FreeRTOS/Source/CMSIS_RTOS_V2/cmsis_os2.c.obj
                0x0800aa64                vApplicationGetTimerTaskMemory
 .text.vListInitialise
                0x0800aa7c       0x16 CMakeFiles/STM32H723ZGT6_HAL_CMake.elf.dir/Middlewares/Third_Party/FreeRTOS/Source/list.c.obj
                0x0800aa7c                vListInitialise
 .text.vListInitialiseItem
                0x0800aa92        0x6 CMakeFiles/STM32H723ZGT6_HAL_CMake.elf.dir/Middlewares/Third_Party/FreeRTOS/Source/list.c.obj
                0x0800aa92                vListInitialiseItem
 .text.vListInsertEnd
                0x0800aa98       0x16 CMakeFiles/STM32H723ZGT6_HAL_CMake.elf.dir/Middlewares/Third_Party/FreeRTOS/Source/list.c.obj
                0x0800aa98                vListInsertEnd
 .text.vListInsert
                0x0800aaae       0x32 CMakeFiles/STM32H723ZGT6_HAL_CMake.elf.dir/Middlewares/Third_Party/FreeRTOS/Source/list.c.obj
                0x0800aaae                vListInsert
 .text.uxListRemove
                0x0800aae0       0x26 CMakeFiles/STM32H723ZGT6_HAL_CMake.elf.dir/Middlewares/Third_Party/FreeRTOS/Source/list.c.obj
                0x0800aae0                uxListRemove
 *fill*         0x0800ab06        0x2 
 .text.prvTaskExitError
                0x0800ab08       0x40 CMakeFiles/STM32H723ZGT6_HAL_CMake.elf.dir/Middlewares/Third_Party/FreeRTOS/Source/portable/GCC/ARM_CM4F/port.c.obj
 .text.prvPortStartFirstTask
                0x0800ab48       0x28 CMakeFiles/STM32H723ZGT6_HAL_CMake.elf.dir/Middlewares/Third_Party/FreeRTOS/Source/portable/GCC/ARM_CM4F/port.c.obj
 .text.vPortEnableVFP
                0x0800ab70       0x14 CMakeFiles/STM32H723ZGT6_HAL_CMake.elf.dir/Middlewares/Third_Party/FreeRTOS/Source/portable/GCC/ARM_CM4F/port.c.obj
 .text.pxPortInitialiseStack
                0x0800ab84       0x2c CMakeFiles/STM32H723ZGT6_HAL_CMake.elf.dir/Middlewares/Third_Party/FreeRTOS/Source/portable/GCC/ARM_CM4F/port.c.obj
                0x0800ab84                pxPortInitialiseStack
 .text.SVC_Handler
                0x0800abb0       0x24 CMakeFiles/STM32H723ZGT6_HAL_CMake.elf.dir/Middlewares/Third_Party/FreeRTOS/Source/portable/GCC/ARM_CM4F/port.c.obj
                0x0800abb0                SVC_Handler
 .text.vPortEnterCritical
                0x0800abd4       0x44 CMakeFiles/STM32H723ZGT6_HAL_CMake.elf.dir/Middlewares/Third_Party/FreeRTOS/Source/portable/GCC/ARM_CM4F/port.c.obj
                0x0800abd4                vPortEnterCritical
 .text.vPortExitCritical
                0x0800ac18       0x2c CMakeFiles/STM32H723ZGT6_HAL_CMake.elf.dir/Middlewares/Third_Party/FreeRTOS/Source/portable/GCC/ARM_CM4F/port.c.obj
                0x0800ac18                vPortExitCritical
 *fill*         0x0800ac44        0xc 
 .text.PendSV_Handler
                0x0800ac50       0x64 CMakeFiles/STM32H723ZGT6_HAL_CMake.elf.dir/Middlewares/Third_Party/FreeRTOS/Source/portable/GCC/ARM_CM4F/port.c.obj
                0x0800ac50                PendSV_Handler
 .text.xPortSysTickHandler
                0x0800acb4       0x2c CMakeFiles/STM32H723ZGT6_HAL_CMake.elf.dir/Middlewares/Third_Party/FreeRTOS/Source/portable/GCC/ARM_CM4F/port.c.obj
                0x0800acb4                xPortSysTickHandler
 .text.vPortSetupTimerInterrupt
                0x0800ace0       0x28 CMakeFiles/STM32H723ZGT6_HAL_CMake.elf.dir/Middlewares/Third_Party/FreeRTOS/Source/portable/GCC/ARM_CM4F/port.c.obj
                0x0800ace0                vPortSetupTimerInterrupt
 .text.xPortStartScheduler
                0x0800ad08      0x118 CMakeFiles/STM32H723ZGT6_HAL_CMake.elf.dir/Middlewares/Third_Party/FreeRTOS/Source/portable/GCC/ARM_CM4F/port.c.obj
                0x0800ad08                xPortStartScheduler
 .text.vPortValidateInterruptPriority
                0x0800ae20       0x5c CMakeFiles/STM32H723ZGT6_HAL_CMake.elf.dir/Middlewares/Third_Party/FreeRTOS/Source/portable/GCC/ARM_CM4F/port.c.obj
                0x0800ae20                vPortValidateInterruptPriority
 .text.prvHeapInit
                0x0800ae7c       0x64 CMakeFiles/STM32H723ZGT6_HAL_CMake.elf.dir/Middlewares/Third_Party/FreeRTOS/Source/portable/MemMang/heap_4.c.obj
 .text.prvInsertBlockIntoFreeList
                0x0800aee0       0x64 CMakeFiles/STM32H723ZGT6_HAL_CMake.elf.dir/Middlewares/Third_Party/FreeRTOS/Source/portable/MemMang/heap_4.c.obj
 .text.pvPortMalloc
                0x0800af44      0x104 CMakeFiles/STM32H723ZGT6_HAL_CMake.elf.dir/Middlewares/Third_Party/FreeRTOS/Source/portable/MemMang/heap_4.c.obj
                0x0800af44                pvPortMalloc
 .text.vPortFree
                0x0800b048       0x7c CMakeFiles/STM32H723ZGT6_HAL_CMake.elf.dir/Middlewares/Third_Party/FreeRTOS/Source/portable/MemMang/heap_4.c.obj
                0x0800b048                vPortFree
 .text.prvIsQueueFull
                0x0800b0c4       0x1e CMakeFiles/STM32H723ZGT6_HAL_CMake.elf.dir/Middlewares/Third_Party/FreeRTOS/Source/queue.c.obj
 .text.prvIsQueueEmpty
                0x0800b0e2       0x1a CMakeFiles/STM32H723ZGT6_HAL_CMake.elf.dir/Middlewares/Third_Party/FreeRTOS/Source/queue.c.obj
 .text.prvCopyDataToQueue
                0x0800b0fc       0x76 CMakeFiles/STM32H723ZGT6_HAL_CMake.elf.dir/Middlewares/Third_Party/FreeRTOS/Source/queue.c.obj
 .text.prvCopyDataFromQueue
                0x0800b172       0x24 CMakeFiles/STM32H723ZGT6_HAL_CMake.elf.dir/Middlewares/Third_Party/FreeRTOS/Source/queue.c.obj
 .text.prvUnlockQueue
                0x0800b196       0x6e CMakeFiles/STM32H723ZGT6_HAL_CMake.elf.dir/Middlewares/Third_Party/FreeRTOS/Source/queue.c.obj
 .text.xQueueGenericReset
                0x0800b204       0x84 CMakeFiles/STM32H723ZGT6_HAL_CMake.elf.dir/Middlewares/Third_Party/FreeRTOS/Source/queue.c.obj
                0x0800b204                xQueueGenericReset
 .text.prvInitialiseNewQueue
                0x0800b288       0x22 CMakeFiles/STM32H723ZGT6_HAL_CMake.elf.dir/Middlewares/Third_Party/FreeRTOS/Source/queue.c.obj
 .text.xQueueGenericCreateStatic
                0x0800b2aa       0xa6 CMakeFiles/STM32H723ZGT6_HAL_CMake.elf.dir/Middlewares/Third_Party/FreeRTOS/Source/queue.c.obj
                0x0800b2aa                xQueueGenericCreateStatic
 .text.xQueueGenericCreate
                0x0800b350       0x48 CMakeFiles/STM32H723ZGT6_HAL_CMake.elf.dir/Middlewares/Third_Party/FreeRTOS/Source/queue.c.obj
                0x0800b350                xQueueGenericCreate
 .text.xQueueGenericSend
                0x0800b398      0x188 CMakeFiles/STM32H723ZGT6_HAL_CMake.elf.dir/Middlewares/Third_Party/FreeRTOS/Source/queue.c.obj
                0x0800b398                xQueueGenericSend
 .text.xQueueGenericSendFromISR
                0x0800b520       0xce CMakeFiles/STM32H723ZGT6_HAL_CMake.elf.dir/Middlewares/Third_Party/FreeRTOS/Source/queue.c.obj
                0x0800b520                xQueueGenericSendFromISR
 .text.xQueueReceive
                0x0800b5ee      0x15e CMakeFiles/STM32H723ZGT6_HAL_CMake.elf.dir/Middlewares/Third_Party/FreeRTOS/Source/queue.c.obj
                0x0800b5ee                xQueueReceive
 .text.xQueueReceiveFromISR
                0x0800b74c       0xae CMakeFiles/STM32H723ZGT6_HAL_CMake.elf.dir/Middlewares/Third_Party/FreeRTOS/Source/queue.c.obj
                0x0800b74c                xQueueReceiveFromISR
 *fill*         0x0800b7fa        0x2 
 .text.vQueueAddToRegistry
                0x0800b7fc       0x28 CMakeFiles/STM32H723ZGT6_HAL_CMake.elf.dir/Middlewares/Third_Party/FreeRTOS/Source/queue.c.obj
                0x0800b7fc                vQueueAddToRegistry
 .text.vQueueWaitForMessageRestricted
                0x0800b824       0x52 CMakeFiles/STM32H723ZGT6_HAL_CMake.elf.dir/Middlewares/Third_Party/FreeRTOS/Source/queue.c.obj
                0x0800b824                vQueueWaitForMessageRestricted
 *fill*         0x0800b876        0x2 
 .text.prvResetNextTaskUnblockTime
                0x0800b878       0x2c CMakeFiles/STM32H723ZGT6_HAL_CMake.elf.dir/Middlewares/Third_Party/FreeRTOS/Source/tasks.c.obj
 .text.prvInitialiseNewTask
                0x0800b8a4       0xc4 CMakeFiles/STM32H723ZGT6_HAL_CMake.elf.dir/Middlewares/Third_Party/FreeRTOS/Source/tasks.c.obj
 .text.prvInitialiseTaskLists
                0x0800b968       0x68 CMakeFiles/STM32H723ZGT6_HAL_CMake.elf.dir/Middlewares/Third_Party/FreeRTOS/Source/tasks.c.obj
 .text.prvAddNewTaskToReadyList
                0x0800b9d0       0xac CMakeFiles/STM32H723ZGT6_HAL_CMake.elf.dir/Middlewares/Third_Party/FreeRTOS/Source/tasks.c.obj
 .text.prvDeleteTCB
                0x0800ba7c       0x40 CMakeFiles/STM32H723ZGT6_HAL_CMake.elf.dir/Middlewares/Third_Party/FreeRTOS/Source/tasks.c.obj
 .text.prvCheckTasksWaitingTermination
                0x0800babc       0x4c CMakeFiles/STM32H723ZGT6_HAL_CMake.elf.dir/Middlewares/Third_Party/FreeRTOS/Source/tasks.c.obj
 .text.prvIdleTask
                0x0800bb08       0x28 CMakeFiles/STM32H723ZGT6_HAL_CMake.elf.dir/Middlewares/Third_Party/FreeRTOS/Source/tasks.c.obj
 .text.prvAddCurrentTaskToDelayedList
                0x0800bb30       0x84 CMakeFiles/STM32H723ZGT6_HAL_CMake.elf.dir/Middlewares/Third_Party/FreeRTOS/Source/tasks.c.obj
 .text.xTaskCreateStatic
                0x0800bbb4       0x76 CMakeFiles/STM32H723ZGT6_HAL_CMake.elf.dir/Middlewares/Third_Party/FreeRTOS/Source/tasks.c.obj
                0x0800bbb4                xTaskCreateStatic
 .text.xTaskCreate
                0x0800bc2a       0x64 CMakeFiles/STM32H723ZGT6_HAL_CMake.elf.dir/Middlewares/Third_Party/FreeRTOS/Source/tasks.c.obj
                0x0800bc2a                xTaskCreate
 *fill*         0x0800bc8e        0x2 
 .text.vTaskStartScheduler
                0x0800bc90       0xac CMakeFiles/STM32H723ZGT6_HAL_CMake.elf.dir/Middlewares/Third_Party/FreeRTOS/Source/tasks.c.obj
                0x0800bc90                vTaskStartScheduler
 .text.vTaskSuspendAll
                0x0800bd3c       0x10 CMakeFiles/STM32H723ZGT6_HAL_CMake.elf.dir/Middlewares/Third_Party/FreeRTOS/Source/tasks.c.obj
                0x0800bd3c                vTaskSuspendAll
 .text.xTaskGetTickCount
                0x0800bd4c        0xc CMakeFiles/STM32H723ZGT6_HAL_CMake.elf.dir/Middlewares/Third_Party/FreeRTOS/Source/tasks.c.obj
                0x0800bd4c                xTaskGetTickCount
 .text.xTaskGetTickCountFromISR
                0x0800bd58       0x10 CMakeFiles/STM32H723ZGT6_HAL_CMake.elf.dir/Middlewares/Third_Party/FreeRTOS/Source/tasks.c.obj
                0x0800bd58                xTaskGetTickCountFromISR
 .text.xTaskIncrementTick
                0x0800bd68      0x118 CMakeFiles/STM32H723ZGT6_HAL_CMake.elf.dir/Middlewares/Third_Party/FreeRTOS/Source/tasks.c.obj
                0x0800bd68                xTaskIncrementTick
 .text.xTaskResumeAll
                0x0800be80       0xf8 CMakeFiles/STM32H723ZGT6_HAL_CMake.elf.dir/Middlewares/Third_Party/FreeRTOS/Source/tasks.c.obj
                0x0800be80                xTaskResumeAll
 .text.vTaskDelay
                0x0800bf78       0x4c CMakeFiles/STM32H723ZGT6_HAL_CMake.elf.dir/Middlewares/Third_Party/FreeRTOS/Source/tasks.c.obj
                0x0800bf78                vTaskDelay
 .text.vTaskSwitchContext
                0x0800bfc4       0xa4 CMakeFiles/STM32H723ZGT6_HAL_CMake.elf.dir/Middlewares/Third_Party/FreeRTOS/Source/tasks.c.obj
                0x0800bfc4                vTaskSwitchContext
 .text.vTaskPlaceOnEventList
                0x0800c068       0x30 CMakeFiles/STM32H723ZGT6_HAL_CMake.elf.dir/Middlewares/Third_Party/FreeRTOS/Source/tasks.c.obj
                0x0800c068                vTaskPlaceOnEventList
 .text.vTaskPlaceOnEventListRestricted
                0x0800c098       0x38 CMakeFiles/STM32H723ZGT6_HAL_CMake.elf.dir/Middlewares/Third_Party/FreeRTOS/Source/tasks.c.obj
                0x0800c098                vTaskPlaceOnEventListRestricted
 .text.xTaskRemoveFromEventList
                0x0800c0d0       0x8c CMakeFiles/STM32H723ZGT6_HAL_CMake.elf.dir/Middlewares/Third_Party/FreeRTOS/Source/tasks.c.obj
                0x0800c0d0                xTaskRemoveFromEventList
 .text.vTaskInternalSetTimeOutState
                0x0800c15c       0x18 CMakeFiles/STM32H723ZGT6_HAL_CMake.elf.dir/Middlewares/Third_Party/FreeRTOS/Source/tasks.c.obj
                0x0800c15c                vTaskInternalSetTimeOutState
 .text.xTaskCheckForTimeOut
                0x0800c174       0x88 CMakeFiles/STM32H723ZGT6_HAL_CMake.elf.dir/Middlewares/Third_Party/FreeRTOS/Source/tasks.c.obj
                0x0800c174                xTaskCheckForTimeOut
 .text.vTaskMissedYield
                0x0800c1fc        0xc CMakeFiles/STM32H723ZGT6_HAL_CMake.elf.dir/Middlewares/Third_Party/FreeRTOS/Source/tasks.c.obj
                0x0800c1fc                vTaskMissedYield
 .text.xTaskGetSchedulerState
                0x0800c208       0x20 CMakeFiles/STM32H723ZGT6_HAL_CMake.elf.dir/Middlewares/Third_Party/FreeRTOS/Source/tasks.c.obj
                0x0800c208                xTaskGetSchedulerState
 .text.xTaskPriorityDisinherit
                0x0800c228       0x90 CMakeFiles/STM32H723ZGT6_HAL_CMake.elf.dir/Middlewares/Third_Party/FreeRTOS/Source/tasks.c.obj
                0x0800c228                xTaskPriorityDisinherit
 .text.prvGetNextExpireTime
                0x0800c2b8       0x20 CMakeFiles/STM32H723ZGT6_HAL_CMake.elf.dir/Middlewares/Third_Party/FreeRTOS/Source/timers.c.obj
 .text.prvInsertTimerInActiveList
                0x0800c2d8       0x50 CMakeFiles/STM32H723ZGT6_HAL_CMake.elf.dir/Middlewares/Third_Party/FreeRTOS/Source/timers.c.obj
 .text.prvCheckForValidListAndQueue
                0x0800c328       0x70 CMakeFiles/STM32H723ZGT6_HAL_CMake.elf.dir/Middlewares/Third_Party/FreeRTOS/Source/timers.c.obj
 .text.xTimerCreateTimerTask
                0x0800c398       0x64 CMakeFiles/STM32H723ZGT6_HAL_CMake.elf.dir/Middlewares/Third_Party/FreeRTOS/Source/timers.c.obj
                0x0800c398                xTimerCreateTimerTask
 .text.xTimerGenericCommand
                0x0800c3fc       0x6c CMakeFiles/STM32H723ZGT6_HAL_CMake.elf.dir/Middlewares/Third_Party/FreeRTOS/Source/timers.c.obj
                0x0800c3fc                xTimerGenericCommand
 .text.prvSwitchTimerLists
                0x0800c468       0x7c CMakeFiles/STM32H723ZGT6_HAL_CMake.elf.dir/Middlewares/Third_Party/FreeRTOS/Source/timers.c.obj
 .text.prvSampleTimeNow
                0x0800c4e4       0x2c CMakeFiles/STM32H723ZGT6_HAL_CMake.elf.dir/Middlewares/Third_Party/FreeRTOS/Source/timers.c.obj
 .text.prvProcessExpiredTimer